Archive member included because of file (symbol)

C:\Program Files (x86)\VEX Robotics\VEXcode Pro V5\sdk/vexv5\libv5rt.a(v5_startup.c.obj)
                              (vexStartup)
C:\Program Files (x86)\VEX Robotics\VEXcode Pro V5\sdk/vexv5\libv5rt.a(v5_util.c.obj)
                              C:\Program Files (x86)\VEX Robotics\VEXcode Pro V5\sdk/vexv5\libv5rt.a(v5_startup.c.obj) (vexStdlibVersionLinked)
C:\Program Files (x86)\VEX Robotics\VEXcode Pro V5\sdk/vexv5\libv5rt.a(v5_apijump.c.obj)
                              C:\Program Files (x86)\VEX Robotics\VEXcode Pro V5\sdk/vexv5\libv5rt.a(v5_startup.c.obj) (vexPrivateApiEnable)
C:\Program Files (x86)\VEX Robotics\VEXcode Pro V5\sdk/vexv5\libv5rt.a(v5_apiversions.c.obj)
                              C:\Program Files (x86)\VEX Robotics\VEXcode Pro V5\sdk/vexv5\libv5rt.a(v5_apijump.c.obj) (vexSystemVersion)
C:\Program Files (x86)\VEX Robotics\VEXcode Pro V5\sdk/vexv5\libv5rt.a(vex_global.cpp.obj)
                              build/src/main.o (vex::wait(double, vex::timeUnits))
C:\Program Files (x86)\VEX Robotics\VEXcode Pro V5\sdk/vexv5\libv5rt.a(vex_motor.cpp.obj)
                              build/src/robot-config.o (vex::motor::~motor())
C:\Program Files (x86)\VEX Robotics\VEXcode Pro V5\sdk/vexv5\libv5rt.a(vex_imu.cpp.obj)
                              build/src/chasis.o (vex::inertial::setRotation(double, vex::rotationUnits))
C:\Program Files (x86)\VEX Robotics\VEXcode Pro V5\sdk/vexv5\libv5rt.a(vex_rotation.cpp.obj)
                              build/src/robot-config.o (vex::rotation::~rotation())
C:\Program Files (x86)\VEX Robotics\VEXcode Pro V5\sdk/vexv5\libv5rt.a(vex_optical.cpp.obj)
                              build/src/robot-config.o (vex::optical::~optical())
C:\Program Files (x86)\VEX Robotics\VEXcode Pro V5\sdk/vexv5\libv5rt.a(vex_controller.cpp.obj)
                              build/src/robot-config.o (vex::controller::~controller())
C:\Program Files (x86)\VEX Robotics\VEXcode Pro V5\sdk/vexv5\libv5rt.a(vex_task.cpp.obj)
                              build/src/main.o (vex::task::task())
C:\Program Files (x86)\VEX Robotics\VEXcode Pro V5\sdk/vexv5\libv5rt.a(vex_thread.cpp.obj)
                              build/src/chasis.o (vex::thread::thread(int (*)()))
C:\Program Files (x86)\VEX Robotics\VEXcode Pro V5\sdk/vexv5\libv5rt.a(vex_event.cpp.obj)
                              C:\Program Files (x86)\VEX Robotics\VEXcode Pro V5\sdk/vexv5\libv5rt.a(vex_imu.cpp.obj) (vex::event::init(unsigned long, unsigned long, void (*)()))
C:\Program Files (x86)\VEX Robotics\VEXcode Pro V5\sdk/vexv5\libv5rt.a(vex_mevent.cpp.obj)
                              C:\Program Files (x86)\VEX Robotics\VEXcode Pro V5\sdk/vexv5\libv5rt.a(vex_controller.cpp.obj) (vex::mevent::mevent(unsigned long, unsigned long))
C:\Program Files (x86)\VEX Robotics\VEXcode Pro V5\sdk/vexv5\libv5rt.a(vex_brain.cpp.obj)
                              build/src/odom-chassis.o (vex::brain::timer(vex::timeUnits))
C:\Program Files (x86)\VEX Robotics\VEXcode Pro V5\sdk/vexv5\libv5rt.a(vex_competition.cpp.obj)
                              build/src/main.o (vex::competition::competition())
C:\Program Files (x86)\VEX Robotics\VEXcode Pro V5\sdk/vexv5\libv5rt.a(vex_triport.cpp.obj)
                              C:\Program Files (x86)\VEX Robotics\VEXcode Pro V5\sdk/vexv5\libv5rt.a(vex_brain.cpp.obj) (vex::triport::~triport())
C:\Program Files (x86)\VEX Robotics\VEXcode Pro V5\sdk/vexv5\libv5rt.a(vex_color.cpp.obj)
                              build/src/control.o (vex::color::~color())
C:\Program Files (x86)\VEX Robotics\VEXcode Pro V5\sdk/vexv5\libv5rt.a(vex_timer.cpp.obj)
                              C:\Program Files (x86)\VEX Robotics\VEXcode Pro V5\sdk/vexv5\libv5rt.a(vex_brain.cpp.obj) (vex::timer::~timer())
C:\Program Files (x86)\VEX Robotics\VEXcode Pro V5\sdk/vexv5\libv5rt.a(v5_apiuser.c.obj)
                              C:\Program Files (x86)\VEX Robotics\VEXcode Pro V5\sdk/vexv5\libv5rt.a(vex_triport.cpp.obj) (vexAdiPortConfigSet)
C:\Program Files (x86)\VEX Robotics\VEXcode Pro V5\sdk/vexv5\libv5rt.a(vex_device.cpp.obj)
                              C:\Program Files (x86)\VEX Robotics\VEXcode Pro V5\sdk/vexv5\libv5rt.a(vex_motor.cpp.obj) (vex::device::~device())
C:\Program Files (x86)\VEX Robotics\VEXcode Pro V5\sdk/vexv5/gcc/libs\libc.a(lib_a-clock.o)
                              build/src/util.o (clock)
C:\Program Files (x86)\VEX Robotics\VEXcode Pro V5\sdk/vexv5/gcc/libs\libc.a(lib_a-fini.o)
                              C:\Program Files (x86)\VEX Robotics\VEXcode Pro V5\sdk/vexv5\libv5rt.a(v5_startup.c.obj) (__libc_fini_array)
C:\Program Files (x86)\VEX Robotics\VEXcode Pro V5\sdk/vexv5/gcc/libs\libc.a(lib_a-impure.o)
                              C:\Program Files (x86)\VEX Robotics\VEXcode Pro V5\sdk/vexv5\libv5rt.a(v5_startup.c.obj) (_impure_ptr)
C:\Program Files (x86)\VEX Robotics\VEXcode Pro V5\sdk/vexv5/gcc/libs\libc.a(lib_a-init.o)
[...]
Memory Configuration

Name             Origin             Length             Attributes
ps7_ddr_0_S_AXI_BASEADDR 0x03800000         0x04800000
*default*        0x00000000         0xffffffff

Linker script and memory map

                0x00002000                _STACK_SIZE = DEFINED (_STACK_SIZE)?_STACK_SIZE:0x2000
                0x00100000                _HEAP_SIZE = DEFINED (_HEAP_SIZE)?_HEAP_SIZE:0x100000
                0x00000400                _ABORT_STACK_SIZE = DEFINED (_ABORT_STACK_SIZE)?_ABORT_STACK_SIZE:0x400
                0x00000800                _SUPERVISOR_STACK_SIZE = DEFINED (_SUPERVISOR_STACK_SIZE)?_SUPERVISOR_STACK_SIZE:0x800
                0x00000400                _IRQ_STACK_SIZE = DEFINED (_IRQ_STACK_SIZE)?_IRQ_STACK_SIZE:0x400
                0x00000400                _FIQ_STACK_SIZE = DEFINED (_FIQ_STACK_SIZE)?_FIQ_STACK_SIZE:0x400
                0x00000400                _UNDEF_STACK_SIZE = DEFINED (_UNDEF_STACK_SIZE)?_UNDEF_STACK_SIZE:0x400

.text           0x03800000     0x7940
 *(.vectors)
 *(.boot_data)
 .boot_data     0x03800000       0x20 C:\Program Files (x86)\VEX Robotics\VEXcode Pro V5\sdk/vexv5\libv5rt.a(v5_startup.c.obj)
                0x03800000                vexCodeSig
                0x00000020                . = 0x20
 *(.boot)
 .boot          0x03800020       0xbc C:\Program Files (x86)\VEX Robotics\VEXcode Pro V5\sdk/vexv5\libv5rt.a(v5_startup.c.obj)
                0x03800020                vexStartup
                0x03800100                . = ALIGN (0x40)
 *fill*         0x038000dc       0x24 
 *(.freertos_vectors)
 *(.text)
 *(.text.*)
 .text._Z4spinPN3vex5motorEdNS_9brakeTypeE
                0x03800100       0x78 build/src/util.o
                0x03800100                spin(vex::motor*, double, vex::brakeType)
 .text._Z2aedd  0x03800178       0x30 build/src/util.o
                0x03800178                ae(double, double)
 .text._Z9is_skillsv
                0x038001a8       0x20 build/src/util.o
                0x038001a8                is_skills()
 .text._Z5clampddd
                0x038001c8       0x30 build/src/util.o
                0x038001c8                clamp(double, double, double)
 .text._Z10ithresholddd
                0x038001f8       0x4c build/src/util.o
                0x038001f8                ithreshold(double, double)
 .text._Z2sqd   0x03800244       0x10 build/src/util.o
                0x03800244                sq(double)
 *fill*         0x03800254        0x4 
 .text._Z5autonv
                0x03800258     0x1200 build/src/main.o
                0x03800258                auton()
 .text._Z11usercontrolv
                0x03801458      0x5f4 build/src/main.o
                0x03801458                usercontrol()
 *fill*         0x03801a4c        0x4 
 .text.main     0x03801a50      0x2d0 build/src/main.o
                0x03801a50                main
 .text._GLOBAL__sub_I_main.cpp
                0x03801d20       0x5c build/src/main.o
 .text._ZN8Kalman1DC2Edddd
                0x03801d7c       0x24 build/src/kalman.o
                0x03801d7c                Kalman1D::Kalman1D(double, double, double, double)
                0x03801d7c                Kalman1D::Kalman1D(double, double, double, double)
 .text._ZN8Kalman1D6updateEd
                0x03801da0       0x34 build/src/kalman.o
                0x03801da0                Kalman1D::update(double)
 .text._Z12disableBreakv
                0x03801dd4       0x80 build/src/odom-chassis.o
                0x03801dd4                disableBreak()
 .text._GLOBAL__sub_I_odom_chassis.cpp
                0x03801e54       0x34 build/src/odom-chassis.o
 .text._Z6setPosdd
                0x03801e88       0x28 build/src/odometry.o
                0x03801e88                setPos(double, double)
 .text._Z16positionTrackingv
                0x03801eb0      0x338 build/src/odometry.o
                0x03801eb0                positionTracking()
 .text._Z10initializev
                0x038021e8       0x28 build/src/chasis.o
                0x038021e8                initialize()
 .text._Z12get_rotationv
                0x03802210       0x64 build/src/chasis.o
                0x03802210                get_rotation()
 .text._Z15brake_uncheckedv
                0x03802274       0x6c build/src/chasis.o
                0x03802274                brake_unchecked()
 .text._Z7getDistv
                0x038022e0       0xf8 build/src/chasis.o
                0x038022e0                getDist()
 .text._Z22turn_absolute_inertialdb
                0x038023d8      0x3e8 build/src/chasis.o
                0x038023d8                turn_absolute_inertial(double, bool)
 .text._Z7moveRotff
                0x038027c0      0x110 build/src/chasis.o
                0x038027c0                moveRot(float, float)
 .text._Z7turnRotff
                0x038028d0      0x11c build/src/chasis.o
                0x038028d0                turnRot(float, float)
 *fill*         0x038029ec        0x4 
 .text._Z14inertial_drivedd
                0x038029f0      0x360 build/src/chasis.o
                0x038029f0                inertial_drive(double, double)
 .text._Z14allBaseVoltagebd
                0x03802d50       0xf0 build/src/chasis.o
                0x03802d50                allBaseVoltage(bool, double)
 .text._Z8swingingddd
                0x03802e40      0x120 build/src/chasis.o
                0x03802e40                swinging(double, double, double)
 .text._ZZ10initializevEN3$_08__invokeEv
                0x03802f60        0xc build/src/chasis.o
 .text._ZZ10initializevENK3$_0clEv
                0x03802f6c       0xa0 build/src/chasis.o
 .text._GLOBAL__sub_I_chasis.cpp
                0x0380300c       0x70 build/src/chasis.o
 .text._Z11vexcodeInitv
                0x0380307c        0x4 build/src/robot-config.o
                0x0380307c                vexcodeInit()
 .text._GLOBAL__sub_I_robot_config.cpp
                0x03803080      0x4ec build/src/robot-config.o
 *fill*         0x0380356c        0x4 
 .text._Z10spinIntakev
                0x03803570       0x50 build/src/control.o
                0x03803570                spinIntake()
 .text._Z10longVolleyf
                0x038035c0      0x240 build/src/control.o
                0x038035c0                longVolley(float)
 .text._Z10stopIntakev
                0x03803800       0x18 build/src/control.o
                0x03803800                stopIntake()
 .text._Z8timeCtrlSsff
                0x03803818      0x260 build/src/control.o
                0x03803818                timeCtrl(std::string, float, float)
 .text._Z9spinIndexv
                0x03803a78       0x50 build/src/control.o
                0x03803a78                spinIndex()
 .text._Z10AutoRollerSsi
                0x03803ac8      0x2d8 build/src/control.o
                0x03803ac8                AutoRoller(std::string, int)
 .text._Z13FwVelocitySetif
                0x03803da0       0x6c build/src/control.o
                0x03803da0                FwVelocitySet(int, float)
 .text._Z14setFlywheelVeli
                0x03803e0c       0x38 build/src/control.o
                0x03803e0c                setFlywheelVel(int)
 .text._Z6volleyifi
                0x03803e44      0x1f8 build/src/control.o
                0x03803e44                volley(int, float, int)
 *fill*         0x0380403c        0x4 
 .text._Z15flywheelControlv
                0x03804040      0x318 build/src/control.o
                0x03804040                flywheelControl()
 .text.__cxx_global_array_dtor
                0x03804358       0x34 build/src/buttonSelector.o
 *fill*         0x0380438c        0x4 
 .text._GLOBAL__sub_I_buttonSelector.cpp
                0x03804390      0x290 build/src/buttonSelector.o
 .text.vexMain  0x03804620       0xb0 C:\Program Files (x86)\VEX Robotics\VEXcode Pro V5\sdk/vexv5\libv5rt.a(v5_startup.c.obj)
                0x03804620                vexMain
 .text.__vex_function_prolog
                0x038046d0       0x18 C:\Program Files (x86)\VEX Robotics\VEXcode Pro V5\sdk/vexv5\libv5rt.a(v5_startup.c.obj)
                0x038046d0                __vex_function_prolog
 .text._init    0x038046e8        0x4 C:\Program Files (x86)\VEX Robotics\VEXcode Pro V5\sdk/vexv5\libv5rt.a(v5_startup.c.obj)
                0x038046e8                _init
 .text._fini    0x038046ec        0x4 C:\Program Files (x86)\VEX Robotics\VEXcode Pro V5\sdk/vexv5\libv5rt.a(v5_startup.c.obj)
                0x038046ec                _fini
 .text.vexStdlibVersionLinked
                0x038046f0        0xc C:\Program Files (x86)\VEX Robotics\VEXcode Pro V5\sdk/vexv5\libv5rt.a(v5_util.c.obj)
                0x038046f0                vexStdlibVersionLinked
 .text.vexStdlibVersionVerify
                0x038046fc       0x30 C:\Program Files (x86)\VEX Robotics\VEXcode Pro V5\sdk/vexv5\libv5rt.a(v5_util.c.obj)
                0x038046fc                vexStdlibVersionVerify
 .text.vexPrivateApiEnable
                0x0380472c       0x10 C:\Program Files (x86)\VEX Robotics\VEXcode Pro V5\sdk/vexv5\libv5rt.a(v5_apijump.c.obj)
                0x0380472c                vexPrivateApiEnable
 .text.vexStdlibMismatchError
                0x0380473c       0x3c C:\Program Files (x86)\VEX Robotics\VEXcode Pro V5\sdk/vexv5\libv5rt.a(v5_apijump.c.obj)
                0x0380473c                vexStdlibMismatchError
 .text.vexTaskAdd
                0x03804778       0x10 C:\Program Files (x86)\VEX Robotics\VEXcode Pro V5\sdk/vexv5\libv5rt.a(v5_apijump.c.obj)
                0x03804778                vexTaskAdd
 .text.vexTasksRun
                0x03804788       0x10 C:\Program Files (x86)\VEX Robotics\VEXcode Pro V5\sdk/vexv5\libv5rt.a(v5_apijump.c.obj)
                0x03804788                vexTasksRun
 .text.vexTaskYield
                0x03804798       0x10 C:\Program Files (x86)\VEX Robotics\VEXcode Pro V5\sdk/vexv5\libv5rt.a(v5_apijump.c.obj)
                0x03804798                vexTaskYield
 .text.vexTaskCheckTimeslice
                0x038047a8       0x10 C:\Program Files (x86)\VEX Robotics\VEXcode Pro V5\sdk/vexv5\libv5rt.a(v5_apijump.c.obj)
                0x038047a8                vexTaskCheckTimeslice
 .text.vexTaskGetIndex
                0x038047b8       0x10 C:\Program Files (x86)\VEX Robotics\VEXcode Pro V5\sdk/vexv5\libv5rt.a(v5_apijump.c.obj)
                0x038047b8                vexTaskGetIndex
 .text.vexTaskSleep
                0x038047c8       0x10 C:\Program Files (x86)\VEX Robotics\VEXcode Pro V5\sdk/vexv5\libv5rt.a(v5_apijump.c.obj)
                0x038047c8                vexTaskSleep
 .text.vexSemaphoreInit
                0x038047d8       0x24 C:\Program Files (x86)\VEX Robotics\VEXcode Pro V5\sdk/vexv5\libv5rt.a(v5_apijump.c.obj)
                0x038047d8                vexSemaphoreInit
 .text.vexSemaphoreLock
                0x038047fc       0x2c C:\Program Files (x86)\VEX Robotics\VEXcode Pro V5\sdk/vexv5\libv5rt.a(v5_apijump.c.obj)
                0x038047fc                vexSemaphoreLock
 .text.vexSemaphoreUnlock
                0x03804828       0x24 C:\Program Files (x86)\VEX Robotics\VEXcode Pro V5\sdk/vexv5\libv5rt.a(v5_apijump.c.obj)
                0x03804828                vexSemaphoreUnlock
 .text.vexTasksDump
                0x0380484c       0x1c C:\Program Files (x86)\VEX Robotics\VEXcode Pro V5\sdk/vexv5\libv5rt.a(v5_apijump.c.obj)
                0x0380484c                vexTasksDump
 .text.vexTaskGetTaskIndex
                0x03804868       0x10 C:\Program Files (x86)\VEX Robotics\VEXcode Pro V5\sdk/vexv5\libv5rt.a(v5_apijump.c.obj)
                0x03804868                vexTaskGetTaskIndex
 .text.vexTaskStopAll
                0x03804878       0x10 C:\Program Files (x86)\VEX Robotics\VEXcode Pro V5\sdk/vexv5\libv5rt.a(v5_apijump.c.obj)
                0x03804878                vexTaskStopAll
 .text.vexTaskRemoveAllUser
                0x03804888       0x34 C:\Program Files (x86)\VEX Robotics\VEXcode Pro V5\sdk/vexv5\libv5rt.a(v5_apijump.c.obj)
                0x03804888                vexTaskRemoveAllUser
 .text.vexTaskCompletionIdSet
                0x038048bc       0x10 C:\Program Files (x86)\VEX Robotics\VEXcode Pro V5\sdk/vexv5\libv5rt.a(v5_apijump.c.obj)
                0x038048bc                vexTaskCompletionIdSet
 .text.vexTaskStopWithId
                0x038048cc       0x10 C:\Program Files (x86)\VEX Robotics\VEXcode Pro V5\sdk/vexv5\libv5rt.a(v5_apijump.c.obj)
                0x038048cc                vexTaskStopWithId
 .text.vexTaskGetCallbackAndId
                0x038048dc       0x54 C:\Program Files (x86)\VEX Robotics\VEXcode Pro V5\sdk/vexv5\libv5rt.a(v5_apijump.c.obj)
                0x038048dc                vexTaskGetCallbackAndId
 .text.vexCriticalSection
                0x03804930       0x2c C:\Program Files (x86)\VEX Robotics\VEXcode Pro V5\sdk/vexv5\libv5rt.a(v5_apijump.c.obj)
                0x03804930                vexCriticalSection
 .text.vexEventAdd
                0x0380495c       0x34 C:\Program Files (x86)\VEX Robotics\VEXcode Pro V5\sdk/vexv5\libv5rt.a(v5_apijump.c.obj)
                0x0380495c                vexEventAdd
 .text.vexEventUserIndexGet
                0x03804990       0x1c C:\Program Files (x86)\VEX Robotics\VEXcode Pro V5\sdk/vexv5\libv5rt.a(v5_apijump.c.obj)
                0x03804990                vexEventUserIndexGet
 .text.vexEventAddWithArg
                0x038049ac       0x3c C:\Program Files (x86)\VEX Robotics\VEXcode Pro V5\sdk/vexv5\libv5rt.a(v5_apijump.c.obj)
                0x038049ac                vexEventAddWithArg
 .text.vexEventsCleanup
                0x038049e8       0x2c C:\Program Files (x86)\VEX Robotics\VEXcode Pro V5\sdk/vexv5\libv5rt.a(v5_apijump.c.obj)
                0x038049e8                vexEventsCleanup
 .text.vexDebug
                0x03804a14       0x38 C:\Program Files (x86)\VEX Robotics\VEXcode Pro V5\sdk/vexv5\libv5rt.a(v5_apijump.c.obj)
                0x03804a14                vexDebug
 .text.vex_sprintf
                0x03804a4c       0x40 C:\Program Files (x86)\VEX Robotics\VEXcode Pro V5\sdk/vexv5\libv5rt.a(v5_apijump.c.obj)
                0x03804a4c                vex_sprintf
 .text.vex_vsnprintf
                0x03804a8c       0x3c C:\Program Files (x86)\VEX Robotics\VEXcode Pro V5\sdk/vexv5\libv5rt.a(v5_apijump.c.obj)
                0x03804a8c                vex_vsnprintf
 .text.vexSystemTimeGet
                0x03804ac8       0x1c C:\Program Files (x86)\VEX Robotics\VEXcode Pro V5\sdk/vexv5\libv5rt.a(v5_apijump.c.obj)
                0x03804ac8                vexSystemTimeGet
 .text.vexSystemExitRequest
                0x03804ae4       0x1c C:\Program Files (x86)\VEX Robotics\VEXcode Pro V5\sdk/vexv5\libv5rt.a(v5_apijump.c.obj)
                0x03804ae4                vexSystemExitRequest
 .text.vexDeviceGetByIndex
                0x03804b00       0x24 C:\Program Files (x86)\VEX Robotics\VEXcode Pro V5\sdk/vexv5\libv5rt.a(v5_apijump.c.obj)
                0x03804b00                vexDeviceGetByIndex
 .text.vexControllerGet
                0x03804b24       0x2c C:\Program Files (x86)\VEX Robotics\VEXcode Pro V5\sdk/vexv5\libv5rt.a(v5_apijump.c.obj)
                0x03804b24                vexControllerGet
 .text.vexControllerTextSet
                0x03804b50       0x74 C:\Program Files (x86)\VEX Robotics\VEXcode Pro V5\sdk/vexv5\libv5rt.a(v5_apijump.c.obj)
                0x03804b50                vexControllerTextSet
 .text.vexDeviceAdiPortConfigSet
                0x03804bc4       0x34 C:\Program Files (x86)\VEX Robotics\VEXcode Pro V5\sdk/vexv5\libv5rt.a(v5_apijump.c.obj)
                0x03804bc4                vexDeviceAdiPortConfigSet
 .text.vexDeviceAdiPortConfigGet
                0x03804bf8       0x2c C:\Program Files (x86)\VEX Robotics\VEXcode Pro V5\sdk/vexv5\libv5rt.a(v5_apijump.c.obj)
                0x03804bf8                vexDeviceAdiPortConfigGet
 .text.vexDeviceAdiValueSet
                0x03804c24       0x34 C:\Program Files (x86)\VEX Robotics\VEXcode Pro V5\sdk/vexv5\libv5rt.a(v5_apijump.c.obj)
                0x03804c24                vexDeviceAdiValueSet
 .text.vexDeviceAdiValueGet
                0x03804c58       0x2c C:\Program Files (x86)\VEX Robotics\VEXcode Pro V5\sdk/vexv5\libv5rt.a(v5_apijump.c.obj)
                0x03804c58                vexDeviceAdiValueGet
 .text.vexDeviceMotorVelocitySet
                0x03804c84       0x2c C:\Program Files (x86)\VEX Robotics\VEXcode Pro V5\sdk/vexv5\libv5rt.a(v5_apijump.c.obj)
                0x03804c84                vexDeviceMotorVelocitySet
 .text.vexDeviceMotorVoltageSet
                0x03804cb0       0x2c C:\Program Files (x86)\VEX Robotics\VEXcode Pro V5\sdk/vexv5\libv5rt.a(v5_apijump.c.obj)
                0x03804cb0                vexDeviceMotorVoltageSet
 .text.vexDeviceMotorVelocityGet
                0x03804cdc       0x24 C:\Program Files (x86)\VEX Robotics\VEXcode Pro V5\sdk/vexv5\libv5rt.a(v5_apijump.c.obj)
                0x03804cdc                vexDeviceMotorVelocityGet
 .text.vexDeviceMotorActualVelocityGet
                0x03804d00       0x24 C:\Program Files (x86)\VEX Robotics\VEXcode Pro V5\sdk/vexv5\libv5rt.a(v5_apijump.c.obj)
                0x03804d00                vexDeviceMotorActualVelocityGet
 .text.vexDeviceMotorModeGet
                0x03804d24       0x24 C:\Program Files (x86)\VEX Robotics\VEXcode Pro V5\sdk/vexv5\libv5rt.a(v5_apijump.c.obj)
                0x03804d24                vexDeviceMotorModeGet
 .text.vexDeviceMotorTemperatureGet
                0x03804d48       0x24 C:\Program Files (x86)\VEX Robotics\VEXcode Pro V5\sdk/vexv5\libv5rt.a(v5_apijump.c.obj)
                0x03804d48                vexDeviceMotorTemperatureGet
 .text.vexDeviceMotorZeroPositionFlagGet
                0x03804d6c       0x24 C:\Program Files (x86)\VEX Robotics\VEXcode Pro V5\sdk/vexv5\libv5rt.a(v5_apijump.c.obj)
                0x03804d6c                vexDeviceMotorZeroPositionFlagGet
 .text.vexDeviceMotorReverseFlagSet
                0x03804d90       0x2c C:\Program Files (x86)\VEX Robotics\VEXcode Pro V5\sdk/vexv5\libv5rt.a(v5_apijump.c.obj)
                0x03804d90                vexDeviceMotorReverseFlagSet
 .text.vexDeviceMotorEncoderUnitsSet
                0x03804dbc       0x2c C:\Program Files (x86)\VEX Robotics\VEXcode Pro V5\sdk/vexv5\libv5rt.a(v5_apijump.c.obj)
                0x03804dbc                vexDeviceMotorEncoderUnitsSet
 .text.vexDeviceMotorBrakeModeSet
                0x03804de8       0x2c C:\Program Files (x86)\VEX Robotics\VEXcode Pro V5\sdk/vexv5\libv5rt.a(v5_apijump.c.obj)
                0x03804de8                vexDeviceMotorBrakeModeSet
 .text.vexDeviceMotorPositionSet
                0x03804e14       0x34 C:\Program Files (x86)\VEX Robotics\VEXcode Pro V5\sdk/vexv5\libv5rt.a(v5_apijump.c.obj)
                0x03804e14                vexDeviceMotorPositionSet
 .text.vexDeviceMotorPositionGet
                0x03804e48       0x24 C:\Program Files (x86)\VEX Robotics\VEXcode Pro V5\sdk/vexv5\libv5rt.a(v5_apijump.c.obj)
                0x03804e48                vexDeviceMotorPositionGet
 .text.vexDeviceMotorRelativeTargetSet
                0x03804e6c       0x3c C:\Program Files (x86)\VEX Robotics\VEXcode Pro V5\sdk/vexv5\libv5rt.a(v5_apijump.c.obj)
                0x03804e6c                vexDeviceMotorRelativeTargetSet
 .text.vexDeviceMotorGearingSet
                0x03804ea8       0x2c C:\Program Files (x86)\VEX Robotics\VEXcode Pro V5\sdk/vexv5\libv5rt.a(v5_apijump.c.obj)
                0x03804ea8                vexDeviceMotorGearingSet
 .text.vexDeviceMotorGearingGet
                0x03804ed4       0x24 C:\Program Files (x86)\VEX Robotics\VEXcode Pro V5\sdk/vexv5\libv5rt.a(v5_apijump.c.obj)
                0x03804ed4                vexDeviceMotorGearingGet
 .text.vexDeviceImuReset
                0x03804ef8       0x24 C:\Program Files (x86)\VEX Robotics\VEXcode Pro V5\sdk/vexv5\libv5rt.a(v5_apijump.c.obj)
                0x03804ef8                vexDeviceImuReset
 .text.vexDeviceImuHeadingGet
                0x03804f1c       0x24 C:\Program Files (x86)\VEX Robotics\VEXcode Pro V5\sdk/vexv5\libv5rt.a(v5_apijump.c.obj)
                0x03804f1c                vexDeviceImuHeadingGet
 .text.vexDeviceImuDegreesGet
                0x03804f40       0x24 C:\Program Files (x86)\VEX Robotics\VEXcode Pro V5\sdk/vexv5\libv5rt.a(v5_apijump.c.obj)
                0x03804f40                vexDeviceImuDegreesGet
 .text.vexDeviceImuStatusGet
                0x03804f64       0x24 C:\Program Files (x86)\VEX Robotics\VEXcode Pro V5\sdk/vexv5\libv5rt.a(v5_apijump.c.obj)
                0x03804f64                vexDeviceImuStatusGet
 .text.vexDeviceAbsEncPositionSet
                0x03804f88       0x2c C:\Program Files (x86)\VEX Robotics\VEXcode Pro V5\sdk/vexv5\libv5rt.a(v5_apijump.c.obj)
                0x03804f88                vexDeviceAbsEncPositionSet
 .text.vexDeviceAbsEncPositionGet
                0x03804fb4       0x24 C:\Program Files (x86)\VEX Robotics\VEXcode Pro V5\sdk/vexv5\libv5rt.a(v5_apijump.c.obj)
                0x03804fb4                vexDeviceAbsEncPositionGet
 .text.vexDeviceAbsEncAngleGet
                0x03804fd8       0x24 C:\Program Files (x86)\VEX Robotics\VEXcode Pro V5\sdk/vexv5\libv5rt.a(v5_apijump.c.obj)
                0x03804fd8                vexDeviceAbsEncAngleGet
 .text.vexDeviceAbsEncReverseFlagSet
                0x03804ffc       0x2c C:\Program Files (x86)\VEX Robotics\VEXcode Pro V5\sdk/vexv5\libv5rt.a(v5_apijump.c.obj)
                0x03804ffc                vexDeviceAbsEncReverseFlagSet
 .text.vexDeviceOpticalHueGet
                0x03805028       0x24 C:\Program Files (x86)\VEX Robotics\VEXcode Pro V5\sdk/vexv5\libv5rt.a(v5_apijump.c.obj)
                0x03805028                vexDeviceOpticalHueGet
 .text.vexDeviceOpticalLedPwmSet
                0x0380504c       0x2c C:\Program Files (x86)\VEX Robotics\VEXcode Pro V5\sdk/vexv5\libv5rt.a(v5_apijump.c.obj)
                0x0380504c                vexDeviceOpticalLedPwmSet
 .text.vexDeviceOpticalGestureEnable
                0x03805078       0x24 C:\Program Files (x86)\VEX Robotics\VEXcode Pro V5\sdk/vexv5\libv5rt.a(v5_apijump.c.obj)
                0x03805078                vexDeviceOpticalGestureEnable
 .text.vexDeviceOpticalGestureDisable
                0x0380509c       0x24 C:\Program Files (x86)\VEX Robotics\VEXcode Pro V5\sdk/vexv5\libv5rt.a(v5_apijump.c.obj)
                0x0380509c                vexDeviceOpticalGestureDisable
 .text.vexDeviceOpticalProximityThreshold
                0x038050c0       0x2c C:\Program Files (x86)\VEX Robotics\VEXcode Pro V5\sdk/vexv5\libv5rt.a(v5_apijump.c.obj)
                0x038050c0                vexDeviceOpticalProximityThreshold
 .text.vexDisplayForegroundColor
                0x038050ec       0x24 C:\Program Files (x86)\VEX Robotics\VEXcode Pro V5\sdk/vexv5\libv5rt.a(v5_apijump.c.obj)
                0x038050ec                vexDisplayForegroundColor
 .text.vexDisplayBackgroundColor
                0x03805110       0x24 C:\Program Files (x86)\VEX Robotics\VEXcode Pro V5\sdk/vexv5\libv5rt.a(v5_apijump.c.obj)
                0x03805110                vexDisplayBackgroundColor
 .text.vexDisplayBackgroundColorGet
                0x03805134       0x1c C:\Program Files (x86)\VEX Robotics\VEXcode Pro V5\sdk/vexv5\libv5rt.a(v5_apijump.c.obj)
                0x03805134                vexDisplayBackgroundColorGet
 .text.vexDisplayRectClear
                0x03805150       0x4c C:\Program Files (x86)\VEX Robotics\VEXcode Pro V5\sdk/vexv5\libv5rt.a(v5_apijump.c.obj)
                0x03805150                vexDisplayRectClear
 .text.vexDisplayVPrintf
                0x0380519c       0x50 C:\Program Files (x86)\VEX Robotics\VEXcode Pro V5\sdk/vexv5\libv5rt.a(v5_apijump.c.obj)
                0x0380519c                vexDisplayVPrintf
 .text.vexDisplayTextReference
                0x038051ec       0x24 C:\Program Files (x86)\VEX Robotics\VEXcode Pro V5\sdk/vexv5\libv5rt.a(v5_apijump.c.obj)
                0x038051ec                vexDisplayTextReference
 .text.vexDisplayTextSize
                0x03805210       0x2c C:\Program Files (x86)\VEX Robotics\VEXcode Pro V5\sdk/vexv5\libv5rt.a(v5_apijump.c.obj)
                0x03805210                vexDisplayTextSize
 .text.vexDisplayFontNamedSet
                0x0380523c       0x24 C:\Program Files (x86)\VEX Robotics\VEXcode Pro V5\sdk/vexv5\libv5rt.a(v5_apijump.c.obj)
                0x0380523c                vexDisplayFontNamedSet
 .text.vexDisplayStringWidthGet
                0x03805260       0x24 C:\Program Files (x86)\VEX Robotics\VEXcode Pro V5\sdk/vexv5\libv5rt.a(v5_apijump.c.obj)
                0x03805260                vexDisplayStringWidthGet
 .text.vexSystemStdlibImpureDataAddr
                0x03805284       0x28 C:\Program Files (x86)\VEX Robotics\VEXcode Pro V5\sdk/vexv5\libv5rt.a(v5_apijump.c.obj)
                0x03805284                vexSystemStdlibImpureDataAddr
 .text.vexSystemStdlibImpureDataSize
                0x038052ac       0x28 C:\Program Files (x86)\VEX Robotics\VEXcode Pro V5\sdk/vexv5\libv5rt.a(v5_apijump.c.obj)
                0x038052ac                vexSystemStdlibImpureDataSize
 .text.vexSystemSaveUserData
                0x038052d4       0x3c C:\Program Files (x86)\VEX Robotics\VEXcode Pro V5\sdk/vexv5\libv5rt.a(v5_apijump.c.obj)
                0x038052d4                vexSystemSaveUserData
 .text.vexDisplayThemeIdGet
                0x03805310       0x38 C:\Program Files (x86)\VEX Robotics\VEXcode Pro V5\sdk/vexv5\libv5rt.a(v5_apijump.c.obj)
                0x03805310                vexDisplayThemeIdGet
 .text.vexDeviceEventMaskSet
                0x03805348       0x48 C:\Program Files (x86)\VEX Robotics\VEXcode Pro V5\sdk/vexv5\libv5rt.a(v5_apijump.c.obj)
                0x03805348                vexDeviceEventMaskSet
 .text.vexDeviceEventMaskGet
                0x03805390       0x3c C:\Program Files (x86)\VEX Robotics\VEXcode Pro V5\sdk/vexv5\libv5rt.a(v5_apijump.c.obj)
                0x03805390                vexDeviceEventMaskGet
 .text.vexSystemVersion
                0x038053cc       0x10 C:\Program Files (x86)\VEX Robotics\VEXcode Pro V5\sdk/vexv5\libv5rt.a(v5_apiversions.c.obj)
                0x038053cc                vexSystemVersion
 .text.vexStdlibVersion
                0x038053dc       0x10 C:\Program Files (x86)\VEX Robotics\VEXcode Pro V5\sdk/vexv5\libv5rt.a(v5_apiversions.c.obj)
                0x038053dc                vexStdlibVersion
 *fill*         0x038053ec        0x4 
 .text._ZN3vex4waitEdNS_9timeUnitsE
                0x038053f0       0x30 C:\Program Files (x86)\VEX Robotics\VEXcode Pro V5\sdk/vexv5\libv5rt.a(vex_global.cpp.obj)
                0x038053f0                vex::wait(double, vex::timeUnits)
 .text._ZN3vex5motorD2Ev
                0x03805420       0x20 C:\Program Files (x86)\VEX Robotics\VEXcode Pro V5\sdk/vexv5\libv5rt.a(vex_motor.cpp.obj)
                0x03805420                vex::motor::~motor()
                0x03805420                vex::motor::~motor()
 .text._ZN3vex5motorD0Ev
                0x03805440       0x1c C:\Program Files (x86)\VEX Robotics\VEXcode Pro V5\sdk/vexv5\libv5rt.a(vex_motor.cpp.obj)
                0x03805440                vex::motor::~motor()
 .text._ZN3vex5motor9installedEv
                0x0380545c       0x18 C:\Program Files (x86)\VEX Robotics\VEXcode Pro V5\sdk/vexv5\libv5rt.a(vex_motor.cpp.obj)
                0x0380545c                vex::motor::installed()
 .text._ZN3vex5motor15defaultStoppingENS_9brakeTypeE
                0x03805474       0x30 C:\Program Files (x86)\VEX Robotics\VEXcode Pro V5\sdk/vexv5\libv5rt.a(vex_motor.cpp.obj)
                0x03805474                vex::motor::defaultStopping(vex::brakeType)
 .text._ZN3vex5motor8setBrakeENS_9brakeTypeE
                0x038054a4        0x4 C:\Program Files (x86)\VEX Robotics\VEXcode Pro V5\sdk/vexv5\libv5rt.a(vex_motor.cpp.obj)
                0x038054a4                vex::motor::setBrake(vex::brakeType)
 .text._ZN3vex5motorC2El
                0x038054a8       0x78 C:\Program Files (x86)\VEX Robotics\VEXcode Pro V5\sdk/vexv5\libv5rt.a(vex_motor.cpp.obj)
                0x038054a8                vex::motor::motor(long)
                0x038054a8                vex::motor::motor(long)
 .text._ZN3vex5motorC2ElNS_11gearSettingEb
                0x03805520       0x34 C:\Program Files (x86)\VEX Robotics\VEXcode Pro V5\sdk/vexv5\libv5rt.a(vex_motor.cpp.obj)
                0x03805520                vex::motor::motor(long, vex::gearSetting, bool)
                0x03805520                vex::motor::motor(long, vex::gearSetting, bool)
 *fill*         0x03805554        0x4 
 .text._ZN3vex5motor4spinENS_13directionTypeEdNS_12voltageUnitsE
                0x03805558       0x50 C:\Program Files (x86)\VEX Robotics\VEXcode Pro V5\sdk/vexv5\libv5rt.a(vex_motor.cpp.obj)
                0x03805558                vex::motor::spin(vex::directionType, double, vex::voltageUnits)
 .text._ZN3vex5motor14isSpinningModeEv
                0x038055a8       0x48 C:\Program Files (x86)\VEX Robotics\VEXcode Pro V5\sdk/vexv5\libv5rt.a(vex_motor.cpp.obj)
                0x038055a8                vex::motor::isSpinningMode()
 .text._ZN3vex5motor4stopENS_9brakeTypeE
                0x038055f0       0x30 C:\Program Files (x86)\VEX Robotics\VEXcode Pro V5\sdk/vexv5\libv5rt.a(vex_motor.cpp.obj)
                0x038055f0                vex::motor::stop(vex::brakeType)
 .text._ZN3vex5motor4stopEv
                0x03805620        0x8 C:\Program Files (x86)\VEX Robotics\VEXcode Pro V5\sdk/vexv5\libv5rt.a(vex_motor.cpp.obj)
                0x03805620                vex::motor::stop()
 .text._ZN3vex5motor11temperatureENS_16temperatureUnitsE
                0x03805628       0x40 C:\Program Files (x86)\VEX Robotics\VEXcode Pro V5\sdk/vexv5\libv5rt.a(vex_motor.cpp.obj)
                0x03805628                vex::motor::temperature(vex::temperatureUnits)
 .text._ZN3vex5motor16velocityToScaledEdNS_13velocityUnitsE
                0x03805668       0x5c C:\Program Files (x86)\VEX Robotics\VEXcode Pro V5\sdk/vexv5\libv5rt.a(vex_motor.cpp.obj)
                0x03805668                vex::motor::velocityToScaled(double, vex::velocityUnits)
 .text._ZN3vex5motor8velocityENS_13velocityUnitsE
                0x038056c4       0x30 C:\Program Files (x86)\VEX Robotics\VEXcode Pro V5\sdk/vexv5\libv5rt.a(vex_motor.cpp.obj)
                0x038056c4                vex::motor::velocity(vex::velocityUnits)
 .text._ZN3vex5motor5valueEv
                0x038056f4       0x1c C:\Program Files (x86)\VEX Robotics\VEXcode Pro V5\sdk/vexv5\libv5rt.a(vex_motor.cpp.obj)
                0x038056f4                vex::motor::value()
 .text._ZN3vex5motor16scaledToVelocityEdNS_13velocityUnitsE
                0x03805710       0xa4 C:\Program Files (x86)\VEX Robotics\VEXcode Pro V5\sdk/vexv5\libv5rt.a(vex_motor.cpp.obj)
                0x03805710                vex::motor::scaledToVelocity(double, vex::velocityUnits)
 .text._ZN3vex5motor4spinENS_13directionTypeEdNS_13velocityUnitsE
                0x038057b4       0x5c C:\Program Files (x86)\VEX Robotics\VEXcode Pro V5\sdk/vexv5\libv5rt.a(vex_motor.cpp.obj)
                0x038057b4                vex::motor::spin(vex::directionType, double, vex::velocityUnits)
 .text._ZN3vex5motor16setRotationUnitsENS_13rotationUnitsE
                0x03805810       0x1c C:\Program Files (x86)\VEX Robotics\VEXcode Pro V5\sdk/vexv5\libv5rt.a(vex_motor.cpp.obj)
                0x03805810                vex::motor::setRotationUnits(vex::rotationUnits)
 .text._ZN3vex5motor11setRotationEdNS_13rotationUnitsE
                0x0380582c       0x44 C:\Program Files (x86)\VEX Robotics\VEXcode Pro V5\sdk/vexv5\libv5rt.a(vex_motor.cpp.obj)
                0x0380582c                vex::motor::setRotation(double, vex::rotationUnits)
 .text._ZN3vex5motor11setPositionEdNS_13rotationUnitsE
                0x03805870        0x4 C:\Program Files (x86)\VEX Robotics\VEXcode Pro V5\sdk/vexv5\libv5rt.a(vex_motor.cpp.obj)
                0x03805870                vex::motor::setPosition(double, vex::rotationUnits)
 .text._ZN3vex5motor9rotateForEdNS_13rotationUnitsEdNS_13velocityUnitsEb
                0x03805874       0xf4 C:\Program Files (x86)\VEX Robotics\VEXcode Pro V5\sdk/vexv5\libv5rt.a(vex_motor.cpp.obj)
                0x03805874                vex::motor::rotateFor(double, vex::rotationUnits, double, vex::velocityUnits, bool)
 .text._ZN3vex5motor8rotationENS_13rotationUnitsE
                0x03805968       0x44 C:\Program Files (x86)\VEX Robotics\VEXcode Pro V5\sdk/vexv5\libv5rt.a(vex_motor.cpp.obj)
                0x03805968                vex::motor::rotation(vex::rotationUnits)
 .text._ZN3vex5motor8positionENS_13rotationUnitsE
                0x038059ac        0x4 C:\Program Files (x86)\VEX Robotics\VEXcode Pro V5\sdk/vexv5\libv5rt.a(vex_motor.cpp.obj)
                0x038059ac                vex::motor::position(vex::rotationUnits)
 .text._ZN3vex8inertial11getTurnTypeEv
                0x038059b0        0x8 C:\Program Files (x86)\VEX Robotics\VEXcode Pro V5\sdk/vexv5\libv5rt.a(vex_imu.cpp.obj)
                0x038059b0                vex::inertial::getTurnType()
 .text._ZThn16_N3vex8inertial11getTurnTypeEv
                0x038059b8        0x8 C:\Program Files (x86)\VEX Robotics\VEXcode Pro V5\sdk/vexv5\libv5rt.a(vex_imu.cpp.obj)
                0x038059b8                non-virtual thunk to vex::inertial::getTurnType()
 .text._ZN3vex8inertial10setHeadingEdNS_13rotationUnitsE
                0x038059c0       0x58 C:\Program Files (x86)\VEX Robotics\VEXcode Pro V5\sdk/vexv5\libv5rt.a(vex_imu.cpp.obj)
                0x038059c0                vex::inertial::setHeading(double, vex::rotationUnits)
 .text._ZThn16_N3vex8inertial10setHeadingEdNS_13rotationUnitsE
                0x03805a18        0x8 C:\Program Files (x86)\VEX Robotics\VEXcode Pro V5\sdk/vexv5\libv5rt.a(vex_imu.cpp.obj)
                0x03805a18                non-virtual thunk to vex::inertial::setHeading(double, vex::rotationUnits)
 .text._ZN3vex8inertial11setRotationEdNS_13rotationUnitsE
                0x03805a20       0x58 C:\Program Files (x86)\VEX Robotics\VEXcode Pro V5\sdk/vexv5\libv5rt.a(vex_imu.cpp.obj)
                0x03805a20                vex::inertial::setRotation(double, vex::rotationUnits)
 .text._ZThn16_N3vex8inertial11setRotationEdNS_13rotationUnitsE
                0x03805a78        0x8 C:\Program Files (x86)\VEX Robotics\VEXcode Pro V5\sdk/vexv5\libv5rt.a(vex_imu.cpp.obj)
                0x03805a78                non-virtual thunk to vex::inertial::setRotation(double, vex::rotationUnits)
 .text._ZN3vex8inertialD2Ev
                0x03805a80       0x20 C:\Program Files (x86)\VEX Robotics\VEXcode Pro V5\sdk/vexv5\libv5rt.a(vex_imu.cpp.obj)
                0x03805a80                vex::inertial::~inertial()
                0x03805a80                vex::inertial::~inertial()
 .text._ZThn16_N3vex8inertialD1Ev
                0x03805aa0        0x8 C:\Program Files (x86)\VEX Robotics\VEXcode Pro V5\sdk/vexv5\libv5rt.a(vex_imu.cpp.obj)
                0x03805aa0                non-virtual thunk to vex::inertial::~inertial()
 .text._ZN3vex8inertialD0Ev
                0x03805aa8       0x1c C:\Program Files (x86)\VEX Robotics\VEXcode Pro V5\sdk/vexv5\libv5rt.a(vex_imu.cpp.obj)
                0x03805aa8                vex::inertial::~inertial()
 .text._ZThn16_N3vex8inertialD0Ev
                0x03805ac4        0x8 C:\Program Files (x86)\VEX Robotics\VEXcode Pro V5\sdk/vexv5\libv5rt.a(vex_imu.cpp.obj)
                0x03805ac4                non-virtual thunk to vex::inertial::~inertial()
 .text._ZN3vex8inertial9installedEv
                0x03805acc       0x18 C:\Program Files (x86)\VEX Robotics\VEXcode Pro V5\sdk/vexv5\libv5rt.a(vex_imu.cpp.obj)
                0x03805acc                vex::inertial::installed()
 .text._ZN3vex8inertial5angleENS_13rotationUnitsE
                0x03805ae4       0x6c C:\Program Files (x86)\VEX Robotics\VEXcode Pro V5\sdk/vexv5\libv5rt.a(vex_imu.cpp.obj)
                0x03805ae4                vex::inertial::angle(vex::rotationUnits)
 .text._ZThn16_N3vex8inertial5angleENS_13rotationUnitsE
                0x03805b50        0x8 C:\Program Files (x86)\VEX Robotics\VEXcode Pro V5\sdk/vexv5\libv5rt.a(vex_imu.cpp.obj)
                0x03805b50                non-virtual thunk to vex::inertial::angle(vex::rotationUnits)
 .text._ZN3vex8inertial7headingENS_13rotationUnitsE
                0x03805b58        0x4 C:\Program Files (x86)\VEX Robotics\VEXcode Pro V5\sdk/vexv5\libv5rt.a(vex_imu.cpp.obj)
                0x03805b58                vex::inertial::heading(vex::rotationUnits)
 .text._ZThn16_N3vex8inertial7headingENS_13rotationUnitsE
                0x03805b5c        0x8 C:\Program Files (x86)\VEX Robotics\VEXcode Pro V5\sdk/vexv5\libv5rt.a(vex_imu.cpp.obj)
                0x03805b5c                non-virtual thunk to vex::inertial::heading(vex::rotationUnits)
 .text._ZN3vex8inertial5valueEv
                0x03805b64       0x1c C:\Program Files (x86)\VEX Robotics\VEXcode Pro V5\sdk/vexv5\libv5rt.a(vex_imu.cpp.obj)
                0x03805b64                vex::inertial::value()
 .text._ZN3vex8inertial8rotationENS_13rotationUnitsE
                0x03805b80       0x48 C:\Program Files (x86)\VEX Robotics\VEXcode Pro V5\sdk/vexv5\libv5rt.a(vex_imu.cpp.obj)
                0x03805b80                vex::inertial::rotation(vex::rotationUnits)
 .text._ZThn16_N3vex8inertial8rotationENS_13rotationUnitsE
                0x03805bc8        0x8 C:\Program Files (x86)\VEX Robotics\VEXcode Pro V5\sdk/vexv5\libv5rt.a(vex_imu.cpp.obj)
                0x03805bc8                non-virtual thunk to vex::inertial::rotation(vex::rotationUnits)
 .text._ZN3vex8inertial13isCalibratingEv
                0x03805bd0       0x38 C:\Program Files (x86)\VEX Robotics\VEXcode Pro V5\sdk/vexv5\libv5rt.a(vex_imu.cpp.obj)
                0x03805bd0                vex::inertial::isCalibrating()
 .text._ZThn16_N3vex8inertial13isCalibratingEv
                0x03805c08        0x8 C:\Program Files (x86)\VEX Robotics\VEXcode Pro V5\sdk/vexv5\libv5rt.a(vex_imu.cpp.obj)
                0x03805c08                non-virtual thunk to vex::inertial::isCalibrating()
 .text._ZN3vex8inertialC2ElNS_8turnTypeE
                0x03805c10       0x4c C:\Program Files (x86)\VEX Robotics\VEXcode Pro V5\sdk/vexv5\libv5rt.a(vex_imu.cpp.obj)
                0x03805c10                vex::inertial::inertial(long, vex::turnType)
                0x03805c10                vex::inertial::inertial(long, vex::turnType)
 .text._ZN3vex8inertial16startCalibrationEl
                0x03805c5c       0x20 C:\Program Files (x86)\VEX Robotics\VEXcode Pro V5\sdk/vexv5\libv5rt.a(vex_imu.cpp.obj)
                0x03805c5c                vex::inertial::startCalibration(long)
 .text._ZN3vex8inertial9calibrateEl
                0x03805c7c        0xc C:\Program Files (x86)\VEX Robotics\VEXcode Pro V5\sdk/vexv5\libv5rt.a(vex_imu.cpp.obj)
                0x03805c7c                vex::inertial::calibrate(long)
                0x03805c80                non-virtual thunk to vex::inertial::calibrate(long)
 .text._ZN3vex8rotationD2Ev
                0x03805c88       0x20 C:\Program Files (x86)\VEX Robotics\VEXcode Pro V5\sdk/vexv5\libv5rt.a(vex_rotation.cpp.obj)
                0x03805c88                vex::rotation::~rotation()
                0x03805c88                vex::rotation::~rotation()
 .text._ZN3vex8rotationD0Ev
                0x03805ca8       0x1c C:\Program Files (x86)\VEX Robotics\VEXcode Pro V5\sdk/vexv5\libv5rt.a(vex_rotation.cpp.obj)
                0x03805ca8                vex::rotation::~rotation()
 .text._ZN3vex8rotation9installedEv
                0x03805cc4       0x18 C:\Program Files (x86)\VEX Robotics\VEXcode Pro V5\sdk/vexv5\libv5rt.a(vex_rotation.cpp.obj)
                0x03805cc4                vex::rotation::installed()
 .text._ZN3vex8rotation5valueEv
                0x03805cdc        0x8 C:\Program Files (x86)\VEX Robotics\VEXcode Pro V5\sdk/vexv5\libv5rt.a(vex_rotation.cpp.obj)
                0x03805cdc                vex::rotation::value()
 .text._ZN3vex8rotationC2Elb
                0x03805ce4       0x30 C:\Program Files (x86)\VEX Robotics\VEXcode Pro V5\sdk/vexv5\libv5rt.a(vex_rotation.cpp.obj)
                0x03805ce4                vex::rotation::rotation(long, bool)
                0x03805ce4                vex::rotation::rotation(long, bool)
 *fill*         0x03805d14        0x4 
 .text._ZN3vex8rotation11setPositionEdNS_13rotationUnitsE
                0x03805d18       0x48 C:\Program Files (x86)\VEX Robotics\VEXcode Pro V5\sdk/vexv5\libv5rt.a(vex_rotation.cpp.obj)
                0x03805d18                vex::rotation::setPosition(double, vex::rotationUnits)
 .text._ZN3vex8rotation8positionENS_13rotationUnitsE
                0x03805d60       0x50 C:\Program Files (x86)\VEX Robotics\VEXcode Pro V5\sdk/vexv5\libv5rt.a(vex_rotation.cpp.obj)
                0x03805d60                vex::rotation::position(vex::rotationUnits)
 .text._ZN3vex7opticalD2Ev
                0x03805db0       0x20 C:\Program Files (x86)\VEX Robotics\VEXcode Pro V5\sdk/vexv5\libv5rt.a(vex_optical.cpp.obj)
                0x03805db0                vex::optical::~optical()
                0x03805db0                vex::optical::~optical()
 .text._ZN3vex7opticalD0Ev
                0x03805dd0       0x1c C:\Program Files (x86)\VEX Robotics\VEXcode Pro V5\sdk/vexv5\libv5rt.a(vex_optical.cpp.obj)
                0x03805dd0                vex::optical::~optical()
 .text._ZN3vex7optical9installedEv
                0x03805dec       0x18 C:\Program Files (x86)\VEX Robotics\VEXcode Pro V5\sdk/vexv5\libv5rt.a(vex_optical.cpp.obj)
                0x03805dec                vex::optical::installed()
 .text._ZN3vex7optical3hueEv
                0x03805e04        0x8 C:\Program Files (x86)\VEX Robotics\VEXcode Pro V5\sdk/vexv5\libv5rt.a(vex_optical.cpp.obj)
                0x03805e04                vex::optical::hue()
 .text._ZN3vex7optical5valueEv
                0x03805e0c       0x18 C:\Program Files (x86)\VEX Robotics\VEXcode Pro V5\sdk/vexv5\libv5rt.a(vex_optical.cpp.obj)
                0x03805e0c                vex::optical::value()
 .text._ZN3vex7optical5colorEv
                0x03805e24       0xd0 C:\Program Files (x86)\VEX Robotics\VEXcode Pro V5\sdk/vexv5\libv5rt.a(vex_optical.cpp.obj)
                0x03805e24                vex::optical::color()
 .text._ZN3vex7optical13setLightPowerElNS_12percentUnitsE
                0x03805ef4       0x2c C:\Program Files (x86)\VEX Robotics\VEXcode Pro V5\sdk/vexv5\libv5rt.a(vex_optical.cpp.obj)
                0x03805ef4                vex::optical::setLightPower(long, vex::percentUnits)
 .text._ZN3vex7optical13gestureEnableEv
                0x03805f20        0x8 C:\Program Files (x86)\VEX Robotics\VEXcode Pro V5\sdk/vexv5\libv5rt.a(vex_optical.cpp.obj)
                0x03805f20                vex::optical::gestureEnable()
 .text._ZN3vex7optical14gestureDisableEv
                0x03805f28        0x8 C:\Program Files (x86)\VEX Robotics\VEXcode Pro V5\sdk/vexv5\libv5rt.a(vex_optical.cpp.obj)
                0x03805f28                vex::optical::gestureDisable()
 .text._ZN3vex7opticalC2Elb
                0x03805f30       0x54 C:\Program Files (x86)\VEX Robotics\VEXcode Pro V5\sdk/vexv5\libv5rt.a(vex_optical.cpp.obj)
                0x03805f30                vex::optical::optical(long, bool)
                0x03805f30                vex::optical::optical(long, bool)
 .text._ZN3vex10controllerD2Ev
                0x03805f84        0x4 C:\Program Files (x86)\VEX Robotics\VEXcode Pro V5\sdk/vexv5\libv5rt.a(vex_controller.cpp.obj)
                0x03805f84                vex::controller::~controller()
                0x03805f84                vex::controller::~controller()
 .text._ZN3vex10controller5valueE19_V5_ControllerIndex
                0x03805f88        0x8 C:\Program Files (x86)\VEX Robotics\VEXcode Pro V5\sdk/vexv5\libv5rt.a(vex_controller.cpp.obj)
                0x03805f88                vex::controller::value(_V5_ControllerIndex)
 .text._ZNK3vex10controller6button8pressingEv
                0x03805f90       0xc8 C:\Program Files (x86)\VEX Robotics\VEXcode Pro V5\sdk/vexv5\libv5rt.a(vex_controller.cpp.obj)
                0x03805f90                vex::controller::button::pressing() const
 .text._ZNK3vex10controller6button21_buttonToPressedEventEv
                0x03806058       0x20 C:\Program Files (x86)\VEX Robotics\VEXcode Pro V5\sdk/vexv5\libv5rt.a(vex_controller.cpp.obj)
                0x03806058                vex::controller::button::_buttonToPressedEvent() const
 .text._ZNK3vex10controller6button22_buttonToReleasedEventEv
                0x03806078       0x20 C:\Program Files (x86)\VEX Robotics\VEXcode Pro V5\sdk/vexv5\libv5rt.a(vex_controller.cpp.obj)
                0x03806078                vex::controller::button::_buttonToReleasedEvent() const
 .text._ZN3vex10controller6buttonC2ENS0_11tButtonTypeEPS0_
                0x03806098       0x48 C:\Program Files (x86)\VEX Robotics\VEXcode Pro V5\sdk/vexv5\libv5rt.a(vex_controller.cpp.obj)
                0x03806098                vex::controller::button::button(vex::controller::tButtonType, vex::controller*)
                0x03806098                vex::controller::button::button(vex::controller::tButtonType, vex::controller*)
 .text._ZNK3vex10controller4axis5valueEv
                0x038060e0       0x58 C:\Program Files (x86)\VEX Robotics\VEXcode Pro V5\sdk/vexv5\libv5rt.a(vex_controller.cpp.obj)
                0x038060e0                vex::controller::axis::value() const
 .text._ZNK3vex10controller4axis8positionENS_12percentUnitsE
                0x03806138       0x1c C:\Program Files (x86)\VEX Robotics\VEXcode Pro V5\sdk/vexv5\libv5rt.a(vex_controller.cpp.obj)
                0x03806138                vex::controller::axis::position(vex::percentUnits) const
 .text._ZNK3vex10controller4axis23_joystickToChangedEventEv
                0x03806154       0x20 C:\Program Files (x86)\VEX Robotics\VEXcode Pro V5\sdk/vexv5\libv5rt.a(vex_controller.cpp.obj)
                0x03806154                vex::controller::axis::_joystickToChangedEvent() const
 .text._ZN3vex10controller4axisC2ENS0_9tAxisTypeEPS0_
                0x03806174       0x2c C:\Program Files (x86)\VEX Robotics\VEXcode Pro V5\sdk/vexv5\libv5rt.a(vex_controller.cpp.obj)
                0x03806174                vex::controller::axis::axis(vex::controller::tAxisType, vex::controller*)
                0x03806174                vex::controller::axis::axis(vex::controller::tAxisType, vex::controller*)
 .text._ZN3vex10controllerC2ENS_14controllerTypeE
                0x038061a0      0x16c C:\Program Files (x86)\VEX Robotics\VEXcode Pro V5\sdk/vexv5\libv5rt.a(vex_controller.cpp.obj)
                0x038061a0                vex::controller::controller(vex::controllerType)
                0x038061a0                vex::controller::controller(vex::controllerType)
 .text._ZN3vex10controller3lcd15getControllerIdEv
                0x0380630c       0x10 C:\Program Files (x86)\VEX Robotics\VEXcode Pro V5\sdk/vexv5\libv5rt.a(vex_controller.cpp.obj)
                0x0380630c                vex::controller::lcd::getControllerId()
 .text._ZN3vex10controller3lcd9setCursorEll
                0x0380631c       0x40 C:\Program Files (x86)\VEX Robotics\VEXcode Pro V5\sdk/vexv5\libv5rt.a(vex_controller.cpp.obj)
                0x0380631c                vex::controller::lcd::setCursor(long, long)
 .text._ZN3vex10controller3lcd5printEPKcz
                0x0380635c       0x80 C:\Program Files (x86)\VEX Robotics\VEXcode Pro V5\sdk/vexv5\libv5rt.a(vex_controller.cpp.obj)
                0x0380635c                vex::controller::lcd::print(char const*, ...)
 .text._ZN3vex4taskC2Ev
                0x038063dc       0x28 C:\Program Files (x86)\VEX Robotics\VEXcode Pro V5\sdk/vexv5\libv5rt.a(vex_task.cpp.obj)
                0x038063dc                vex::task::task()
                0x038063dc                vex::task::task()
 .text._ZN3vex4taskC2EPFivE
                0x03806404       0x5c C:\Program Files (x86)\VEX Robotics\VEXcode Pro V5\sdk/vexv5\libv5rt.a(vex_task.cpp.obj)
                0x03806404                vex::task::task(int (*)())
                0x03806404                vex::task::task(int (*)())
 .text._ZN3vex4taskD2Ev
                0x03806460        0x4 C:\Program Files (x86)\VEX Robotics\VEXcode Pro V5\sdk/vexv5\libv5rt.a(vex_task.cpp.obj)
                0x03806460                vex::task::~task()
                0x03806460                vex::task::~task()
 .text._ZN3vex4task4stopEPvi
                0x03806464       0x1c C:\Program Files (x86)\VEX Robotics\VEXcode Pro V5\sdk/vexv5\libv5rt.a(vex_task.cpp.obj)
                0x03806464                vex::task::stop(void*, int)
 .text._ZN3vex4task5sleepEm
                0x03806480        0x4 C:\Program Files (x86)\VEX Robotics\VEXcode Pro V5\sdk/vexv5\libv5rt.a(vex_task.cpp.obj)
                0x03806480                vex::task::sleep(unsigned long)
 .text._ZN3vex4task6_indexEPFivE
                0x03806484       0x14 C:\Program Files (x86)\VEX Robotics\VEXcode Pro V5\sdk/vexv5\libv5rt.a(vex_task.cpp.obj)
                0x03806484                vex::task::_index(int (*)())
 .text._ZN3vex4task8_stopAllEv
                0x03806498       0x3c C:\Program Files (x86)\VEX Robotics\VEXcode Pro V5\sdk/vexv5\libv5rt.a(vex_task.cpp.obj)
                0x03806498                vex::task::_stopAll()
 .text._ZN3vex6threadC2EPFivE
                0x038064d4       0x5c C:\Program Files (x86)\VEX Robotics\VEXcode Pro V5\sdk/vexv5\libv5rt.a(vex_thread.cpp.obj)
                0x038064d4                vex::thread::thread(int (*)())
                0x038064d4                vex::thread::thread(int (*)())
 .text._ZN3vex6threadD2Ev
                0x03806530        0x4 C:\Program Files (x86)\VEX Robotics\VEXcode Pro V5\sdk/vexv5\libv5rt.a(vex_thread.cpp.obj)
                0x03806530                vex::thread::~thread()
                0x03806530                vex::thread::~thread()
 .text._ZN3vex11this_thread9sleep_forEm
                0x03806534        0x4 C:\Program Files (x86)\VEX Robotics\VEXcode Pro V5\sdk/vexv5\libv5rt.a(vex_thread.cpp.obj)
                0x03806534                vex::this_thread::sleep_for(unsigned long)
 .text._ZN3vex5mutexC2Ev
                0x03806538       0x1c C:\Program Files (x86)\VEX Robotics\VEXcode Pro V5\sdk/vexv5\libv5rt.a(vex_thread.cpp.obj)
                0x03806538                vex::mutex::mutex()
                0x03806538                vex::mutex::mutex()
 .text._ZN3vex5mutexD2Ev
                0x03806554        0x4 C:\Program Files (x86)\VEX Robotics\VEXcode Pro V5\sdk/vexv5\libv5rt.a(vex_thread.cpp.obj)
                0x03806554                vex::mutex::~mutex()
                0x03806554                vex::mutex::~mutex()
 .text._ZN3vex5mutex4lockEv
                0x03806558        0x8 C:\Program Files (x86)\VEX Robotics\VEXcode Pro V5\sdk/vexv5\libv5rt.a(vex_thread.cpp.obj)
                0x03806558                vex::mutex::lock()
 .text._ZN3vex5mutex6unlockEv
                0x03806560        0x4 C:\Program Files (x86)\VEX Robotics\VEXcode Pro V5\sdk/vexv5\libv5rt.a(vex_thread.cpp.obj)
                0x03806560                vex::mutex::unlock()
 .text._ZN3vex5event4initEmmPFvvE
                0x03806564        0x4 C:\Program Files (x86)\VEX Robotics\VEXcode Pro V5\sdk/vexv5\libv5rt.a(vex_event.cpp.obj)
                0x03806564                vex::event::init(unsigned long, unsigned long, void (*)())
 .text._ZN3vex5event4initEmmPFvPvES1_
                0x03806568        0x4 C:\Program Files (x86)\VEX Robotics\VEXcode Pro V5\sdk/vexv5\libv5rt.a(vex_event.cpp.obj)
                0x03806568                vex::event::init(unsigned long, unsigned long, void (*)(void*), void*)
 .text._ZN3vex5event9userindexEv
                0x0380656c        0x4 C:\Program Files (x86)\VEX Robotics\VEXcode Pro V5\sdk/vexv5\libv5rt.a(vex_event.cpp.obj)
                0x0380656c                vex::event::userindex()
 .text._ZZN3vex6meventC4EmmENUlvE_4_FUNEv
                0x03806570        0x4 C:\Program Files (x86)\VEX Robotics\VEXcode Pro V5\sdk/vexv5\libv5rt.a(vex_mevent.cpp.obj)
 .text._ZN3vex6meventC2Emm
                0x03806574       0x70 C:\Program Files (x86)\VEX Robotics\VEXcode Pro V5\sdk/vexv5\libv5rt.a(vex_mevent.cpp.obj)
                0x03806574                vex::mevent::mevent(unsigned long, unsigned long)
                0x03806574                vex::mevent::mevent(unsigned long, unsigned long)
 .text._ZN3vex5brain9_getIndexEv
                0x038065e4       0x10 C:\Program Files (x86)\VEX Robotics\VEXcode Pro V5\sdk/vexv5\libv5rt.a(vex_brain.cpp.obj)
                0x038065e4                vex::brain::_getIndex()
 .text._ZN3vex5brain3lcd9setCursorEll
                0x038065f4       0x44 C:\Program Files (x86)\VEX Robotics\VEXcode Pro V5\sdk/vexv5\libv5rt.a(vex_brain.cpp.obj)
                0x038065f4                vex::brain::lcd::setCursor(long, long)
 .text._ZN3vex5brain3lcd7setFontENS_8fontTypeE
                0x03806638      0x23c C:\Program Files (x86)\VEX Robotics\VEXcode Pro V5\sdk/vexv5\libv5rt.a(vex_brain.cpp.obj)
                0x03806638                vex::brain::lcd::setFont(vex::fontType)
 .text._ZN3vex5brain3lcdC2Ev
                0x03806874       0x94 C:\Program Files (x86)\VEX Robotics\VEXcode Pro V5\sdk/vexv5\libv5rt.a(vex_brain.cpp.obj)
                0x03806874                vex::brain::lcd::lcd()
                0x03806874                vex::brain::lcd::lcd()
 .text._ZN3vex5brainC2Ev
                0x03806908       0x3c C:\Program Files (x86)\VEX Robotics\VEXcode Pro V5\sdk/vexv5\libv5rt.a(vex_brain.cpp.obj)
                0x03806908                vex::brain::brain()
                0x03806908                vex::brain::brain()
 .text._ZN3vex5brain3lcd12_clearScreenEm
                0x03806944       0x38 C:\Program Files (x86)\VEX Robotics\VEXcode Pro V5\sdk/vexv5\libv5rt.a(vex_brain.cpp.obj)
                0x03806944                vex::brain::lcd::_clearScreen(unsigned long)
 .text._ZN3vex5brain3lcd11clearScreenERKNS_5colorE
                0x0380697c       0x20 C:\Program Files (x86)\VEX Robotics\VEXcode Pro V5\sdk/vexv5\libv5rt.a(vex_brain.cpp.obj)
                0x0380697c                vex::brain::lcd::clearScreen(vex::color const&)
 .text._ZN3vex5brain3lcd11clearScreenEv
                0x0380699c       0x2c C:\Program Files (x86)\VEX Robotics\VEXcode Pro V5\sdk/vexv5\libv5rt.a(vex_brain.cpp.obj)
                0x0380699c                vex::brain::lcd::clearScreen()
 .text._ZN3vex5brain3lcd10rowToPixelEl
                0x038069c8       0x34 C:\Program Files (x86)\VEX Robotics\VEXcode Pro V5\sdk/vexv5\libv5rt.a(vex_brain.cpp.obj)
                0x038069c8                vex::brain::lcd::rowToPixel(long)
 .text._ZN3vex5brain3lcd5printEPKcz
                0x038069fc       0xb8 C:\Program Files (x86)\VEX Robotics\VEXcode Pro V5\sdk/vexv5\libv5rt.a(vex_brain.cpp.obj)
                0x038069fc                vex::brain::lcd::print(char const*, ...)
 .text._ZN3vex5brainD2Ev
                0x03806ab4       0x20 C:\Program Files (x86)\VEX Robotics\VEXcode Pro V5\sdk/vexv5\libv5rt.a(vex_brain.cpp.obj)
                0x03806ab4                vex::brain::~brain()
                0x03806ab4                vex::brain::~brain()
 .text._ZN3vex11competition8_disableEPv
                0x03806ad4       0xa4 C:\Program Files (x86)\VEX Robotics\VEXcode Pro V5\sdk/vexv5\libv5rt.a(vex_competition.cpp.obj)
                0x03806ad4                vex::competition::_disable(void*)
 .text._ZN3vex11competition11_autonomousEv
                0x03806b78       0x80 C:\Program Files (x86)\VEX Robotics\VEXcode Pro V5\sdk/vexv5\libv5rt.a(vex_competition.cpp.obj)
                0x03806b78                vex::competition::_autonomous()
 .text._ZN3vex11competition14_drivercontrolEv
                0x03806bf8       0x80 C:\Program Files (x86)\VEX Robotics\VEXcode Pro V5\sdk/vexv5\libv5rt.a(vex_competition.cpp.obj)
                0x03806bf8                vex::competition::_drivercontrol()
 .text._ZN3vex11competitionC2Ev
                0x03806c78      0x13c C:\Program Files (x86)\VEX Robotics\VEXcode Pro V5\sdk/vexv5\libv5rt.a(vex_competition.cpp.obj)
                0x03806c78                vex::competition::competition()
                0x03806c78                vex::competition::competition()
 .text._ZN3vex11competitionD2Ev
                0x03806db4        0x4 C:\Program Files (x86)\VEX Robotics\VEXcode Pro V5\sdk/vexv5\libv5rt.a(vex_competition.cpp.obj)
                0x03806db4                vex::competition::~competition()
                0x03806db4                vex::competition::~competition()
 .text._ZN3vex11competition10autonomousEPFvvE
                0x03806db8       0x44 C:\Program Files (x86)\VEX Robotics\VEXcode Pro V5\sdk/vexv5\libv5rt.a(vex_competition.cpp.obj)
                0x03806db8                vex::competition::autonomous(void (*)())
 .text._ZN3vex11competition13drivercontrolEPFvvE
                0x03806dfc       0x44 C:\Program Files (x86)\VEX Robotics\VEXcode Pro V5\sdk/vexv5\libv5rt.a(vex_competition.cpp.obj)
                0x03806dfc                vex::competition::drivercontrol(void (*)())
 .text._ZN3vex7triportD2Ev
                0x03806e40       0x38 C:\Program Files (x86)\VEX Robotics\VEXcode Pro V5\sdk/vexv5\libv5rt.a(vex_triport.cpp.obj)
                0x03806e40                vex::triport::~triport()
                0x03806e40                vex::triport::~triport()
 .text._ZN3vex7triportD0Ev
                0x03806e78       0x1c C:\Program Files (x86)\VEX Robotics\VEXcode Pro V5\sdk/vexv5\libv5rt.a(vex_triport.cpp.obj)
                0x03806e78                vex::triport::~triport()
 .text._ZN3vex7triport9installedEv
                0x03806e94       0x18 C:\Program Files (x86)\VEX Robotics\VEXcode Pro V5\sdk/vexv5\libv5rt.a(vex_triport.cpp.obj)
                0x03806e94                vex::triport::installed()
 .text._ZN3vex7triport4portC2ElPS0_
                0x03806eac       0x74 C:\Program Files (x86)\VEX Robotics\VEXcode Pro V5\sdk/vexv5\libv5rt.a(vex_triport.cpp.obj)
                0x03806eac                vex::triport::port::port(long, vex::triport*)
                0x03806eac                vex::triport::port::port(long, vex::triport*)
 .text._ZN3vex7triportC2El
                0x03806f20       0xf0 C:\Program Files (x86)\VEX Robotics\VEXcode Pro V5\sdk/vexv5\libv5rt.a(vex_triport.cpp.obj)
                0x03806f20                vex::triport::triport(long)
                0x03806f20                vex::triport::triport(long)
 .text._ZN3vex7triport4port4typeENS_11triportTypeE
                0x03807010       0x30 C:\Program Files (x86)\VEX Robotics\VEXcode Pro V5\sdk/vexv5\libv5rt.a(vex_triport.cpp.obj)
                0x03807010                vex::triport::port::type(vex::triportType)
 .text._ZN3vex7triport4port4typeEv
                0x03807040       0x38 C:\Program Files (x86)\VEX Robotics\VEXcode Pro V5\sdk/vexv5\libv5rt.a(vex_triport.cpp.obj)
                0x03807040                vex::triport::port::type()
 .text._ZN3vex7triport4port5valueEv
                0x03807078       0x14 C:\Program Files (x86)\VEX Robotics\VEXcode Pro V5\sdk/vexv5\libv5rt.a(vex_triport.cpp.obj)
                0x03807078                vex::triport::port::value()
 .text._ZN3vex7triport4port5valueEl
                0x0380708c       0x18 C:\Program Files (x86)\VEX Robotics\VEXcode Pro V5\sdk/vexv5\libv5rt.a(vex_triport.cpp.obj)
                0x0380708c                vex::triport::port::value(long)
 .text._ZN3vex11__trideviceC2ERNS_7triport4portENS_11triportTypeE
                0x038070a4       0x5c C:\Program Files (x86)\VEX Robotics\VEXcode Pro V5\sdk/vexv5\libv5rt.a(vex_triport.cpp.obj)
                0x038070a4                vex::__tridevice::__tridevice(vex::triport::port&, vex::triportType)
                0x038070a4                vex::__tridevice::__tridevice(vex::triport::port&, vex::triportType)
 .text._ZN3vex5limitC2ERNS_7triport4portE
                0x03807100       0x28 C:\Program Files (x86)\VEX Robotics\VEXcode Pro V5\sdk/vexv5\libv5rt.a(vex_triport.cpp.obj)
                0x03807100                vex::limit::limit(vex::triport::port&)
                0x03807100                vex::limit::limit(vex::triport::port&)
 .text._ZN3vex5limitD2Ev
                0x03807128        0x4 C:\Program Files (x86)\VEX Robotics\VEXcode Pro V5\sdk/vexv5\libv5rt.a(vex_triport.cpp.obj)
                0x03807128                vex::limit::~limit()
                0x03807128                vex::limit::~limit()
 .text._ZN3vex5limit5valueEv
                0x0380712c        0x8 C:\Program Files (x86)\VEX Robotics\VEXcode Pro V5\sdk/vexv5\libv5rt.a(vex_triport.cpp.obj)
                0x0380712c                vex::limit::value()
 .text._ZN3vex11digital_outC2ERNS_7triport4portE
                0x03807134       0x18 C:\Program Files (x86)\VEX Robotics\VEXcode Pro V5\sdk/vexv5\libv5rt.a(vex_triport.cpp.obj)
                0x03807134                vex::digital_out::digital_out(vex::triport::port&)
                0x03807134                vex::digital_out::digital_out(vex::triport::port&)
 .text._ZN3vex11digital_outD2Ev
                0x0380714c        0x4 C:\Program Files (x86)\VEX Robotics\VEXcode Pro V5\sdk/vexv5\libv5rt.a(vex_triport.cpp.obj)
                0x0380714c                vex::digital_out::~digital_out()
                0x0380714c                vex::digital_out::~digital_out()
 .text._ZN3vex11digital_out3setEb
                0x03807150        0x8 C:\Program Files (x86)\VEX Robotics\VEXcode Pro V5\sdk/vexv5\libv5rt.a(vex_triport.cpp.obj)
                0x03807150                vex::digital_out::set(bool)
 .text._ZN3vex5colorD2Ev
                0x03807158        0x4 C:\Program Files (x86)\VEX Robotics\VEXcode Pro V5\sdk/vexv5\libv5rt.a(vex_color.cpp.obj)
                0x03807158                vex::color::~color()
                0x03807158                vex::color::~color()
 .text._ZN3vex5colorC2Ev
                0x0380715c       0x10 C:\Program Files (x86)\VEX Robotics\VEXcode Pro V5\sdk/vexv5\libv5rt.a(vex_color.cpp.obj)
                0x0380715c                vex::color::color()
                0x0380715c                vex::color::color()
 .text._ZN3vex5colorC2Ei
                0x0380716c       0x10 C:\Program Files (x86)\VEX Robotics\VEXcode Pro V5\sdk/vexv5\libv5rt.a(vex_color.cpp.obj)
                0x0380716c                vex::color::color(int)
                0x0380716c                vex::color::color(int)
 .text._ZNK3vex5colorcvmEv
                0x0380717c        0x8 C:\Program Files (x86)\VEX Robotics\VEXcode Pro V5\sdk/vexv5\libv5rt.a(vex_color.cpp.obj)
                0x0380717c                vex::color::operator unsigned long() const
 *fill*         0x03807184        0x4 
 .text._ZN3vex5color3hsvEmdd
                0x03807188      0x13c C:\Program Files (x86)\VEX Robotics\VEXcode Pro V5\sdk/vexv5\libv5rt.a(vex_color.cpp.obj)
                0x03807188                vex::color::hsv(unsigned long, double, double)
 .text.startup._GLOBAL__sub_I__ZN3vex5color5blackE
                0x038072c4      0x164 C:\Program Files (x86)\VEX Robotics\VEXcode Pro V5\sdk/vexv5\libv5rt.a(vex_color.cpp.obj)
 .text._ZN3vex5timerD2Ev
                0x03807428        0x4 C:\Program Files (x86)\VEX Robotics\VEXcode Pro V5\sdk/vexv5\libv5rt.a(vex_timer.cpp.obj)
                0x03807428                vex::timer::~timer()
                0x03807428                vex::timer::~timer()
 .text._ZN3vex5timer5clearEv
                0x0380742c       0x1c C:\Program Files (x86)\VEX Robotics\VEXcode Pro V5\sdk/vexv5\libv5rt.a(vex_timer.cpp.obj)
                0x0380742c                vex::timer::clear()
 .text._ZN3vex5timerC2Ev
                0x03807448       0x14 C:\Program Files (x86)\VEX Robotics\VEXcode Pro V5\sdk/vexv5\libv5rt.a(vex_timer.cpp.obj)
                0x03807448                vex::timer::timer()
                0x03807448                vex::timer::timer()
 .text.vexAdiPortConfigSet
                0x0380745c       0x28 C:\Program Files (x86)\VEX Robotics\VEXcode Pro V5\sdk/vexv5\libv5rt.a(v5_apiuser.c.obj)
                0x0380745c                vexAdiPortConfigSet
 .text.vexAdiPortConfigGet
                0x03807484       0x28 C:\Program Files (x86)\VEX Robotics\VEXcode Pro V5\sdk/vexv5\libv5rt.a(v5_apiuser.c.obj)
                0x03807484                vexAdiPortConfigGet
 .text.vexAdiValueSet
                0x038074ac       0x28 C:\Program Files (x86)\VEX Robotics\VEXcode Pro V5\sdk/vexv5\libv5rt.a(v5_apiuser.c.obj)
                0x038074ac                vexAdiValueSet
 .text.vexAdiValueGet
                0x038074d4       0x20 C:\Program Files (x86)\VEX Robotics\VEXcode Pro V5\sdk/vexv5\libv5rt.a(v5_apiuser.c.obj)
                0x038074d4                vexAdiValueGet
 .text.vexMotorVelocitySet
                0x038074f4       0x20 C:\Program Files (x86)\VEX Robotics\VEXcode Pro V5\sdk/vexv5\libv5rt.a(v5_apiuser.c.obj)
                0x038074f4                vexMotorVelocitySet
 .text.vexMotorVoltageSet
                0x03807514       0x20 C:\Program Files (x86)\VEX Robotics\VEXcode Pro V5\sdk/vexv5\libv5rt.a(v5_apiuser.c.obj)
                0x03807514                vexMotorVoltageSet
 .text.vexMotorVelocityGet
                0x03807534       0x18 C:\Program Files (x86)\VEX Robotics\VEXcode Pro V5\sdk/vexv5\libv5rt.a(v5_apiuser.c.obj)
                0x03807534                vexMotorVelocityGet
 .text.vexMotorActualVelocityGet
                0x0380754c       0x24 C:\Program Files (x86)\VEX Robotics\VEXcode Pro V5\sdk/vexv5\libv5rt.a(v5_apiuser.c.obj)
                0x0380754c                vexMotorActualVelocityGet
 .text.vexMotorModeGet
                0x03807570       0x18 C:\Program Files (x86)\VEX Robotics\VEXcode Pro V5\sdk/vexv5\libv5rt.a(v5_apiuser.c.obj)
                0x03807570                vexMotorModeGet
 .text.vexMotorTemperatureGet
                0x03807588       0x24 C:\Program Files (x86)\VEX Robotics\VEXcode Pro V5\sdk/vexv5\libv5rt.a(v5_apiuser.c.obj)
                0x03807588                vexMotorTemperatureGet
 .text.vexMotorZeroPositionFlagGet
                0x038075ac       0x18 C:\Program Files (x86)\VEX Robotics\VEXcode Pro V5\sdk/vexv5\libv5rt.a(v5_apiuser.c.obj)
                0x038075ac                vexMotorZeroPositionFlagGet
 .text.vexMotorReverseFlagSet
                0x038075c4       0x20 C:\Program Files (x86)\VEX Robotics\VEXcode Pro V5\sdk/vexv5\libv5rt.a(v5_apiuser.c.obj)
                0x038075c4                vexMotorReverseFlagSet
 .text.vexMotorEncoderUnitsSet
                0x038075e4       0x20 C:\Program Files (x86)\VEX Robotics\VEXcode Pro V5\sdk/vexv5\libv5rt.a(v5_apiuser.c.obj)
                0x038075e4                vexMotorEncoderUnitsSet
 .text.vexMotorBrakeModeSet
                0x03807604       0x20 C:\Program Files (x86)\VEX Robotics\VEXcode Pro V5\sdk/vexv5\libv5rt.a(v5_apiuser.c.obj)
                0x03807604                vexMotorBrakeModeSet
 .text.vexMotorPositionSet
                0x03807624       0x28 C:\Program Files (x86)\VEX Robotics\VEXcode Pro V5\sdk/vexv5\libv5rt.a(v5_apiuser.c.obj)
                0x03807624                vexMotorPositionSet
 .text.vexMotorPositionGet
                0x0380764c       0x24 C:\Program Files (x86)\VEX Robotics\VEXcode Pro V5\sdk/vexv5\libv5rt.a(v5_apiuser.c.obj)
                0x0380764c                vexMotorPositionGet
 .text.vexMotorRelativeTargetSet
                0x03807670       0x30 C:\Program Files (x86)\VEX Robotics\VEXcode Pro V5\sdk/vexv5\libv5rt.a(v5_apiuser.c.obj)
                0x03807670                vexMotorRelativeTargetSet
 .text.vexMotorGearingSet
                0x038076a0       0x20 C:\Program Files (x86)\VEX Robotics\VEXcode Pro V5\sdk/vexv5\libv5rt.a(v5_apiuser.c.obj)
                0x038076a0                vexMotorGearingSet
 .text.vexMotorGearingGet
                0x038076c0       0x18 C:\Program Files (x86)\VEX Robotics\VEXcode Pro V5\sdk/vexv5\libv5rt.a(v5_apiuser.c.obj)
                0x038076c0                vexMotorGearingGet
 .text.vexImuReset
                0x038076d8       0x10 C:\Program Files (x86)\VEX Robotics\VEXcode Pro V5\sdk/vexv5\libv5rt.a(v5_apiuser.c.obj)
                0x038076d8                vexImuReset
 .text.vexImuHeadingGet
                0x038076e8       0x10 C:\Program Files (x86)\VEX Robotics\VEXcode Pro V5\sdk/vexv5\libv5rt.a(v5_apiuser.c.obj)
                0x038076e8                vexImuHeadingGet
 .text.vexImuDegreesGet
                0x038076f8       0x10 C:\Program Files (x86)\VEX Robotics\VEXcode Pro V5\sdk/vexv5\libv5rt.a(v5_apiuser.c.obj)
                0x038076f8                vexImuDegreesGet
 .text.vexImuStatusGet
                0x03807708       0x10 C:\Program Files (x86)\VEX Robotics\VEXcode Pro V5\sdk/vexv5\libv5rt.a(v5_apiuser.c.obj)
                0x03807708                vexImuStatusGet
 .text.vexAbsEncPositionSet
                0x03807718       0x18 C:\Program Files (x86)\VEX Robotics\VEXcode Pro V5\sdk/vexv5\libv5rt.a(v5_apiuser.c.obj)
                0x03807718                vexAbsEncPositionSet
 .text.vexAbsEncPositionGet
                0x03807730       0x10 C:\Program Files (x86)\VEX Robotics\VEXcode Pro V5\sdk/vexv5\libv5rt.a(v5_apiuser.c.obj)
                0x03807730                vexAbsEncPositionGet
 .text.vexAbsEncAngleGet
                0x03807740       0x10 C:\Program Files (x86)\VEX Robotics\VEXcode Pro V5\sdk/vexv5\libv5rt.a(v5_apiuser.c.obj)
                0x03807740                vexAbsEncAngleGet
 .text.vexAbsEncReverseFlagSet
                0x03807750       0x18 C:\Program Files (x86)\VEX Robotics\VEXcode Pro V5\sdk/vexv5\libv5rt.a(v5_apiuser.c.obj)
                0x03807750                vexAbsEncReverseFlagSet
 .text.vexOpticalHueGet
                0x03807768       0x10 C:\Program Files (x86)\VEX Robotics\VEXcode Pro V5\sdk/vexv5\libv5rt.a(v5_apiuser.c.obj)
                0x03807768                vexOpticalHueGet
 .text.vexOpticalLedPwmSet
                0x03807778       0x18 C:\Program Files (x86)\VEX Robotics\VEXcode Pro V5\sdk/vexv5\libv5rt.a(v5_apiuser.c.obj)
                0x03807778                vexOpticalLedPwmSet
 .text.vexOpticalGestureEnable
                0x03807790       0x10 C:\Program Files (x86)\VEX Robotics\VEXcode Pro V5\sdk/vexv5\libv5rt.a(v5_apiuser.c.obj)
                0x03807790                vexOpticalGestureEnable
 .text.vexOpticalGestureDisable
                0x038077a0       0x10 C:\Program Files (x86)\VEX Robotics\VEXcode Pro V5\sdk/vexv5\libv5rt.a(v5_apiuser.c.obj)
                0x038077a0                vexOpticalGestureDisable
 .text.vexOpticalProximityThreshold
                0x038077b0       0x18 C:\Program Files (x86)\VEX Robotics\VEXcode Pro V5\sdk/vexv5\libv5rt.a(v5_apiuser.c.obj)
                0x038077b0                vexOpticalProximityThreshold
 .text.vexEventMaskSet
                0x038077c8       0x28 C:\Program Files (x86)\VEX Robotics\VEXcode Pro V5\sdk/vexv5\libv5rt.a(v5_apiuser.c.obj)
                0x038077c8                vexEventMaskSet
 .text.vexEventMaskGet
                0x038077f0       0x18 C:\Program Files (x86)\VEX Robotics\VEXcode Pro V5\sdk/vexv5\libv5rt.a(v5_apiuser.c.obj)
                0x038077f0                vexEventMaskGet
 .text._ZN3vex6deviceD2Ev
                0x03807808        0x4 C:\Program Files (x86)\VEX Robotics\VEXcode Pro V5\sdk/vexv5\libv5rt.a(vex_device.cpp.obj)
                0x03807808                vex::device::~device()
                0x03807808                vex::device::~device()
 .text._ZN3vex6device5valueEv
                0x0380780c        0x8 C:\Program Files (x86)\VEX Robotics\VEXcode Pro V5\sdk/vexv5\libv5rt.a(vex_device.cpp.obj)
                0x0380780c                vex::device::value()
 .text._ZN3vex6deviceD0Ev
                0x03807814       0x14 C:\Program Files (x86)\VEX Robotics\VEXcode Pro V5\sdk/vexv5\libv5rt.a(vex_device.cpp.obj)
                0x03807814                vex::device::~device()
 .text._ZN3vex6device4initEl
                0x03807828       0x30 C:\Program Files (x86)\VEX Robotics\VEXcode Pro V5\sdk/vexv5\libv5rt.a(vex_device.cpp.obj)
                0x03807828                vex::device::init(long)
 .text._ZN3vex6deviceC2El
                0x03807858       0x20 C:\Program Files (x86)\VEX Robotics\VEXcode Pro V5\sdk/vexv5\libv5rt.a(vex_device.cpp.obj)
                0x03807858                vex::device::device(long)
                0x03807858                vex::device::device(long)
 .text._ZN3vex6device4typeEv
                0x03807878       0x10 C:\Program Files (x86)\VEX Robotics\VEXcode Pro V5\sdk/vexv5\libv5rt.a(vex_device.cpp.obj)
                0x03807878                vex::device::type()
 .text._ZN3vex6device9installedEv
                0x03807888       0x14 C:\Program Files (x86)\VEX Robotics\VEXcode Pro V5\sdk/vexv5\libv5rt.a(vex_device.cpp.obj)
                0x03807888                vex::device::installed()
 .text.__libc_fini_array
                0x0380789c       0x30 C:\Program Files (x86)\VEX Robotics\VEXcode Pro V5\sdk/vexv5/gcc/libs\libc.a(lib_a-fini.o)
                0x0380789c                __libc_fini_array
 .text.__libc_init_array
                0x038078cc       0x58 C:\Program Files (x86)\VEX Robotics\VEXcode Pro V5\sdk/vexv5/gcc/libs\libc.a(lib_a-init.o)
                0x038078cc                __libc_init_array
 *fill*         0x03807924        0x4 
 .text.__libc_init_array.__stub
                0x03807928       0x18 linker stubs
 *(.gnu.linkonce.t.*)
 *(.plt)
 *(.gnu_warning)
 *(.gcc_except_table)
 *(.glue_7)
 .glue_7        0x00000000        0x0 linker stubs
 *(.glue_7t)
 .glue_7t       0x00000000        0x0 linker stubs
 *(.vfp11_veneer)
 .vfp11_veneer  0x00000000        0x0 linker stubs
 *(.ARM.extab)
 *(.gnu.linkonce.armextab.*)

.v4_bx          0x03807940        0x0
 .v4_bx         0x00000000        0x0 linker stubs

.iplt           0x03807940        0x0
 .iplt          0x00000000        0x0 build/src/util.o

.init
 *(.init)

.fini
 *(.fini)

.rodata         0x03807940      0x3b4
                0x03807940                __rodata_start = .
 *(.rodata)
 *(.rodata.*)
 .rodata.EPSILON
                0x03807940        0x8 build/src/util.o
                0x03807940                EPSILON
 .rodata.TURNING_RADIUS
                0x03807948        0x8 build/src/util.o
                0x03807948                TURNING_RADIUS
 .rodata.MOTOR_PERCENT_TO_IN_PER_SEC
                0x03807950        0x8 build/src/util.o
                0x03807950                MOTOR_PERCENT_TO_IN_PER_SEC
 .rodata.str1.1
                0x03807958       0x97 build/src/main.o
                                 0x98 (size before relaxing)
 .rodata.str1.1
                0x038079ef       0x7f build/src/control.o
                                 0x92 (size before relaxing)
 .rodata.str1.1
                0x03807a6e       0x4f build/src/buttonSelector.o
 .rodata.str1.1
                0x03807abd       0x2e C:\Program Files (x86)\VEX Robotics\VEXcode Pro V5\sdk/vexv5\libv5rt.a(v5_startup.c.obj)
 *fill*         0x03807aeb        0x1 
 .rodata._ZN3vex6PORT20E
                0x03807aec        0x4 C:\Program Files (x86)\VEX Robotics\VEXcode Pro V5\sdk/vexv5\libv5rt.a(vex_global.cpp.obj)
                0x03807aec                vex::PORT20
 .rodata._ZN3vex3fwdE
                0x03807af0        0x4 C:\Program Files (x86)\VEX Robotics\VEXcode Pro V5\sdk/vexv5\libv5rt.a(vex_global.cpp.obj)
                0x03807af0                vex::fwd
 .rodata._ZN3vex5PORT3E
                0x03807af4        0x4 C:\Program Files (x86)\VEX Robotics\VEXcode Pro V5\sdk/vexv5\libv5rt.a(vex_global.cpp.obj)
                0x03807af4                vex::PORT3
 .rodata._ZN3vex5PORT1E
                0x03807af8        0x4 C:\Program Files (x86)\VEX Robotics\VEXcode Pro V5\sdk/vexv5\libv5rt.a(vex_global.cpp.obj)
                0x03807af8                vex::PORT1
 .rodata._ZN3vex7reverseE
                0x03807afc        0x4 C:\Program Files (x86)\VEX Robotics\VEXcode Pro V5\sdk/vexv5\libv5rt.a(vex_global.cpp.obj)
                0x03807afc                vex::reverse
 .rodata._ZN3vex4voltE
                0x03807b00        0x4 C:\Program Files (x86)\VEX Robotics\VEXcode Pro V5\sdk/vexv5\libv5rt.a(vex_global.cpp.obj)
                0x03807b00                vex::volt
 .rodata._ZN3vex5PORT5E
                0x03807b04        0x4 C:\Program Files (x86)\VEX Robotics\VEXcode Pro V5\sdk/vexv5\libv5rt.a(vex_global.cpp.obj)
                0x03807b04                vex::PORT5
 .rodata._ZN3vex7forwardE
                0x03807b08        0x4 C:\Program Files (x86)\VEX Robotics\VEXcode Pro V5\sdk/vexv5\libv5rt.a(vex_global.cpp.obj)
                0x03807b08                vex::forward
 .rodata._ZN3vex5whiteE
                0x03807b0c        0x4 C:\Program Files (x86)\VEX Robotics\VEXcode Pro V5\sdk/vexv5\libv5rt.a(vex_global.cpp.obj)
                0x03807b0c                vex::white
 .rodata._ZN3vex3pctE
                0x03807b10        0x4 C:\Program Files (x86)\VEX Robotics\VEXcode Pro V5\sdk/vexv5\libv5rt.a(vex_global.cpp.obj)
                0x03807b10                vex::pct
 .rodata._ZN3vex3secE
                0x03807b14        0x4 C:\Program Files (x86)\VEX Robotics\VEXcode Pro V5\sdk/vexv5\libv5rt.a(vex_global.cpp.obj)
                0x03807b14                vex::sec
 .rodata._ZN3vex3redE
                0x03807b18        0x4 C:\Program Files (x86)\VEX Robotics\VEXcode Pro V5\sdk/vexv5\libv5rt.a(vex_global.cpp.obj)
                0x03807b18                vex::red
 .rodata._ZN3vex4msecE
                0x03807b1c        0x4 C:\Program Files (x86)\VEX Robotics\VEXcode Pro V5\sdk/vexv5\libv5rt.a(vex_global.cpp.obj)
                0x03807b1c                vex::msec
 .rodata._ZN3vex6PORT18E
                0x03807b20        0x4 C:\Program Files (x86)\VEX Robotics\VEXcode Pro V5\sdk/vexv5\libv5rt.a(vex_global.cpp.obj)
                0x03807b20                vex::PORT18
 .rodata._ZN3vex4blueE
                0x03807b24        0x4 C:\Program Files (x86)\VEX Robotics\VEXcode Pro V5\sdk/vexv5\libv5rt.a(vex_global.cpp.obj)
                0x03807b24                vex::blue
 .rodata._ZN3vex5PORT2E
                0x03807b28        0x4 C:\Program Files (x86)\VEX Robotics\VEXcode Pro V5\sdk/vexv5\libv5rt.a(vex_global.cpp.obj)
                0x03807b28                vex::PORT2
 .rodata._ZN3vex3rpmE
                0x03807b2c        0x4 C:\Program Files (x86)\VEX Robotics\VEXcode Pro V5\sdk/vexv5\libv5rt.a(vex_global.cpp.obj)
                0x03807b2c                vex::rpm
 .rodata._ZN3vex6PORT11E
                0x03807b30        0x4 C:\Program Files (x86)\VEX Robotics\VEXcode Pro V5\sdk/vexv5\libv5rt.a(vex_global.cpp.obj)
                0x03807b30                vex::PORT11
 .rodata._ZN3vex5PORT6E
                0x03807b34        0x4 C:\Program Files (x86)\VEX Robotics\VEXcode Pro V5\sdk/vexv5\libv5rt.a(vex_global.cpp.obj)
                0x03807b34                vex::PORT6
 .rodata._ZN3vex7primaryE
                0x03807b38        0x4 C:\Program Files (x86)\VEX Robotics\VEXcode Pro V5\sdk/vexv5\libv5rt.a(vex_global.cpp.obj)
                0x03807b38                vex::primary
 .rodata._ZN3vex3degE
                0x03807b3c        0x4 C:\Program Files (x86)\VEX Robotics\VEXcode Pro V5\sdk/vexv5\libv5rt.a(vex_global.cpp.obj)
                0x03807b3c                vex::deg
 .rodata._ZN3vex7percentE
                0x03807b40        0x4 C:\Program Files (x86)\VEX Robotics\VEXcode Pro V5\sdk/vexv5\libv5rt.a(vex_global.cpp.obj)
                0x03807b40                vex::percent
 .rodata._ZN3vex6PORT15E
                0x03807b44        0x4 C:\Program Files (x86)\VEX Robotics\VEXcode Pro V5\sdk/vexv5\libv5rt.a(vex_global.cpp.obj)
                0x03807b44                vex::PORT15
 .rodata._ZN3vex6PORT19E
                0x03807b48        0x4 C:\Program Files (x86)\VEX Robotics\VEXcode Pro V5\sdk/vexv5\libv5rt.a(vex_global.cpp.obj)
                0x03807b48                vex::PORT19
 .rodata._ZN3vex7degreesE
                0x03807b4c        0x4 C:\Program Files (x86)\VEX Robotics\VEXcode Pro V5\sdk/vexv5\libv5rt.a(vex_global.cpp.obj)
                0x03807b4c                vex::degrees
 .rodata._ZN3vex6PORT22E
                0x03807b50        0x4 C:\Program Files (x86)\VEX Robotics\VEXcode Pro V5\sdk/vexv5\libv5rt.a(vex_global.cpp.obj)
                0x03807b50                vex::PORT22
 .rodata._ZN3vex7celsiusE
                0x03807b54        0x4 C:\Program Files (x86)\VEX Robotics\VEXcode Pro V5\sdk/vexv5\libv5rt.a(vex_global.cpp.obj)
                0x03807b54                vex::celsius
 .rodata._ZN3vex5PORT7E
                0x03807b58        0x4 C:\Program Files (x86)\VEX Robotics\VEXcode Pro V5\sdk/vexv5\libv5rt.a(vex_global.cpp.obj)
                0x03807b58                vex::PORT7
 .rodata._ZN3vex6PORT16E
                0x03807b5c        0x4 C:\Program Files (x86)\VEX Robotics\VEXcode Pro V5\sdk/vexv5\libv5rt.a(vex_global.cpp.obj)
                0x03807b5c                vex::PORT16
 .rodata._ZN3vex5turnsE
                0x03807b60        0x4 C:\Program Files (x86)\VEX Robotics\VEXcode Pro V5\sdk/vexv5\libv5rt.a(vex_global.cpp.obj)
                0x03807b60                vex::turns
 .rodata._ZN3vex8ratio6_1E
                0x03807b64        0x4 C:\Program Files (x86)\VEX Robotics\VEXcode Pro V5\sdk/vexv5\libv5rt.a(vex_global.cpp.obj)
                0x03807b64                vex::ratio6_1
 .rodata._ZN3vex5brakeE
                0x03807b68        0x4 C:\Program Files (x86)\VEX Robotics\VEXcode Pro V5\sdk/vexv5\libv5rt.a(vex_global.cpp.obj)
                0x03807b68                vex::brake
 .rodata._ZN3vex5coastE
                0x03807b6c        0x4 C:\Program Files (x86)\VEX Robotics\VEXcode Pro V5\sdk/vexv5\libv5rt.a(vex_global.cpp.obj)
                0x03807b6c                vex::coast
 .rodata._ZN3vex5PORT4E
                0x03807b70        0x4 C:\Program Files (x86)\VEX Robotics\VEXcode Pro V5\sdk/vexv5\libv5rt.a(vex_global.cpp.obj)
                0x03807b70                vex::PORT4
 .rodata._ZN3vex6PORT13E
                0x03807b74        0x4 C:\Program Files (x86)\VEX Robotics\VEXcode Pro V5\sdk/vexv5\libv5rt.a(vex_global.cpp.obj)
                0x03807b74                vex::PORT13
 .rodata._ZN3vex5PORT8E
                0x03807b78        0x4 C:\Program Files (x86)\VEX Robotics\VEXcode Pro V5\sdk/vexv5\libv5rt.a(vex_global.cpp.obj)
                0x03807b78                vex::PORT8
 .rodata._ZN3vex6PORT17E
                0x03807b7c        0x4 C:\Program Files (x86)\VEX Robotics\VEXcode Pro V5\sdk/vexv5\libv5rt.a(vex_global.cpp.obj)
                0x03807b7c                vex::PORT17
 .rodata._ZTVN3vex5motorE
                0x03807b80       0x18 C:\Program Files (x86)\VEX Robotics\VEXcode Pro V5\sdk/vexv5\libv5rt.a(vex_motor.cpp.obj)
                0x03807b80                vtable for vex::motor
 .rodata._ZTVN3vex8inertialE
                0x03807b98       0x68 C:\Program Files (x86)\VEX Robotics\VEXcode Pro V5\sdk/vexv5\libv5rt.a(vex_imu.cpp.obj)
                0x03807b98                vtable for vex::inertial
 .rodata._ZTVN3vex8rotationE
                0x03807c00       0x18 C:\Program Files (x86)\VEX Robotics\VEXcode Pro V5\sdk/vexv5\libv5rt.a(vex_rotation.cpp.obj)
                0x03807c00                vtable for vex::rotation
 .rodata._ZTVN3vex7opticalE
                0x03807c18       0x18 C:\Program Files (x86)\VEX Robotics\VEXcode Pro V5\sdk/vexv5\libv5rt.a(vex_optical.cpp.obj)
                0x03807c18                vtable for vex::optical
 .rodata.CSWTCH.16
                0x03807c30        0xb C:\Program Files (x86)\VEX Robotics\VEXcode Pro V5\sdk/vexv5\libv5rt.a(vex_controller.cpp.obj)
 .rodata.CSWTCH.18
                0x03807c3b        0xb C:\Program Files (x86)\VEX Robotics\VEXcode Pro V5\sdk/vexv5\libv5rt.a(vex_controller.cpp.obj)
 .rodata.CSWTCH.24
                0x03807c46        0x3 C:\Program Files (x86)\VEX Robotics\VEXcode Pro V5\sdk/vexv5\libv5rt.a(vex_controller.cpp.obj)
 .rodata.str1.1
                0x03807c49       0x14 C:\Program Files (x86)\VEX Robotics\VEXcode Pro V5\sdk/vexv5\libv5rt.a(vex_task.cpp.obj)
 .rodata.str1.1
                0x03807c5d       0x14 C:\Program Files (x86)\VEX Robotics\VEXcode Pro V5\sdk/vexv5\libv5rt.a(vex_thread.cpp.obj)
 .rodata.str1.1
                0x03807c71       0x2b C:\Program Files (x86)\VEX Robotics\VEXcode Pro V5\sdk/vexv5\libv5rt.a(vex_brain.cpp.obj)
                                 0x2d (size before relaxing)
 .rodata.CSWTCH.36
                0x03807c9c       0x10 C:\Program Files (x86)\VEX Robotics\VEXcode Pro V5\sdk/vexv5\libv5rt.a(vex_triport.cpp.obj)
 *fill*         0x03807cac        0x4 
 .rodata._ZTVN3vex7triportE
                0x03807cb0       0x18 C:\Program Files (x86)\VEX Robotics\VEXcode Pro V5\sdk/vexv5\libv5rt.a(vex_triport.cpp.obj)
                0x03807cb0                vtable for vex::triport
 .rodata.CSWTCH.31
                0x03807cc8        0xe C:\Program Files (x86)\VEX Robotics\VEXcode Pro V5\sdk/vexv5\libv5rt.a(vex_triport.cpp.obj)
 *fill*         0x03807cd6        0x2 
 .rodata._ZTVN3vex6deviceE
                0x03807cd8       0x18 C:\Program Files (x86)\VEX Robotics\VEXcode Pro V5\sdk/vexv5\libv5rt.a(vex_device.cpp.obj)
                0x03807cd8                vtable for vex::device
 .rodata.str1.4
                0x03807cf0        0x4 C:\Program Files (x86)\VEX Robotics\VEXcode Pro V5\sdk/vexv5/gcc/libs\libc.a(lib_a-impure.o)
                                  0x2 (size before relaxing)
 *(.gnu.linkonce.r.*)
                0x03807cf4                __rodata_end = .

.rodata1        0x03807cf4        0x0
                0x03807cf4                __rodata1_start = .
 *(.rodata1)
 *(.rodata1.*)
                0x03807cf4                __rodata1_end = .

.sdata2         0x03807cf4        0x0
                0x03807cf4                __sdata2_start = .
 *(.sdata2)
 *(.sdata2.*)
 *(.gnu.linkonce.s2.*)
                0x03807cf4                __sdata2_end = .

.sbss2          0x03807cf4        0x0
                0x03807cf4                __sbss2_start = .
 *(.sbss2)
 *(.sbss2.*)
 *(.gnu.linkonce.sb2.*)
                0x03807cf4                __sbss2_end = .

.data           0x03807cf8      0x454
                0x03807cf8                __data_start = .
 *(.data)
 *(.data.*)
 .data.enableBrake
                0x03807cf8        0x1 build/src/odom-chassis.o
                0x03807cf8                enableBrake
 *fill*         0x03807cf9        0x7 
 .data.WHEEL_RADIUS
                0x03807d00        0x8 build/src/odometry.o
                0x03807d00                WHEEL_RADIUS
 .data.SWHEEL_RADIUS
                0x03807d08        0x8 build/src/odometry.o
                0x03807d08                SWHEEL_RADIUS
 .data.appRunning
                0x03807d10        0x4 C:\Program Files (x86)\VEX Robotics\VEXcode Pro V5\sdk/vexv5\libv5rt.a(v5_startup.c.obj)
                0x03807d10                appRunning
 .data.__yoff   0x03807d14        0x4 C:\Program Files (x86)\VEX Robotics\VEXcode Pro V5\sdk/vexv5\libv5rt.a(v5_apijump.c.obj)
 .data._ZN3vex24__default_motor_velocityE
                0x03807d18        0x4 C:\Program Files (x86)\VEX Robotics\VEXcode Pro V5\sdk/vexv5\libv5rt.a(vex_motor.cpp.obj)
                0x03807d18                vex::__default_motor_velocity
 *fill*         0x03807d1c        0x4 
 .data.impure_data
                0x03807d20      0x428 C:\Program Files (x86)\VEX Robotics\VEXcode Pro V5\sdk/vexv5/gcc/libs\libc.a(lib_a-impure.o)
 .data._impure_ptr
                0x03808148        0x4 C:\Program Files (x86)\VEX Robotics\VEXcode Pro V5\sdk/vexv5/gcc/libs\libc.a(lib_a-impure.o)
                0x03808148                _impure_ptr
 *(.gnu.linkonce.d.*)
 *(.jcr)
 *(.got)
 *(.got.plt)
                0x0380814c                __data_end = .

.igot.plt       0x0380814c        0x0
 .igot.plt      0x00000000        0x0 build/src/util.o

.data1          0x0380814c        0x0
                0x0380814c                __data1_start = .
 *(.data1)
 *(.data1.*)
                0x0380814c                __data1_end = .

.got
 *(.got)

.ctors          0x0380814c        0x0
                0x0380814c                __CTOR_LIST__ = .
                0x0380814c                ___CTORS_LIST___ = .
 *crtbegin.o(.ctors)
 *(EXCLUDE_FILE(*crtend.o) .ctors)
 *(SORT(.ctors.*))
 *(.ctors)
                0x0380814c                __CTOR_END__ = .
                0x0380814c                ___CTORS_END___ = .

.dtors          0x0380814c        0x0
                0x0380814c                __DTOR_LIST__ = .
                0x0380814c                ___DTORS_LIST___ = .
 *crtbegin.o(.dtors)
 *(EXCLUDE_FILE(*crtend.o) .dtors)
 *(SORT(.dtors.*))
 *(.dtors)
                0x0380814c                __DTOR_END__ = .
                0x0380814c                ___DTORS_END___ = .

.fixup          0x0380814c        0x0
                0x0380814c                __fixup_start = .
 *(.fixup)
                0x0380814c                __fixup_end = .

.eh_frame
 *(.eh_frame)

.eh_framehdr    0x0380814c        0x0
                0x0380814c                __eh_framehdr_start = .
 *(.eh_framehdr)
                0x0380814c                __eh_framehdr_end = .

.gcc_except_table
 *(.gcc_except_table)

.mmu_tbl        0x0380c000        0x0
                0x0380c000                __mmu_tbl_start = .
 *(.mmu_tbl)
                0x0380c000                __mmu_tbl_end = .

.ARM.exidx      0x0380814c        0x8
                0x0380814c                __exidx_start = .
 *(.ARM.exidx*)
 .ARM.exidx.text._Z4spinPN3vex5motorEdNS_9brakeTypeE
                0x0380814c        0x8 build/src/util.o
 .ARM.exidx.text._Z2aedd
                0x03808154        0x0 build/src/util.o
                                  0x8 (size before relaxing)
 .ARM.exidx.text._Z9is_skillsv
                0x03808154        0x0 build/src/util.o
                                  0x8 (size before relaxing)
 .ARM.exidx.text._Z5clampddd
                0x03808154        0x0 build/src/util.o
                                  0x8 (size before relaxing)
 .ARM.exidx.text._Z10ithresholddd
                0x03808154        0x0 build/src/util.o
                                  0x8 (size before relaxing)
 .ARM.exidx.text._Z2sqd
                0x03808154        0x0 build/src/util.o
                                  0x8 (size before relaxing)
 .ARM.exidx.text._Z5autonv
                0x03808154        0x0 build/src/main.o
                                  0x8 (size before relaxing)
 .ARM.exidx.text._Z11usercontrolv
                0x03808154        0x0 build/src/main.o
                                  0x8 (size before relaxing)
 .ARM.exidx.text.main
                0x03808154        0x0 build/src/main.o
                                  0x8 (size before relaxing)
 .ARM.exidx.text._GLOBAL__sub_I_main.cpp
                0x03808154        0x0 build/src/main.o
                                  0x8 (size before relaxing)
 .ARM.exidx.text._ZN8Kalman1DC2Edddd
                0x03808154        0x0 build/src/kalman.o
                                  0x8 (size before relaxing)
 .ARM.exidx.text._ZN8Kalman1D6updateEd
                0x03808154        0x0 build/src/kalman.o
                                  0x8 (size before relaxing)
 .ARM.exidx.text._Z12disableBreakv
                0x03808154        0x0 build/src/odom-chassis.o
                                  0x8 (size before relaxing)
 .ARM.exidx.text._GLOBAL__sub_I_odom_chassis.cpp
                0x03808154        0x0 build/src/odom-chassis.o
                                  0x8 (size before relaxing)
 .ARM.exidx.text._Z6setPosdd
                0x03808154        0x0 build/src/odometry.o
                                  0x8 (size before relaxing)
 .ARM.exidx.text._Z16positionTrackingv
                0x03808154        0x0 build/src/odometry.o
                                  0x8 (size before relaxing)
 .ARM.exidx.text._Z10initializev
                0x03808154        0x0 build/src/chasis.o
                                  0x8 (size before relaxing)
 .ARM.exidx.text._Z12get_rotationv
                0x03808154        0x0 build/src/chasis.o
                                  0x8 (size before relaxing)
 .ARM.exidx.text._Z15brake_uncheckedv
                0x03808154        0x0 build/src/chasis.o
                                  0x8 (size before relaxing)
 .ARM.exidx.text._Z7getDistv
                0x03808154        0x0 build/src/chasis.o
                                  0x8 (size before relaxing)
 .ARM.exidx.text._Z22turn_absolute_inertialdb
                0x03808154        0x0 build/src/chasis.o
                                  0x8 (size before relaxing)
 .ARM.exidx.text._Z7moveRotff
                0x03808154        0x0 build/src/chasis.o
                                  0x8 (size before relaxing)
 .ARM.exidx.text._Z7turnRotff
                0x03808154        0x0 build/src/chasis.o
                                  0x8 (size before relaxing)
 .ARM.exidx.text._Z14inertial_drivedd
                0x03808154        0x0 build/src/chasis.o
                                  0x8 (size before relaxing)
 .ARM.exidx.text._Z14allBaseVoltagebd
                0x03808154        0x0 build/src/chasis.o
                                  0x8 (size before relaxing)
 .ARM.exidx.text._Z8swingingddd
                0x03808154        0x0 build/src/chasis.o
                                  0x8 (size before relaxing)
 .ARM.exidx.text._ZZ10initializevEN3$_08__invokeEv
                0x03808154        0x0 build/src/chasis.o
                                  0x8 (size before relaxing)
 .ARM.exidx.text._ZZ10initializevENK3$_0clEv
                0x03808154        0x0 build/src/chasis.o
                                  0x8 (size before relaxing)
 .ARM.exidx.text._GLOBAL__sub_I_chasis.cpp
                0x03808154        0x0 build/src/chasis.o
                                  0x8 (size before relaxing)
 .ARM.exidx.text._Z11vexcodeInitv
                0x03808154        0x0 build/src/robot-config.o
                                  0x8 (size before relaxing)
 .ARM.exidx.text._GLOBAL__sub_I_robot_config.cpp
                0x03808154        0x0 build/src/robot-config.o
                                  0x8 (size before relaxing)
 .ARM.exidx.text._Z10spinIntakev