Archive member included because of file (symbol)

C:\Program Files (x86)\VEX Robotics\VEXcode Pro V5\sdk/vexv5\libv5rt.a(v5_startup.c.obj)
                              (vexStartup)
C:\Program Files (x86)\VEX Robotics\VEXcode Pro V5\sdk/vexv5\libv5rt.a(v5_util.c.obj)
                              C:\Program Files (x86)\VEX Robotics\VEXcode Pro V5\sdk/vexv5\libv5rt.a(v5_startup.c.obj) (vexStdlibVersionLinked)
C:\Program Files (x86)\VEX Robotics\VEXcode Pro V5\sdk/vexv5\libv5rt.a(v5_apijump.c.obj)
                              C:\Program Files (x86)\VEX Robotics\VEXcode Pro V5\sdk/vexv5\libv5rt.a(v5_startup.c.obj) (vexPrivateApiEnable)
C:\Program Files (x86)\VEX Robotics\VEXcode Pro V5\sdk/vexv5\libv5rt.a(v5_apiversions.c.obj)
                              C:\Program Files (x86)\VEX Robotics\VEXcode Pro V5\sdk/vexv5\libv5rt.a(v5_apijump.c.obj) (vexSystemVersion)
C:\Program Files (x86)\VEX Robotics\VEXcode Pro V5\sdk/vexv5\libv5rt.a(vex_global.cpp.obj)
                              build/src/main.o (vex::wait(double, vex::timeUnits))
C:\Program Files (x86)\VEX Robotics\VEXcode Pro V5\sdk/vexv5\libv5rt.a(vex_motor.cpp.obj)
                              build/src/robot-config.o (vex::motor::~motor())
C:\Program Files (x86)\VEX Robotics\VEXcode Pro V5\sdk/vexv5\libv5rt.a(vex_imu.cpp.obj)
                              build/src/chasis.o (vex::inertial::setRotation(double, vex::rotationUnits))
C:\Program Files (x86)\VEX Robotics\VEXcode Pro V5\sdk/vexv5\libv5rt.a(vex_rotation.cpp.obj)
                              build/src/robot-config.o (vex::rotation::~rotation())
C:\Program Files (x86)\VEX Robotics\VEXcode Pro V5\sdk/vexv5\libv5rt.a(vex_optical.cpp.obj)
                              build/src/robot-config.o (vex::optical::~optical())
C:\Program Files (x86)\VEX Robotics\VEXcode Pro V5\sdk/vexv5\libv5rt.a(vex_controller.cpp.obj)
                              build/src/robot-config.o (vex::controller::~controller())
C:\Program Files (x86)\VEX Robotics\VEXcode Pro V5\sdk/vexv5\libv5rt.a(vex_task.cpp.obj)
                              build/src/main.o (vex::task::task(int (*)()))
C:\Program Files (x86)\VEX Robotics\VEXcode Pro V5\sdk/vexv5\libv5rt.a(vex_thread.cpp.obj)
                              build/src/chasis.o (vex::thread::thread(int (*)()))
C:\Program Files (x86)\VEX Robotics\VEXcode Pro V5\sdk/vexv5\libv5rt.a(vex_event.cpp.obj)
                              C:\Program Files (x86)\VEX Robotics\VEXcode Pro V5\sdk/vexv5\libv5rt.a(vex_imu.cpp.obj) (vex::event::init(unsigned long, unsigned long, void (*)()))
C:\Program Files (x86)\VEX Robotics\VEXcode Pro V5\sdk/vexv5\libv5rt.a(vex_mevent.cpp.obj)
                              C:\Program Files (x86)\VEX Robotics\VEXcode Pro V5\sdk/vexv5\libv5rt.a(vex_controller.cpp.obj) (vex::mevent::mevent(unsigned long, unsigned long))
C:\Program Files (x86)\VEX Robotics\VEXcode Pro V5\sdk/vexv5\libv5rt.a(vex_brain.cpp.obj)
                              build/src/odom-chassis.o (vex::brain::timer(vex::timeUnits))
C:\Program Files (x86)\VEX Robotics\VEXcode Pro V5\sdk/vexv5\libv5rt.a(vex_competition.cpp.obj)
                              build/src/main.o (vex::competition::competition())
C:\Program Files (x86)\VEX Robotics\VEXcode Pro V5\sdk/vexv5\libv5rt.a(vex_triport.cpp.obj)
                              C:\Program Files (x86)\VEX Robotics\VEXcode Pro V5\sdk/vexv5\libv5rt.a(vex_brain.cpp.obj) (vex::triport::~triport())
C:\Program Files (x86)\VEX Robotics\VEXcode Pro V5\sdk/vexv5\libv5rt.a(vex_color.cpp.obj)
                              build/src/control.o (vex::color::~color())
C:\Program Files (x86)\VEX Robotics\VEXcode Pro V5\sdk/vexv5\libv5rt.a(vex_timer.cpp.obj)
                              C:\Program Files (x86)\VEX Robotics\VEXcode Pro V5\sdk/vexv5\libv5rt.a(vex_brain.cpp.obj) (vex::timer::~timer())
C:\Program Files (x86)\VEX Robotics\VEXcode Pro V5\sdk/vexv5\libv5rt.a(v5_apiuser.c.obj)
                              C:\Program Files (x86)\VEX Robotics\VEXcode Pro V5\sdk/vexv5\libv5rt.a(vex_triport.cpp.obj) (vexAdiPortConfigSet)
C:\Program Files (x86)\VEX Robotics\VEXcode Pro V5\sdk/vexv5\libv5rt.a(vex_device.cpp.obj)
                              C:\Program Files (x86)\VEX Robotics\VEXcode Pro V5\sdk/vexv5\libv5rt.a(vex_motor.cpp.obj) (vex::device::~device())
C:\Program Files (x86)\VEX Robotics\VEXcode Pro V5\sdk/vexv5/gcc/libs\libc.a(lib_a-clock.o)
                              build/src/util.o (clock)
C:\Program Files (x86)\VEX Robotics\VEXcode Pro V5\sdk/vexv5/gcc/libs\libc.a(lib_a-fini.o)
                              C:\Program Files (x86)\VEX Robotics\VEXcode Pro V5\sdk/vexv5\libv5rt.a(v5_startup.c.obj) (__libc_fini_array)
C:\Program Files (x86)\VEX Robotics\VEXcode Pro V5\sdk/vexv5/gcc/libs\libc.a(lib_a-impure.o)
                              C:\Program Files (x86)\VEX Robotics\VEXcode Pro V5\sdk/vexv5\libv5rt.a(v5_startup.c.obj) (_impure_ptr)
C:\Program Files (x86)\VEX Robotics\VEXcode Pro V5\sdk/vexv5/gcc/libs\libc.a(lib_a-init.o)
[...]
Memory Configuration

Name             Origin             Length             Attributes
ps7_ddr_0_S_AXI_BASEADDR 0x03800000         0x04800000
*default*        0x00000000         0xffffffff

Linker script and memory map

                0x00002000                _STACK_SIZE = DEFINED (_STACK_SIZE)?_STACK_SIZE:0x2000
                0x00100000                _HEAP_SIZE = DEFINED (_HEAP_SIZE)?_HEAP_SIZE:0x100000
                0x00000400                _ABORT_STACK_SIZE = DEFINED (_ABORT_STACK_SIZE)?_ABORT_STACK_SIZE:0x400
                0x00000800                _SUPERVISOR_STACK_SIZE = DEFINED (_SUPERVISOR_STACK_SIZE)?_SUPERVISOR_STACK_SIZE:0x800
                0x00000400                _IRQ_STACK_SIZE = DEFINED (_IRQ_STACK_SIZE)?_IRQ_STACK_SIZE:0x400
                0x00000400                _FIQ_STACK_SIZE = DEFINED (_FIQ_STACK_SIZE)?_FIQ_STACK_SIZE:0x400
                0x00000400                _UNDEF_STACK_SIZE = DEFINED (_UNDEF_STACK_SIZE)?_UNDEF_STACK_SIZE:0x400

.text           0x03800000     0x5b28
 *(.vectors)
 *(.boot_data)
 .boot_data     0x03800000       0x20 C:\Program Files (x86)\VEX Robotics\VEXcode Pro V5\sdk/vexv5\libv5rt.a(v5_startup.c.obj)
                0x03800000                vexCodeSig
                0x00000020                . = 0x20
 *(.boot)
 .boot          0x03800020       0xbc C:\Program Files (x86)\VEX Robotics\VEXcode Pro V5\sdk/vexv5\libv5rt.a(v5_startup.c.obj)
                0x03800020                vexStartup
                0x03800100                . = ALIGN (0x40)
 *fill*         0x038000dc       0x24 
 *(.freertos_vectors)
 *(.text)
 *(.text.*)
 .text._Z4spinPN3vex5motorEdNS_9brakeTypeE
                0x03800100       0x78 build/src/util.o
                0x03800100                spin(vex::motor*, double, vex::brakeType)
 .text._Z2aedd  0x03800178       0x30 build/src/util.o
                0x03800178                ae(double, double)
 .text._Z9is_skillsv
                0x038001a8       0x20 build/src/util.o
                0x038001a8                is_skills()
 .text._Z5clampddd
                0x038001c8       0x30 build/src/util.o
                0x038001c8                clamp(double, double, double)
 .text._Z10ithresholddd
                0x038001f8       0x4c build/src/util.o
                0x038001f8                ithreshold(double, double)
 .text._Z2sqd   0x03800244       0x10 build/src/util.o
                0x03800244                sq(double)
 .text._Z3sgnd  0x03800254       0x1c build/src/util.o
                0x03800254                sgn(double)
 .text._Z5autonv
                0x03800270      0x3f0 build/src/main.o
                0x03800270                auton()
 .text._Z11usercontrolv
                0x03800660      0x4e4 build/src/main.o
                0x03800660                usercontrol()
 *fill*         0x03800b44        0x4 
 .text.main     0x03800b48      0x258 build/src/main.o
                0x03800b48                main
 .text._GLOBAL__sub_I_main.cpp
                0x03800da0       0x34 build/src/main.o
 .text._ZN8Kalman1DC2Edddd
                0x03800dd4       0x24 build/src/kalman.o
                0x03800dd4                Kalman1D::Kalman1D(double, double, double, double)
                0x03800dd4                Kalman1D::Kalman1D(double, double, double, double)
 .text._ZN8Kalman1D6updateEd
                0x03800df8       0x34 build/src/kalman.o
                0x03800df8                Kalman1D::update(double)
 .text._GLOBAL__sub_I_odom_chassis.cpp
                0x03800e2c       0x34 build/src/odom-chassis.o
 .text._Z10initializev
                0x03800e60       0x28 build/src/chasis.o
                0x03800e60                initialize()
 .text._Z12get_rotationv
                0x03800e88       0x3c build/src/chasis.o
                0x03800e88                get_rotation()
 .text._Z15brake_uncheckedv
                0x03800ec4       0x4c build/src/chasis.o
                0x03800ec4                brake_unchecked()
 .text._Z7getDistv
                0x03800f10       0xf8 build/src/chasis.o
                0x03800f10                getDist()
 .text._Z22turn_absolute_inertiald
                0x03801008      0x3e8 build/src/chasis.o
                0x03801008                turn_absolute_inertial(double)
 .text._Z7moveRotff
                0x038013f0      0x110 build/src/chasis.o
                0x038013f0                moveRot(float, float)
 .text._Z14inertial_drivedd
                0x03801500      0x448 build/src/chasis.o
                0x03801500                inertial_drive(double, double)
 .text._Z14allBaseVoltagebd
                0x03801948       0xf0 build/src/chasis.o
                0x03801948                allBaseVoltage(bool, double)
 .text._ZZ10initializevEN3$_08__invokeEv
                0x03801a38        0xc build/src/chasis.o
 .text._ZZ10initializevENK3$_0clEv
                0x03801a44       0xa0 build/src/chasis.o
 .text._GLOBAL__sub_I_chasis.cpp
                0x03801ae4       0x70 build/src/chasis.o
 .text._Z11vexcodeInitv
                0x03801b54        0x4 build/src/robot-config.o
                0x03801b54                vexcodeInit()
 .text._GLOBAL__sub_I_robot_config.cpp
                0x03801b58      0x38c build/src/robot-config.o
 *fill*         0x03801ee4        0x4 
 .text._Z10spinIntakev
                0x03801ee8       0x50 build/src/control.o
                0x03801ee8                spinIntake()
 .text._Z9spinIndexv
                0x03801f38       0x50 build/src/control.o
                0x03801f38                spinIndex()
 .text._Z10stopIntakev
                0x03801f88       0x18 build/src/control.o
                0x03801f88                stopIntake()
 .text._Z10AutoRollerSs
                0x03801fa0      0x178 build/src/control.o
                0x03801fa0                AutoRoller(std::string)
 .text._Z8timeCtrlSsf
                0x03802118      0x24c build/src/control.o
                0x03802118                timeCtrl(std::string, float)
 .text._Z13FwVelocitySetif
                0x03802364       0x6c build/src/control.o
                0x03802364                FwVelocitySet(int, float)
 .text._Z6volleyif
                0x038023d0      0x19c build/src/control.o
                0x038023d0                volley(int, float)
 .text._Z26FwControlUpdateVelocityTbhv
                0x0380256c      0x104 build/src/control.o
                0x0380256c                FwControlUpdateVelocityTbh()
 .text._Z13FwControlTaskv
                0x03802670       0xc8 build/src/control.o
                0x03802670                FwControlTask()
 .text.__cxx_global_array_dtor
                0x03802738       0x34 build/src/buttonSelector.o
 *fill*         0x0380276c        0x4 
 .text._GLOBAL__sub_I_buttonSelector.cpp
                0x03802770      0x290 build/src/buttonSelector.o
 .text.vexMain  0x03802a00       0xb0 C:\Program Files (x86)\VEX Robotics\VEXcode Pro V5\sdk/vexv5\libv5rt.a(v5_startup.c.obj)
                0x03802a00                vexMain
 .text.__vex_function_prolog
                0x03802ab0       0x18 C:\Program Files (x86)\VEX Robotics\VEXcode Pro V5\sdk/vexv5\libv5rt.a(v5_startup.c.obj)
                0x03802ab0                __vex_function_prolog
 .text._init    0x03802ac8        0x4 C:\Program Files (x86)\VEX Robotics\VEXcode Pro V5\sdk/vexv5\libv5rt.a(v5_startup.c.obj)
                0x03802ac8                _init
 .text._fini    0x03802acc        0x4 C:\Program Files (x86)\VEX Robotics\VEXcode Pro V5\sdk/vexv5\libv5rt.a(v5_startup.c.obj)
                0x03802acc                _fini
 .text.vexStdlibVersionLinked
                0x03802ad0        0xc C:\Program Files (x86)\VEX Robotics\VEXcode Pro V5\sdk/vexv5\libv5rt.a(v5_util.c.obj)
                0x03802ad0                vexStdlibVersionLinked
 .text.vexStdlibVersionVerify
                0x03802adc       0x30 C:\Program Files (x86)\VEX Robotics\VEXcode Pro V5\sdk/vexv5\libv5rt.a(v5_util.c.obj)
                0x03802adc                vexStdlibVersionVerify
 .text.vexPrivateApiEnable
                0x03802b0c       0x10 C:\Program Files (x86)\VEX Robotics\VEXcode Pro V5\sdk/vexv5\libv5rt.a(v5_apijump.c.obj)
                0x03802b0c                vexPrivateApiEnable
 .text.vexStdlibMismatchError
                0x03802b1c       0x3c C:\Program Files (x86)\VEX Robotics\VEXcode Pro V5\sdk/vexv5\libv5rt.a(v5_apijump.c.obj)
                0x03802b1c                vexStdlibMismatchError
 .text.vexTaskAdd
                0x03802b58       0x10 C:\Program Files (x86)\VEX Robotics\VEXcode Pro V5\sdk/vexv5\libv5rt.a(v5_apijump.c.obj)
                0x03802b58                vexTaskAdd
 .text.vexTasksRun
                0x03802b68       0x10 C:\Program Files (x86)\VEX Robotics\VEXcode Pro V5\sdk/vexv5\libv5rt.a(v5_apijump.c.obj)
                0x03802b68                vexTasksRun
 .text.vexTaskYield
                0x03802b78       0x10 C:\Program Files (x86)\VEX Robotics\VEXcode Pro V5\sdk/vexv5\libv5rt.a(v5_apijump.c.obj)
                0x03802b78                vexTaskYield
 .text.vexTaskCheckTimeslice
                0x03802b88       0x10 C:\Program Files (x86)\VEX Robotics\VEXcode Pro V5\sdk/vexv5\libv5rt.a(v5_apijump.c.obj)
                0x03802b88                vexTaskCheckTimeslice
 .text.vexTaskSleep
                0x03802b98       0x10 C:\Program Files (x86)\VEX Robotics\VEXcode Pro V5\sdk/vexv5\libv5rt.a(v5_apijump.c.obj)
                0x03802b98                vexTaskSleep
 .text.vexSemaphoreInit
                0x03802ba8       0x24 C:\Program Files (x86)\VEX Robotics\VEXcode Pro V5\sdk/vexv5\libv5rt.a(v5_apijump.c.obj)
                0x03802ba8                vexSemaphoreInit
 .text.vexSemaphoreLock
                0x03802bcc       0x2c C:\Program Files (x86)\VEX Robotics\VEXcode Pro V5\sdk/vexv5\libv5rt.a(v5_apijump.c.obj)
                0x03802bcc                vexSemaphoreLock
 .text.vexSemaphoreUnlock
                0x03802bf8       0x24 C:\Program Files (x86)\VEX Robotics\VEXcode Pro V5\sdk/vexv5\libv5rt.a(v5_apijump.c.obj)
                0x03802bf8                vexSemaphoreUnlock
 .text.vexTasksDump
                0x03802c1c       0x1c C:\Program Files (x86)\VEX Robotics\VEXcode Pro V5\sdk/vexv5\libv5rt.a(v5_apijump.c.obj)
                0x03802c1c                vexTasksDump
 .text.vexTaskGetTaskIndex
                0x03802c38       0x10 C:\Program Files (x86)\VEX Robotics\VEXcode Pro V5\sdk/vexv5\libv5rt.a(v5_apijump.c.obj)
                0x03802c38                vexTaskGetTaskIndex
 .text.vexTaskStopAll
                0x03802c48       0x10 C:\Program Files (x86)\VEX Robotics\VEXcode Pro V5\sdk/vexv5\libv5rt.a(v5_apijump.c.obj)
                0x03802c48                vexTaskStopAll
 .text.vexTaskRemoveAllUser
                0x03802c58       0x34 C:\Program Files (x86)\VEX Robotics\VEXcode Pro V5\sdk/vexv5\libv5rt.a(v5_apijump.c.obj)
                0x03802c58                vexTaskRemoveAllUser
 .text.vexTaskCompletionIdSet
                0x03802c8c       0x10 C:\Program Files (x86)\VEX Robotics\VEXcode Pro V5\sdk/vexv5\libv5rt.a(v5_apijump.c.obj)
                0x03802c8c                vexTaskCompletionIdSet
 .text.vexTaskStopWithId
                0x03802c9c       0x10 C:\Program Files (x86)\VEX Robotics\VEXcode Pro V5\sdk/vexv5\libv5rt.a(v5_apijump.c.obj)
                0x03802c9c                vexTaskStopWithId
 .text.vexCriticalSection
                0x03802cac       0x2c C:\Program Files (x86)\VEX Robotics\VEXcode Pro V5\sdk/vexv5\libv5rt.a(v5_apijump.c.obj)
                0x03802cac                vexCriticalSection
 .text.vexEventAdd
                0x03802cd8       0x34 C:\Program Files (x86)\VEX Robotics\VEXcode Pro V5\sdk/vexv5\libv5rt.a(v5_apijump.c.obj)
                0x03802cd8                vexEventAdd
 .text.vexEventUserIndexGet
                0x03802d0c       0x1c C:\Program Files (x86)\VEX Robotics\VEXcode Pro V5\sdk/vexv5\libv5rt.a(v5_apijump.c.obj)
                0x03802d0c                vexEventUserIndexGet
 .text.vexEventAddWithArg
                0x03802d28       0x3c C:\Program Files (x86)\VEX Robotics\VEXcode Pro V5\sdk/vexv5\libv5rt.a(v5_apijump.c.obj)
                0x03802d28                vexEventAddWithArg
 .text.vexEventsCleanup
                0x03802d64       0x2c C:\Program Files (x86)\VEX Robotics\VEXcode Pro V5\sdk/vexv5\libv5rt.a(v5_apijump.c.obj)
                0x03802d64                vexEventsCleanup
 .text.vexDebug
                0x03802d90       0x38 C:\Program Files (x86)\VEX Robotics\VEXcode Pro V5\sdk/vexv5\libv5rt.a(v5_apijump.c.obj)
                0x03802d90                vexDebug
 .text.vex_sprintf
                0x03802dc8       0x40 C:\Program Files (x86)\VEX Robotics\VEXcode Pro V5\sdk/vexv5\libv5rt.a(v5_apijump.c.obj)
                0x03802dc8                vex_sprintf
 .text.vex_vsnprintf
                0x03802e08       0x3c C:\Program Files (x86)\VEX Robotics\VEXcode Pro V5\sdk/vexv5\libv5rt.a(v5_apijump.c.obj)
                0x03802e08                vex_vsnprintf
 .text.vexSystemTimeGet
                0x03802e44       0x1c C:\Program Files (x86)\VEX Robotics\VEXcode Pro V5\sdk/vexv5\libv5rt.a(v5_apijump.c.obj)
                0x03802e44                vexSystemTimeGet
 .text.vexSystemExitRequest
                0x03802e60       0x1c C:\Program Files (x86)\VEX Robotics\VEXcode Pro V5\sdk/vexv5\libv5rt.a(v5_apijump.c.obj)
                0x03802e60                vexSystemExitRequest
 .text.vexDeviceGetByIndex
                0x03802e7c       0x24 C:\Program Files (x86)\VEX Robotics\VEXcode Pro V5\sdk/vexv5\libv5rt.a(v5_apijump.c.obj)
                0x03802e7c                vexDeviceGetByIndex
 .text.vexControllerGet
                0x03802ea0       0x2c C:\Program Files (x86)\VEX Robotics\VEXcode Pro V5\sdk/vexv5\libv5rt.a(v5_apijump.c.obj)
                0x03802ea0                vexControllerGet
 .text.vexControllerTextSet
                0x03802ecc       0x74 C:\Program Files (x86)\VEX Robotics\VEXcode Pro V5\sdk/vexv5\libv5rt.a(v5_apijump.c.obj)
                0x03802ecc                vexControllerTextSet
 .text.vexDeviceAdiPortConfigSet
                0x03802f40       0x34 C:\Program Files (x86)\VEX Robotics\VEXcode Pro V5\sdk/vexv5\libv5rt.a(v5_apijump.c.obj)
                0x03802f40                vexDeviceAdiPortConfigSet
 .text.vexDeviceAdiPortConfigGet
                0x03802f74       0x2c C:\Program Files (x86)\VEX Robotics\VEXcode Pro V5\sdk/vexv5\libv5rt.a(v5_apijump.c.obj)
                0x03802f74                vexDeviceAdiPortConfigGet
 .text.vexDeviceAdiValueSet
                0x03802fa0       0x34 C:\Program Files (x86)\VEX Robotics\VEXcode Pro V5\sdk/vexv5\libv5rt.a(v5_apijump.c.obj)
                0x03802fa0                vexDeviceAdiValueSet
 .text.vexDeviceAdiValueGet
                0x03802fd4       0x2c C:\Program Files (x86)\VEX Robotics\VEXcode Pro V5\sdk/vexv5\libv5rt.a(v5_apijump.c.obj)
                0x03802fd4                vexDeviceAdiValueGet
 .text.vexDeviceMotorVelocitySet
                0x03803000       0x2c C:\Program Files (x86)\VEX Robotics\VEXcode Pro V5\sdk/vexv5\libv5rt.a(v5_apijump.c.obj)
                0x03803000                vexDeviceMotorVelocitySet
 .text.vexDeviceMotorVoltageSet
                0x0380302c       0x2c C:\Program Files (x86)\VEX Robotics\VEXcode Pro V5\sdk/vexv5\libv5rt.a(v5_apijump.c.obj)
                0x0380302c                vexDeviceMotorVoltageSet
 .text.vexDeviceMotorVelocityGet
                0x03803058       0x24 C:\Program Files (x86)\VEX Robotics\VEXcode Pro V5\sdk/vexv5\libv5rt.a(v5_apijump.c.obj)
                0x03803058                vexDeviceMotorVelocityGet
 .text.vexDeviceMotorActualVelocityGet
                0x0380307c       0x24 C:\Program Files (x86)\VEX Robotics\VEXcode Pro V5\sdk/vexv5\libv5rt.a(v5_apijump.c.obj)
                0x0380307c                vexDeviceMotorActualVelocityGet
 .text.vexDeviceMotorModeGet
                0x038030a0       0x24 C:\Program Files (x86)\VEX Robotics\VEXcode Pro V5\sdk/vexv5\libv5rt.a(v5_apijump.c.obj)
                0x038030a0                vexDeviceMotorModeGet
 .text.vexDeviceMotorTemperatureGet
                0x038030c4       0x24 C:\Program Files (x86)\VEX Robotics\VEXcode Pro V5\sdk/vexv5\libv5rt.a(v5_apijump.c.obj)
                0x038030c4                vexDeviceMotorTemperatureGet
 .text.vexDeviceMotorZeroPositionFlagGet
                0x038030e8       0x24 C:\Program Files (x86)\VEX Robotics\VEXcode Pro V5\sdk/vexv5\libv5rt.a(v5_apijump.c.obj)
                0x038030e8                vexDeviceMotorZeroPositionFlagGet
 .text.vexDeviceMotorReverseFlagSet
                0x0380310c       0x2c C:\Program Files (x86)\VEX Robotics\VEXcode Pro V5\sdk/vexv5\libv5rt.a(v5_apijump.c.obj)
                0x0380310c                vexDeviceMotorReverseFlagSet
 .text.vexDeviceMotorEncoderUnitsSet
                0x03803138       0x2c C:\Program Files (x86)\VEX Robotics\VEXcode Pro V5\sdk/vexv5\libv5rt.a(v5_apijump.c.obj)
                0x03803138                vexDeviceMotorEncoderUnitsSet
 .text.vexDeviceMotorBrakeModeSet
                0x03803164       0x2c C:\Program Files (x86)\VEX Robotics\VEXcode Pro V5\sdk/vexv5\libv5rt.a(v5_apijump.c.obj)
                0x03803164                vexDeviceMotorBrakeModeSet
 .text.vexDeviceMotorPositionSet
                0x03803190       0x34 C:\Program Files (x86)\VEX Robotics\VEXcode Pro V5\sdk/vexv5\libv5rt.a(v5_apijump.c.obj)
                0x03803190                vexDeviceMotorPositionSet
 .text.vexDeviceMotorPositionGet
                0x038031c4       0x24 C:\Program Files (x86)\VEX Robotics\VEXcode Pro V5\sdk/vexv5\libv5rt.a(v5_apijump.c.obj)
                0x038031c4                vexDeviceMotorPositionGet
 .text.vexDeviceMotorRelativeTargetSet
                0x038031e8       0x3c C:\Program Files (x86)\VEX Robotics\VEXcode Pro V5\sdk/vexv5\libv5rt.a(v5_apijump.c.obj)
                0x038031e8                vexDeviceMotorRelativeTargetSet
 .text.vexDeviceMotorGearingSet
                0x03803224       0x2c C:\Program Files (x86)\VEX Robotics\VEXcode Pro V5\sdk/vexv5\libv5rt.a(v5_apijump.c.obj)
                0x03803224                vexDeviceMotorGearingSet
 .text.vexDeviceMotorGearingGet
                0x03803250       0x24 C:\Program Files (x86)\VEX Robotics\VEXcode Pro V5\sdk/vexv5\libv5rt.a(v5_apijump.c.obj)
                0x03803250                vexDeviceMotorGearingGet
 .text.vexDeviceImuReset
                0x03803274       0x24 C:\Program Files (x86)\VEX Robotics\VEXcode Pro V5\sdk/vexv5\libv5rt.a(v5_apijump.c.obj)
                0x03803274                vexDeviceImuReset
 .text.vexDeviceImuHeadingGet
                0x03803298       0x24 C:\Program Files (x86)\VEX Robotics\VEXcode Pro V5\sdk/vexv5\libv5rt.a(v5_apijump.c.obj)
                0x03803298                vexDeviceImuHeadingGet
 .text.vexDeviceImuDegreesGet
                0x038032bc       0x24 C:\Program Files (x86)\VEX Robotics\VEXcode Pro V5\sdk/vexv5\libv5rt.a(v5_apijump.c.obj)
                0x038032bc                vexDeviceImuDegreesGet
 .text.vexDeviceImuStatusGet
                0x038032e0       0x24 C:\Program Files (x86)\VEX Robotics\VEXcode Pro V5\sdk/vexv5\libv5rt.a(v5_apijump.c.obj)
                0x038032e0                vexDeviceImuStatusGet
 .text.vexDeviceAbsEncPositionSet
                0x03803304       0x2c C:\Program Files (x86)\VEX Robotics\VEXcode Pro V5\sdk/vexv5\libv5rt.a(v5_apijump.c.obj)
                0x03803304                vexDeviceAbsEncPositionSet
 .text.vexDeviceAbsEncAngleGet
                0x03803330       0x24 C:\Program Files (x86)\VEX Robotics\VEXcode Pro V5\sdk/vexv5\libv5rt.a(v5_apijump.c.obj)
                0x03803330                vexDeviceAbsEncAngleGet
 .text.vexDeviceAbsEncReverseFlagSet
                0x03803354       0x2c C:\Program Files (x86)\VEX Robotics\VEXcode Pro V5\sdk/vexv5\libv5rt.a(v5_apijump.c.obj)
                0x03803354                vexDeviceAbsEncReverseFlagSet
 .text.vexDeviceOpticalHueGet
                0x03803380       0x24 C:\Program Files (x86)\VEX Robotics\VEXcode Pro V5\sdk/vexv5\libv5rt.a(v5_apijump.c.obj)
                0x03803380                vexDeviceOpticalHueGet
 .text.vexDeviceOpticalGestureEnable
                0x038033a4       0x24 C:\Program Files (x86)\VEX Robotics\VEXcode Pro V5\sdk/vexv5\libv5rt.a(v5_apijump.c.obj)
                0x038033a4                vexDeviceOpticalGestureEnable
 .text.vexDeviceOpticalGestureDisable
                0x038033c8       0x24 C:\Program Files (x86)\VEX Robotics\VEXcode Pro V5\sdk/vexv5\libv5rt.a(v5_apijump.c.obj)
                0x038033c8                vexDeviceOpticalGestureDisable
 .text.vexDeviceOpticalProximityThreshold
                0x038033ec       0x2c C:\Program Files (x86)\VEX Robotics\VEXcode Pro V5\sdk/vexv5\libv5rt.a(v5_apijump.c.obj)
                0x038033ec                vexDeviceOpticalProximityThreshold
 .text.vexDisplayForegroundColor
                0x03803418       0x24 C:\Program Files (x86)\VEX Robotics\VEXcode Pro V5\sdk/vexv5\libv5rt.a(v5_apijump.c.obj)
                0x03803418                vexDisplayForegroundColor
 .text.vexDisplayBackgroundColor
                0x0380343c       0x24 C:\Program Files (x86)\VEX Robotics\VEXcode Pro V5\sdk/vexv5\libv5rt.a(v5_apijump.c.obj)
                0x0380343c                vexDisplayBackgroundColor
 .text.vexDisplayVPrintf
                0x03803460       0x50 C:\Program Files (x86)\VEX Robotics\VEXcode Pro V5\sdk/vexv5\libv5rt.a(v5_apijump.c.obj)
                0x03803460                vexDisplayVPrintf
 .text.vexDisplayTextReference
                0x038034b0       0x24 C:\Program Files (x86)\VEX Robotics\VEXcode Pro V5\sdk/vexv5\libv5rt.a(v5_apijump.c.obj)
                0x038034b0                vexDisplayTextReference
 .text.vexDisplayTextSize
                0x038034d4       0x2c C:\Program Files (x86)\VEX Robotics\VEXcode Pro V5\sdk/vexv5\libv5rt.a(v5_apijump.c.obj)
                0x038034d4                vexDisplayTextSize
 .text.vexDisplayFontNamedSet
                0x03803500       0x24 C:\Program Files (x86)\VEX Robotics\VEXcode Pro V5\sdk/vexv5\libv5rt.a(v5_apijump.c.obj)
                0x03803500                vexDisplayFontNamedSet
 .text.vexDisplayStringWidthGet
                0x03803524       0x24 C:\Program Files (x86)\VEX Robotics\VEXcode Pro V5\sdk/vexv5\libv5rt.a(v5_apijump.c.obj)
                0x03803524                vexDisplayStringWidthGet
 .text.vexSystemStdlibImpureDataAddr
                0x03803548       0x28 C:\Program Files (x86)\VEX Robotics\VEXcode Pro V5\sdk/vexv5\libv5rt.a(v5_apijump.c.obj)
                0x03803548                vexSystemStdlibImpureDataAddr
 .text.vexSystemStdlibImpureDataSize
                0x03803570       0x28 C:\Program Files (x86)\VEX Robotics\VEXcode Pro V5\sdk/vexv5\libv5rt.a(v5_apijump.c.obj)
                0x03803570                vexSystemStdlibImpureDataSize
 .text.vexSystemSaveUserData
                0x03803598       0x3c C:\Program Files (x86)\VEX Robotics\VEXcode Pro V5\sdk/vexv5\libv5rt.a(v5_apijump.c.obj)
                0x03803598                vexSystemSaveUserData
 .text.vexDisplayThemeIdGet
                0x038035d4       0x38 C:\Program Files (x86)\VEX Robotics\VEXcode Pro V5\sdk/vexv5\libv5rt.a(v5_apijump.c.obj)
                0x038035d4                vexDisplayThemeIdGet
 .text.vexDeviceEventMaskSet
                0x0380360c       0x48 C:\Program Files (x86)\VEX Robotics\VEXcode Pro V5\sdk/vexv5\libv5rt.a(v5_apijump.c.obj)
                0x0380360c                vexDeviceEventMaskSet
 .text.vexDeviceEventMaskGet
                0x03803654       0x3c C:\Program Files (x86)\VEX Robotics\VEXcode Pro V5\sdk/vexv5\libv5rt.a(v5_apijump.c.obj)
                0x03803654                vexDeviceEventMaskGet
 .text.vexSystemVersion
                0x03803690       0x10 C:\Program Files (x86)\VEX Robotics\VEXcode Pro V5\sdk/vexv5\libv5rt.a(v5_apiversions.c.obj)
                0x03803690                vexSystemVersion
 .text.vexStdlibVersion
                0x038036a0       0x10 C:\Program Files (x86)\VEX Robotics\VEXcode Pro V5\sdk/vexv5\libv5rt.a(v5_apiversions.c.obj)
                0x038036a0                vexStdlibVersion
 .text._ZN3vex4waitEdNS_9timeUnitsE
                0x038036b0       0x30 C:\Program Files (x86)\VEX Robotics\VEXcode Pro V5\sdk/vexv5\libv5rt.a(vex_global.cpp.obj)
                0x038036b0                vex::wait(double, vex::timeUnits)
 .text._ZN3vex5motorD2Ev
                0x038036e0       0x20 C:\Program Files (x86)\VEX Robotics\VEXcode Pro V5\sdk/vexv5\libv5rt.a(vex_motor.cpp.obj)
                0x038036e0                vex::motor::~motor()
                0x038036e0                vex::motor::~motor()
 .text._ZN3vex5motorD0Ev
                0x03803700       0x1c C:\Program Files (x86)\VEX Robotics\VEXcode Pro V5\sdk/vexv5\libv5rt.a(vex_motor.cpp.obj)
                0x03803700                vex::motor::~motor()
 .text._ZN3vex5motor9installedEv
                0x0380371c       0x18 C:\Program Files (x86)\VEX Robotics\VEXcode Pro V5\sdk/vexv5\libv5rt.a(vex_motor.cpp.obj)
                0x0380371c                vex::motor::installed()
 .text._ZN3vex5motor15defaultStoppingENS_9brakeTypeE
                0x03803734       0x30 C:\Program Files (x86)\VEX Robotics\VEXcode Pro V5\sdk/vexv5\libv5rt.a(vex_motor.cpp.obj)
                0x03803734                vex::motor::defaultStopping(vex::brakeType)
 .text._ZN3vex5motorC2El
                0x03803764       0x78 C:\Program Files (x86)\VEX Robotics\VEXcode Pro V5\sdk/vexv5\libv5rt.a(vex_motor.cpp.obj)
                0x03803764                vex::motor::motor(long)
                0x03803764                vex::motor::motor(long)
 .text._ZN3vex5motorC2ElNS_11gearSettingEb
                0x038037dc       0x34 C:\Program Files (x86)\VEX Robotics\VEXcode Pro V5\sdk/vexv5\libv5rt.a(vex_motor.cpp.obj)
                0x038037dc                vex::motor::motor(long, vex::gearSetting, bool)
                0x038037dc                vex::motor::motor(long, vex::gearSetting, bool)
 .text._ZN3vex5motor4spinENS_13directionTypeEdNS_12voltageUnitsE
                0x03803810       0x50 C:\Program Files (x86)\VEX Robotics\VEXcode Pro V5\sdk/vexv5\libv5rt.a(vex_motor.cpp.obj)
                0x03803810                vex::motor::spin(vex::directionType, double, vex::voltageUnits)
 .text._ZN3vex5motor14isSpinningModeEv
                0x03803860       0x48 C:\Program Files (x86)\VEX Robotics\VEXcode Pro V5\sdk/vexv5\libv5rt.a(vex_motor.cpp.obj)
                0x03803860                vex::motor::isSpinningMode()
 .text._ZN3vex5motor4stopENS_9brakeTypeE
                0x038038a8       0x30 C:\Program Files (x86)\VEX Robotics\VEXcode Pro V5\sdk/vexv5\libv5rt.a(vex_motor.cpp.obj)
                0x038038a8                vex::motor::stop(vex::brakeType)
 .text._ZN3vex5motor4stopEv
                0x038038d8        0x8 C:\Program Files (x86)\VEX Robotics\VEXcode Pro V5\sdk/vexv5\libv5rt.a(vex_motor.cpp.obj)
                0x038038d8                vex::motor::stop()
 .text._ZN3vex5motor11temperatureENS_16temperatureUnitsE
                0x038038e0       0x40 C:\Program Files (x86)\VEX Robotics\VEXcode Pro V5\sdk/vexv5\libv5rt.a(vex_motor.cpp.obj)
                0x038038e0                vex::motor::temperature(vex::temperatureUnits)
 .text._ZN3vex5motor16velocityToScaledEdNS_13velocityUnitsE
                0x03803920       0x5c C:\Program Files (x86)\VEX Robotics\VEXcode Pro V5\sdk/vexv5\libv5rt.a(vex_motor.cpp.obj)
                0x03803920                vex::motor::velocityToScaled(double, vex::velocityUnits)
 .text._ZN3vex5motor8velocityENS_13velocityUnitsE
                0x0380397c       0x30 C:\Program Files (x86)\VEX Robotics\VEXcode Pro V5\sdk/vexv5\libv5rt.a(vex_motor.cpp.obj)
                0x0380397c                vex::motor::velocity(vex::velocityUnits)
 .text._ZN3vex5motor5valueEv
                0x038039ac       0x1c C:\Program Files (x86)\VEX Robotics\VEXcode Pro V5\sdk/vexv5\libv5rt.a(vex_motor.cpp.obj)
                0x038039ac                vex::motor::value()
 .text._ZN3vex5motor16scaledToVelocityEdNS_13velocityUnitsE
                0x038039c8       0xa4 C:\Program Files (x86)\VEX Robotics\VEXcode Pro V5\sdk/vexv5\libv5rt.a(vex_motor.cpp.obj)
                0x038039c8                vex::motor::scaledToVelocity(double, vex::velocityUnits)
 .text._ZN3vex5motor4spinENS_13directionTypeEdNS_13velocityUnitsE
                0x03803a6c       0x5c C:\Program Files (x86)\VEX Robotics\VEXcode Pro V5\sdk/vexv5\libv5rt.a(vex_motor.cpp.obj)
                0x03803a6c                vex::motor::spin(vex::directionType, double, vex::velocityUnits)
 .text._ZN3vex5motor16setRotationUnitsENS_13rotationUnitsE
                0x03803ac8       0x1c C:\Program Files (x86)\VEX Robotics\VEXcode Pro V5\sdk/vexv5\libv5rt.a(vex_motor.cpp.obj)
                0x03803ac8                vex::motor::setRotationUnits(vex::rotationUnits)
 .text._ZN3vex5motor11setRotationEdNS_13rotationUnitsE
                0x03803ae4       0x44 C:\Program Files (x86)\VEX Robotics\VEXcode Pro V5\sdk/vexv5\libv5rt.a(vex_motor.cpp.obj)
                0x03803ae4                vex::motor::setRotation(double, vex::rotationUnits)
 .text._ZN3vex5motor11setPositionEdNS_13rotationUnitsE
                0x03803b28        0x4 C:\Program Files (x86)\VEX Robotics\VEXcode Pro V5\sdk/vexv5\libv5rt.a(vex_motor.cpp.obj)
                0x03803b28                vex::motor::setPosition(double, vex::rotationUnits)
 .text._ZN3vex5motor9rotateForEdNS_13rotationUnitsEdNS_13velocityUnitsEb
                0x03803b2c       0xf4 C:\Program Files (x86)\VEX Robotics\VEXcode Pro V5\sdk/vexv5\libv5rt.a(vex_motor.cpp.obj)
                0x03803b2c                vex::motor::rotateFor(double, vex::rotationUnits, double, vex::velocityUnits, bool)
 .text._ZN3vex5motor8rotationENS_13rotationUnitsE
                0x03803c20       0x44 C:\Program Files (x86)\VEX Robotics\VEXcode Pro V5\sdk/vexv5\libv5rt.a(vex_motor.cpp.obj)
                0x03803c20                vex::motor::rotation(vex::rotationUnits)
 .text._ZN3vex5motor8positionENS_13rotationUnitsE
                0x03803c64        0x4 C:\Program Files (x86)\VEX Robotics\VEXcode Pro V5\sdk/vexv5\libv5rt.a(vex_motor.cpp.obj)
                0x03803c64                vex::motor::position(vex::rotationUnits)
 .text._ZN3vex8inertial11getTurnTypeEv
                0x03803c68        0x8 C:\Program Files (x86)\VEX Robotics\VEXcode Pro V5\sdk/vexv5\libv5rt.a(vex_imu.cpp.obj)
                0x03803c68                vex::inertial::getTurnType()
 .text._ZThn16_N3vex8inertial11getTurnTypeEv
                0x03803c70        0x8 C:\Program Files (x86)\VEX Robotics\VEXcode Pro V5\sdk/vexv5\libv5rt.a(vex_imu.cpp.obj)
                0x03803c70                non-virtual thunk to vex::inertial::getTurnType()
 .text._ZN3vex8inertial10setHeadingEdNS_13rotationUnitsE
                0x03803c78       0x58 C:\Program Files (x86)\VEX Robotics\VEXcode Pro V5\sdk/vexv5\libv5rt.a(vex_imu.cpp.obj)
                0x03803c78                vex::inertial::setHeading(double, vex::rotationUnits)
 .text._ZThn16_N3vex8inertial10setHeadingEdNS_13rotationUnitsE
                0x03803cd0        0x8 C:\Program Files (x86)\VEX Robotics\VEXcode Pro V5\sdk/vexv5\libv5rt.a(vex_imu.cpp.obj)
                0x03803cd0                non-virtual thunk to vex::inertial::setHeading(double, vex::rotationUnits)
 .text._ZN3vex8inertial11setRotationEdNS_13rotationUnitsE
                0x03803cd8       0x58 C:\Program Files (x86)\VEX Robotics\VEXcode Pro V5\sdk/vexv5\libv5rt.a(vex_imu.cpp.obj)
                0x03803cd8                vex::inertial::setRotation(double, vex::rotationUnits)
 .text._ZThn16_N3vex8inertial11setRotationEdNS_13rotationUnitsE
                0x03803d30        0x8 C:\Program Files (x86)\VEX Robotics\VEXcode Pro V5\sdk/vexv5\libv5rt.a(vex_imu.cpp.obj)
                0x03803d30                non-virtual thunk to vex::inertial::setRotation(double, vex::rotationUnits)
 .text._ZN3vex8inertialD2Ev
                0x03803d38       0x20 C:\Program Files (x86)\VEX Robotics\VEXcode Pro V5\sdk/vexv5\libv5rt.a(vex_imu.cpp.obj)
                0x03803d38                vex::inertial::~inertial()
                0x03803d38                vex::inertial::~inertial()
 .text._ZThn16_N3vex8inertialD1Ev
                0x03803d58        0x8 C:\Program Files (x86)\VEX Robotics\VEXcode Pro V5\sdk/vexv5\libv5rt.a(vex_imu.cpp.obj)
                0x03803d58                non-virtual thunk to vex::inertial::~inertial()
 .text._ZN3vex8inertialD0Ev
                0x03803d60       0x1c C:\Program Files (x86)\VEX Robotics\VEXcode Pro V5\sdk/vexv5\libv5rt.a(vex_imu.cpp.obj)
                0x03803d60                vex::inertial::~inertial()
 .text._ZThn16_N3vex8inertialD0Ev
                0x03803d7c        0x8 C:\Program Files (x86)\VEX Robotics\VEXcode Pro V5\sdk/vexv5\libv5rt.a(vex_imu.cpp.obj)
                0x03803d7c                non-virtual thunk to vex::inertial::~inertial()
 .text._ZN3vex8inertial9installedEv
                0x03803d84       0x18 C:\Program Files (x86)\VEX Robotics\VEXcode Pro V5\sdk/vexv5\libv5rt.a(vex_imu.cpp.obj)
                0x03803d84                vex::inertial::installed()
 .text._ZN3vex8inertial5angleENS_13rotationUnitsE
                0x03803d9c       0x6c C:\Program Files (x86)\VEX Robotics\VEXcode Pro V5\sdk/vexv5\libv5rt.a(vex_imu.cpp.obj)
                0x03803d9c                vex::inertial::angle(vex::rotationUnits)
 .text._ZThn16_N3vex8inertial5angleENS_13rotationUnitsE
                0x03803e08        0x8 C:\Program Files (x86)\VEX Robotics\VEXcode Pro V5\sdk/vexv5\libv5rt.a(vex_imu.cpp.obj)
                0x03803e08                non-virtual thunk to vex::inertial::angle(vex::rotationUnits)
 .text._ZN3vex8inertial7headingENS_13rotationUnitsE
                0x03803e10        0x4 C:\Program Files (x86)\VEX Robotics\VEXcode Pro V5\sdk/vexv5\libv5rt.a(vex_imu.cpp.obj)
                0x03803e10                vex::inertial::heading(vex::rotationUnits)
 .text._ZThn16_N3vex8inertial7headingENS_13rotationUnitsE
                0x03803e14        0x8 C:\Program Files (x86)\VEX Robotics\VEXcode Pro V5\sdk/vexv5\libv5rt.a(vex_imu.cpp.obj)
                0x03803e14                non-virtual thunk to vex::inertial::heading(vex::rotationUnits)
 .text._ZN3vex8inertial5valueEv
                0x03803e1c       0x1c C:\Program Files (x86)\VEX Robotics\VEXcode Pro V5\sdk/vexv5\libv5rt.a(vex_imu.cpp.obj)
                0x03803e1c                vex::inertial::value()
 .text._ZN3vex8inertial8rotationENS_13rotationUnitsE
                0x03803e38       0x48 C:\Program Files (x86)\VEX Robotics\VEXcode Pro V5\sdk/vexv5\libv5rt.a(vex_imu.cpp.obj)
                0x03803e38                vex::inertial::rotation(vex::rotationUnits)
 .text._ZThn16_N3vex8inertial8rotationENS_13rotationUnitsE
                0x03803e80        0x8 C:\Program Files (x86)\VEX Robotics\VEXcode Pro V5\sdk/vexv5\libv5rt.a(vex_imu.cpp.obj)
                0x03803e80                non-virtual thunk to vex::inertial::rotation(vex::rotationUnits)
 .text._ZN3vex8inertial13isCalibratingEv
                0x03803e88       0x38 C:\Program Files (x86)\VEX Robotics\VEXcode Pro V5\sdk/vexv5\libv5rt.a(vex_imu.cpp.obj)
                0x03803e88                vex::inertial::isCalibrating()
 .text._ZThn16_N3vex8inertial13isCalibratingEv
                0x03803ec0        0x8 C:\Program Files (x86)\VEX Robotics\VEXcode Pro V5\sdk/vexv5\libv5rt.a(vex_imu.cpp.obj)
                0x03803ec0                non-virtual thunk to vex::inertial::isCalibrating()
 .text._ZN3vex8inertialC2ElNS_8turnTypeE
                0x03803ec8       0x4c C:\Program Files (x86)\VEX Robotics\VEXcode Pro V5\sdk/vexv5\libv5rt.a(vex_imu.cpp.obj)
                0x03803ec8                vex::inertial::inertial(long, vex::turnType)
                0x03803ec8                vex::inertial::inertial(long, vex::turnType)
 .text._ZN3vex8inertial16startCalibrationEl
                0x03803f14       0x20 C:\Program Files (x86)\VEX Robotics\VEXcode Pro V5\sdk/vexv5\libv5rt.a(vex_imu.cpp.obj)
                0x03803f14                vex::inertial::startCalibration(long)
 .text._ZN3vex8inertial9calibrateEl
                0x03803f34        0xc C:\Program Files (x86)\VEX Robotics\VEXcode Pro V5\sdk/vexv5\libv5rt.a(vex_imu.cpp.obj)
                0x03803f34                vex::inertial::calibrate(long)
                0x03803f38                non-virtual thunk to vex::inertial::calibrate(long)
 .text._ZN3vex8rotationD2Ev
                0x03803f40       0x20 C:\Program Files (x86)\VEX Robotics\VEXcode Pro V5\sdk/vexv5\libv5rt.a(vex_rotation.cpp.obj)
                0x03803f40                vex::rotation::~rotation()
                0x03803f40                vex::rotation::~rotation()
 .text._ZN3vex8rotationD0Ev
                0x03803f60       0x1c C:\Program Files (x86)\VEX Robotics\VEXcode Pro V5\sdk/vexv5\libv5rt.a(vex_rotation.cpp.obj)
                0x03803f60                vex::rotation::~rotation()
 .text._ZN3vex8rotation9installedEv
                0x03803f7c       0x18 C:\Program Files (x86)\VEX Robotics\VEXcode Pro V5\sdk/vexv5\libv5rt.a(vex_rotation.cpp.obj)
                0x03803f7c                vex::rotation::installed()
 .text._ZN3vex8rotation5valueEv
                0x03803f94        0x8 C:\Program Files (x86)\VEX Robotics\VEXcode Pro V5\sdk/vexv5\libv5rt.a(vex_rotation.cpp.obj)
                0x03803f94                vex::rotation::value()
 .text._ZN3vex8rotationC2Elb
                0x03803f9c       0x30 C:\Program Files (x86)\VEX Robotics\VEXcode Pro V5\sdk/vexv5\libv5rt.a(vex_rotation.cpp.obj)
                0x03803f9c                vex::rotation::rotation(long, bool)
                0x03803f9c                vex::rotation::rotation(long, bool)
 *fill*         0x03803fcc        0x4 
 .text._ZN3vex8rotation11setPositionEdNS_13rotationUnitsE
                0x03803fd0       0x48 C:\Program Files (x86)\VEX Robotics\VEXcode Pro V5\sdk/vexv5\libv5rt.a(vex_rotation.cpp.obj)
                0x03803fd0                vex::rotation::setPosition(double, vex::rotationUnits)
 .text._ZN3vex7opticalD2Ev
                0x03804018       0x20 C:\Program Files (x86)\VEX Robotics\VEXcode Pro V5\sdk/vexv5\libv5rt.a(vex_optical.cpp.obj)
                0x03804018                vex::optical::~optical()
                0x03804018                vex::optical::~optical()
 .text._ZN3vex7opticalD0Ev
                0x03804038       0x1c C:\Program Files (x86)\VEX Robotics\VEXcode Pro V5\sdk/vexv5\libv5rt.a(vex_optical.cpp.obj)
                0x03804038                vex::optical::~optical()
 .text._ZN3vex7optical9installedEv
                0x03804054       0x18 C:\Program Files (x86)\VEX Robotics\VEXcode Pro V5\sdk/vexv5\libv5rt.a(vex_optical.cpp.obj)
                0x03804054                vex::optical::installed()
 .text._ZN3vex7optical3hueEv
                0x0380406c        0x8 C:\Program Files (x86)\VEX Robotics\VEXcode Pro V5\sdk/vexv5\libv5rt.a(vex_optical.cpp.obj)
                0x0380406c                vex::optical::hue()
 .text._ZN3vex7optical5valueEv
                0x03804074       0x18 C:\Program Files (x86)\VEX Robotics\VEXcode Pro V5\sdk/vexv5\libv5rt.a(vex_optical.cpp.obj)
                0x03804074                vex::optical::value()
 .text._ZN3vex7optical5colorEv
                0x0380408c       0xd0 C:\Program Files (x86)\VEX Robotics\VEXcode Pro V5\sdk/vexv5\libv5rt.a(vex_optical.cpp.obj)
                0x0380408c                vex::optical::color()
 .text._ZN3vex7optical13gestureEnableEv
                0x0380415c        0x8 C:\Program Files (x86)\VEX Robotics\VEXcode Pro V5\sdk/vexv5\libv5rt.a(vex_optical.cpp.obj)
                0x0380415c                vex::optical::gestureEnable()
 .text._ZN3vex7optical14gestureDisableEv
                0x03804164        0x8 C:\Program Files (x86)\VEX Robotics\VEXcode Pro V5\sdk/vexv5\libv5rt.a(vex_optical.cpp.obj)
                0x03804164                vex::optical::gestureDisable()
 .text._ZN3vex7opticalC2Elb
                0x0380416c       0x54 C:\Program Files (x86)\VEX Robotics\VEXcode Pro V5\sdk/vexv5\libv5rt.a(vex_optical.cpp.obj)
                0x0380416c                vex::optical::optical(long, bool)
                0x0380416c                vex::optical::optical(long, bool)
 .text._ZN3vex10controllerD2Ev
                0x038041c0        0x4 C:\Program Files (x86)\VEX Robotics\VEXcode Pro V5\sdk/vexv5\libv5rt.a(vex_controller.cpp.obj)
                0x038041c0                vex::controller::~controller()
                0x038041c0                vex::controller::~controller()
 .text._ZN3vex10controller5valueE19_V5_ControllerIndex
                0x038041c4        0x8 C:\Program Files (x86)\VEX Robotics\VEXcode Pro V5\sdk/vexv5\libv5rt.a(vex_controller.cpp.obj)
                0x038041c4                vex::controller::value(_V5_ControllerIndex)
 .text._ZNK3vex10controller6button8pressingEv
                0x038041cc       0xc8 C:\Program Files (x86)\VEX Robotics\VEXcode Pro V5\sdk/vexv5\libv5rt.a(vex_controller.cpp.obj)
                0x038041cc                vex::controller::button::pressing() const
 .text._ZNK3vex10controller6button21_buttonToPressedEventEv
                0x03804294       0x20 C:\Program Files (x86)\VEX Robotics\VEXcode Pro V5\sdk/vexv5\libv5rt.a(vex_controller.cpp.obj)
                0x03804294                vex::controller::button::_buttonToPressedEvent() const
 .text._ZNK3vex10controller6button22_buttonToReleasedEventEv
                0x038042b4       0x20 C:\Program Files (x86)\VEX Robotics\VEXcode Pro V5\sdk/vexv5\libv5rt.a(vex_controller.cpp.obj)
                0x038042b4                vex::controller::button::_buttonToReleasedEvent() const
 .text._ZN3vex10controller6buttonC2ENS0_11tButtonTypeEPS0_
                0x038042d4       0x48 C:\Program Files (x86)\VEX Robotics\VEXcode Pro V5\sdk/vexv5\libv5rt.a(vex_controller.cpp.obj)
                0x038042d4                vex::controller::button::button(vex::controller::tButtonType, vex::controller*)
                0x038042d4                vex::controller::button::button(vex::controller::tButtonType, vex::controller*)
 .text._ZNK3vex10controller4axis5valueEv
                0x0380431c       0x58 C:\Program Files (x86)\VEX Robotics\VEXcode Pro V5\sdk/vexv5\libv5rt.a(vex_controller.cpp.obj)
                0x0380431c                vex::controller::axis::value() const
 .text._ZNK3vex10controller4axis8positionENS_12percentUnitsE
                0x03804374       0x1c C:\Program Files (x86)\VEX Robotics\VEXcode Pro V5\sdk/vexv5\libv5rt.a(vex_controller.cpp.obj)
                0x03804374                vex::controller::axis::position(vex::percentUnits) const
 .text._ZNK3vex10controller4axis23_joystickToChangedEventEv
                0x03804390       0x20 C:\Program Files (x86)\VEX Robotics\VEXcode Pro V5\sdk/vexv5\libv5rt.a(vex_controller.cpp.obj)
                0x03804390                vex::controller::axis::_joystickToChangedEvent() const
 .text._ZN3vex10controller4axisC2ENS0_9tAxisTypeEPS0_
                0x038043b0       0x2c C:\Program Files (x86)\VEX Robotics\VEXcode Pro V5\sdk/vexv5\libv5rt.a(vex_controller.cpp.obj)
                0x038043b0                vex::controller::axis::axis(vex::controller::tAxisType, vex::controller*)
                0x038043b0                vex::controller::axis::axis(vex::controller::tAxisType, vex::controller*)
 .text._ZN3vex10controllerC2ENS_14controllerTypeE
                0x038043dc      0x16c C:\Program Files (x86)\VEX Robotics\VEXcode Pro V5\sdk/vexv5\libv5rt.a(vex_controller.cpp.obj)
                0x038043dc                vex::controller::controller(vex::controllerType)
                0x038043dc                vex::controller::controller(vex::controllerType)
 .text._ZN3vex10controller3lcd15getControllerIdEv
                0x03804548       0x10 C:\Program Files (x86)\VEX Robotics\VEXcode Pro V5\sdk/vexv5\libv5rt.a(vex_controller.cpp.obj)
                0x03804548                vex::controller::lcd::getControllerId()
 .text._ZN3vex10controller3lcd9setCursorEll
                0x03804558       0x40 C:\Program Files (x86)\VEX Robotics\VEXcode Pro V5\sdk/vexv5\libv5rt.a(vex_controller.cpp.obj)
                0x03804558                vex::controller::lcd::setCursor(long, long)
 .text._ZN3vex10controller3lcd5printEPKcz
                0x03804598       0x80 C:\Program Files (x86)\VEX Robotics\VEXcode Pro V5\sdk/vexv5\libv5rt.a(vex_controller.cpp.obj)
                0x03804598                vex::controller::lcd::print(char const*, ...)
 .text._ZN3vex4taskC2EPFivE
                0x03804618       0x5c C:\Program Files (x86)\VEX Robotics\VEXcode Pro V5\sdk/vexv5\libv5rt.a(vex_task.cpp.obj)
                0x03804618                vex::task::task(int (*)())
                0x03804618                vex::task::task(int (*)())
 .text._ZN3vex4taskD2Ev
                0x03804674        0x4 C:\Program Files (x86)\VEX Robotics\VEXcode Pro V5\sdk/vexv5\libv5rt.a(vex_task.cpp.obj)
                0x03804674                vex::task::~task()
                0x03804674                vex::task::~task()
 .text._ZN3vex4task4stopEPvi
                0x03804678       0x1c C:\Program Files (x86)\VEX Robotics\VEXcode Pro V5\sdk/vexv5\libv5rt.a(vex_task.cpp.obj)
                0x03804678                vex::task::stop(void*, int)
 .text._ZN3vex4task5sleepEm
                0x03804694        0x4 C:\Program Files (x86)\VEX Robotics\VEXcode Pro V5\sdk/vexv5\libv5rt.a(vex_task.cpp.obj)
                0x03804694                vex::task::sleep(unsigned long)
 .text._ZN3vex4task6_indexEPFivE
                0x03804698       0x14 C:\Program Files (x86)\VEX Robotics\VEXcode Pro V5\sdk/vexv5\libv5rt.a(vex_task.cpp.obj)
                0x03804698                vex::task::_index(int (*)())
 .text._ZN3vex4task8_stopAllEv
                0x038046ac       0x3c C:\Program Files (x86)\VEX Robotics\VEXcode Pro V5\sdk/vexv5\libv5rt.a(vex_task.cpp.obj)
                0x038046ac                vex::task::_stopAll()
 .text._ZN3vex6threadC2EPFivE
                0x038046e8       0x5c C:\Program Files (x86)\VEX Robotics\VEXcode Pro V5\sdk/vexv5\libv5rt.a(vex_thread.cpp.obj)
                0x038046e8                vex::thread::thread(int (*)())
                0x038046e8                vex::thread::thread(int (*)())
 .text._ZN3vex6threadD2Ev
                0x03804744        0x4 C:\Program Files (x86)\VEX Robotics\VEXcode Pro V5\sdk/vexv5\libv5rt.a(vex_thread.cpp.obj)
                0x03804744                vex::thread::~thread()
                0x03804744                vex::thread::~thread()
 .text._ZN3vex11this_thread9sleep_forEm
                0x03804748        0x4 C:\Program Files (x86)\VEX Robotics\VEXcode Pro V5\sdk/vexv5\libv5rt.a(vex_thread.cpp.obj)
                0x03804748                vex::this_thread::sleep_for(unsigned long)
 .text._ZN3vex5mutexC2Ev
                0x0380474c       0x1c C:\Program Files (x86)\VEX Robotics\VEXcode Pro V5\sdk/vexv5\libv5rt.a(vex_thread.cpp.obj)
                0x0380474c                vex::mutex::mutex()
                0x0380474c                vex::mutex::mutex()
 .text._ZN3vex5mutexD2Ev
                0x03804768        0x4 C:\Program Files (x86)\VEX Robotics\VEXcode Pro V5\sdk/vexv5\libv5rt.a(vex_thread.cpp.obj)
                0x03804768                vex::mutex::~mutex()
                0x03804768                vex::mutex::~mutex()
 .text._ZN3vex5mutex4lockEv
                0x0380476c        0x8 C:\Program Files (x86)\VEX Robotics\VEXcode Pro V5\sdk/vexv5\libv5rt.a(vex_thread.cpp.obj)
                0x0380476c                vex::mutex::lock()
 .text._ZN3vex5mutex6unlockEv
                0x03804774        0x4 C:\Program Files (x86)\VEX Robotics\VEXcode Pro V5\sdk/vexv5\libv5rt.a(vex_thread.cpp.obj)
                0x03804774                vex::mutex::unlock()
 .text._ZN3vex5event4initEmmPFvvE
                0x03804778        0x4 C:\Program Files (x86)\VEX Robotics\VEXcode Pro V5\sdk/vexv5\libv5rt.a(vex_event.cpp.obj)
                0x03804778                vex::event::init(unsigned long, unsigned long, void (*)())
 .text._ZN3vex5event4initEmmPFvPvES1_
                0x0380477c        0x4 C:\Program Files (x86)\VEX Robotics\VEXcode Pro V5\sdk/vexv5\libv5rt.a(vex_event.cpp.obj)
                0x0380477c                vex::event::init(unsigned long, unsigned long, void (*)(void*), void*)
 .text._ZN3vex5event9userindexEv
                0x03804780        0x4 C:\Program Files (x86)\VEX Robotics\VEXcode Pro V5\sdk/vexv5\libv5rt.a(vex_event.cpp.obj)
                0x03804780                vex::event::userindex()
 .text._ZZN3vex6meventC4EmmENUlvE_4_FUNEv
                0x03804784        0x4 C:\Program Files (x86)\VEX Robotics\VEXcode Pro V5\sdk/vexv5\libv5rt.a(vex_mevent.cpp.obj)
 .text._ZN3vex6meventC2Emm
                0x03804788       0x70 C:\Program Files (x86)\VEX Robotics\VEXcode Pro V5\sdk/vexv5\libv5rt.a(vex_mevent.cpp.obj)
                0x03804788                vex::mevent::mevent(unsigned long, unsigned long)
                0x03804788                vex::mevent::mevent(unsigned long, unsigned long)
 .text._ZN3vex5brain9_getIndexEv
                0x038047f8       0x10 C:\Program Files (x86)\VEX Robotics\VEXcode Pro V5\sdk/vexv5\libv5rt.a(vex_brain.cpp.obj)
                0x038047f8                vex::brain::_getIndex()
 .text._ZN3vex5brain3lcd9setCursorEll
                0x03804808       0x44 C:\Program Files (x86)\VEX Robotics\VEXcode Pro V5\sdk/vexv5\libv5rt.a(vex_brain.cpp.obj)
                0x03804808                vex::brain::lcd::setCursor(long, long)
 .text._ZN3vex5brain3lcd7setFontENS_8fontTypeE
                0x0380484c      0x23c C:\Program Files (x86)\VEX Robotics\VEXcode Pro V5\sdk/vexv5\libv5rt.a(vex_brain.cpp.obj)
                0x0380484c                vex::brain::lcd::setFont(vex::fontType)
 .text._ZN3vex5brain3lcdC2Ev
                0x03804a88       0x94 C:\Program Files (x86)\VEX Robotics\VEXcode Pro V5\sdk/vexv5\libv5rt.a(vex_brain.cpp.obj)
                0x03804a88                vex::brain::lcd::lcd()
                0x03804a88                vex::brain::lcd::lcd()
 .text._ZN3vex5brainC2Ev
                0x03804b1c       0x3c C:\Program Files (x86)\VEX Robotics\VEXcode Pro V5\sdk/vexv5\libv5rt.a(vex_brain.cpp.obj)
                0x03804b1c                vex::brain::brain()
                0x03804b1c                vex::brain::brain()
 .text._ZN3vex5brain3lcd10rowToPixelEl
                0x03804b58       0x34 C:\Program Files (x86)\VEX Robotics\VEXcode Pro V5\sdk/vexv5\libv5rt.a(vex_brain.cpp.obj)
                0x03804b58                vex::brain::lcd::rowToPixel(long)
 .text._ZN3vex5brain3lcd5printEPKcz
                0x03804b8c       0xb8 C:\Program Files (x86)\VEX Robotics\VEXcode Pro V5\sdk/vexv5\libv5rt.a(vex_brain.cpp.obj)
                0x03804b8c                vex::brain::lcd::print(char const*, ...)
 .text._ZN3vex5brainD2Ev
                0x03804c44       0x20 C:\Program Files (x86)\VEX Robotics\VEXcode Pro V5\sdk/vexv5\libv5rt.a(vex_brain.cpp.obj)
                0x03804c44                vex::brain::~brain()
                0x03804c44                vex::brain::~brain()
 .text._ZN3vex11competition8_disableEPv
                0x03804c64       0xa4 C:\Program Files (x86)\VEX Robotics\VEXcode Pro V5\sdk/vexv5\libv5rt.a(vex_competition.cpp.obj)
                0x03804c64                vex::competition::_disable(void*)
 .text._ZN3vex11competition11_autonomousEv
                0x03804d08       0x80 C:\Program Files (x86)\VEX Robotics\VEXcode Pro V5\sdk/vexv5\libv5rt.a(vex_competition.cpp.obj)
                0x03804d08                vex::competition::_autonomous()
 .text._ZN3vex11competition14_drivercontrolEv
                0x03804d88       0x80 C:\Program Files (x86)\VEX Robotics\VEXcode Pro V5\sdk/vexv5\libv5rt.a(vex_competition.cpp.obj)
                0x03804d88                vex::competition::_drivercontrol()
 .text._ZN3vex11competitionC2Ev
                0x03804e08      0x13c C:\Program Files (x86)\VEX Robotics\VEXcode Pro V5\sdk/vexv5\libv5rt.a(vex_competition.cpp.obj)
                0x03804e08                vex::competition::competition()
                0x03804e08                vex::competition::competition()
 .text._ZN3vex11competitionD2Ev
                0x03804f44        0x4 C:\Program Files (x86)\VEX Robotics\VEXcode Pro V5\sdk/vexv5\libv5rt.a(vex_competition.cpp.obj)
                0x03804f44                vex::competition::~competition()
                0x03804f44                vex::competition::~competition()
 .text._ZN3vex11competition10autonomousEPFvvE
                0x03804f48       0x44 C:\Program Files (x86)\VEX Robotics\VEXcode Pro V5\sdk/vexv5\libv5rt.a(vex_competition.cpp.obj)
                0x03804f48                vex::competition::autonomous(void (*)())
 .text._ZN3vex11competition13drivercontrolEPFvvE
                0x03804f8c       0x44 C:\Program Files (x86)\VEX Robotics\VEXcode Pro V5\sdk/vexv5\libv5rt.a(vex_competition.cpp.obj)
                0x03804f8c                vex::competition::drivercontrol(void (*)())
 .text._ZN3vex7triportD2Ev
                0x03804fd0       0x38 C:\Program Files (x86)\VEX Robotics\VEXcode Pro V5\sdk/vexv5\libv5rt.a(vex_triport.cpp.obj)
                0x03804fd0                vex::triport::~triport()
                0x03804fd0                vex::triport::~triport()
 .text._ZN3vex7triportD0Ev
                0x03805008       0x1c C:\Program Files (x86)\VEX Robotics\VEXcode Pro V5\sdk/vexv5\libv5rt.a(vex_triport.cpp.obj)
                0x03805008                vex::triport::~triport()
 .text._ZN3vex7triport9installedEv
                0x03805024       0x18 C:\Program Files (x86)\VEX Robotics\VEXcode Pro V5\sdk/vexv5\libv5rt.a(vex_triport.cpp.obj)
                0x03805024                vex::triport::installed()
 .text._ZN3vex7triport4portC2ElPS0_
                0x0380503c       0x74 C:\Program Files (x86)\VEX Robotics\VEXcode Pro V5\sdk/vexv5\libv5rt.a(vex_triport.cpp.obj)
                0x0380503c                vex::triport::port::port(long, vex::triport*)
                0x0380503c                vex::triport::port::port(long, vex::triport*)
 .text._ZN3vex7triportC2El
                0x038050b0       0xf0 C:\Program Files (x86)\VEX Robotics\VEXcode Pro V5\sdk/vexv5\libv5rt.a(vex_triport.cpp.obj)
                0x038050b0                vex::triport::triport(long)
                0x038050b0                vex::triport::triport(long)
 .text._ZN3vex7triport4port4typeENS_11triportTypeE
                0x038051a0       0x30 C:\Program Files (x86)\VEX Robotics\VEXcode Pro V5\sdk/vexv5\libv5rt.a(vex_triport.cpp.obj)
                0x038051a0                vex::triport::port::type(vex::triportType)
 .text._ZN3vex7triport4port4typeEv
                0x038051d0       0x38 C:\Program Files (x86)\VEX Robotics\VEXcode Pro V5\sdk/vexv5\libv5rt.a(vex_triport.cpp.obj)
                0x038051d0                vex::triport::port::type()
 .text._ZN3vex7triport4port5valueEv
                0x03805208       0x14 C:\Program Files (x86)\VEX Robotics\VEXcode Pro V5\sdk/vexv5\libv5rt.a(vex_triport.cpp.obj)
                0x03805208                vex::triport::port::value()
 .text._ZN3vex7triport4port5valueEl
                0x0380521c       0x18 C:\Program Files (x86)\VEX Robotics\VEXcode Pro V5\sdk/vexv5\libv5rt.a(vex_triport.cpp.obj)
                0x0380521c                vex::triport::port::value(long)
 *fill*         0x03805234        0x4 
 .text._ZN3vex7triport4port11setRotationEdNS_13rotationUnitsE
                0x03805238       0x50 C:\Program Files (x86)\VEX Robotics\VEXcode Pro V5\sdk/vexv5\libv5rt.a(vex_triport.cpp.obj)
                0x03805238                vex::triport::port::setRotation(double, vex::rotationUnits)
 .text._ZN3vex11__trideviceC2ERNS_7triport4portENS_11triportTypeE
                0x03805288       0x5c C:\Program Files (x86)\VEX Robotics\VEXcode Pro V5\sdk/vexv5\libv5rt.a(vex_triport.cpp.obj)
                0x03805288                vex::__tridevice::__tridevice(vex::triport::port&, vex::triportType)
                0x03805288                vex::__tridevice::__tridevice(vex::triport::port&, vex::triportType)
 .text._ZN3vex5limitC2ERNS_7triport4portE
                0x038052e4       0x28 C:\Program Files (x86)\VEX Robotics\VEXcode Pro V5\sdk/vexv5\libv5rt.a(vex_triport.cpp.obj)
                0x038052e4                vex::limit::limit(vex::triport::port&)
                0x038052e4                vex::limit::limit(vex::triport::port&)
 .text._ZN3vex5limitD2Ev
                0x0380530c        0x4 C:\Program Files (x86)\VEX Robotics\VEXcode Pro V5\sdk/vexv5\libv5rt.a(vex_triport.cpp.obj)
                0x0380530c                vex::limit::~limit()
                0x0380530c                vex::limit::~limit()
 .text._ZN3vex5limit5valueEv
                0x03805310        0x8 C:\Program Files (x86)\VEX Robotics\VEXcode Pro V5\sdk/vexv5\libv5rt.a(vex_triport.cpp.obj)
                0x03805310                vex::limit::value()
 .text._ZN3vex11digital_outC2ERNS_7triport4portE
                0x03805318       0x18 C:\Program Files (x86)\VEX Robotics\VEXcode Pro V5\sdk/vexv5\libv5rt.a(vex_triport.cpp.obj)
                0x03805318                vex::digital_out::digital_out(vex::triport::port&)
                0x03805318                vex::digital_out::digital_out(vex::triport::port&)
 .text._ZN3vex11digital_outD2Ev
                0x03805330        0x4 C:\Program Files (x86)\VEX Robotics\VEXcode Pro V5\sdk/vexv5\libv5rt.a(vex_triport.cpp.obj)
                0x03805330                vex::digital_out::~digital_out()
                0x03805330                vex::digital_out::~digital_out()
 .text._ZN3vex11digital_out3setEb
                0x03805334        0x8 C:\Program Files (x86)\VEX Robotics\VEXcode Pro V5\sdk/vexv5\libv5rt.a(vex_triport.cpp.obj)
                0x03805334                vex::digital_out::set(bool)
 .text._ZN3vex7encoderC2ERNS_7triport4portE
                0x0380533c       0x20 C:\Program Files (x86)\VEX Robotics\VEXcode Pro V5\sdk/vexv5\libv5rt.a(vex_triport.cpp.obj)
                0x0380533c                vex::encoder::encoder(vex::triport::port&)
                0x0380533c                vex::encoder::encoder(vex::triport::port&)
 .text._ZN3vex7encoderD2Ev
                0x0380535c        0x4 C:\Program Files (x86)\VEX Robotics\VEXcode Pro V5\sdk/vexv5\libv5rt.a(vex_triport.cpp.obj)
                0x0380535c                vex::encoder::~encoder()
                0x0380535c                vex::encoder::~encoder()
 .text._ZN3vex7encoder11setPositionEdNS_13rotationUnitsE
                0x03805360        0x8 C:\Program Files (x86)\VEX Robotics\VEXcode Pro V5\sdk/vexv5\libv5rt.a(vex_triport.cpp.obj)
                0x03805360                vex::encoder::setPosition(double, vex::rotationUnits)
 .text._ZN3vex5colorD2Ev
                0x03805368        0x4 C:\Program Files (x86)\VEX Robotics\VEXcode Pro V5\sdk/vexv5\libv5rt.a(vex_color.cpp.obj)
                0x03805368                vex::color::~color()
                0x03805368                vex::color::~color()
 .text._ZN3vex5colorC2Ev
                0x0380536c       0x10 C:\Program Files (x86)\VEX Robotics\VEXcode Pro V5\sdk/vexv5\libv5rt.a(vex_color.cpp.obj)
                0x0380536c                vex::color::color()
                0x0380536c                vex::color::color()
 .text._ZN3vex5colorC2Ei
                0x0380537c       0x10 C:\Program Files (x86)\VEX Robotics\VEXcode Pro V5\sdk/vexv5\libv5rt.a(vex_color.cpp.obj)
                0x0380537c                vex::color::color(int)
                0x0380537c                vex::color::color(int)
 .text._ZNK3vex5colorcvmEv
                0x0380538c        0x8 C:\Program Files (x86)\VEX Robotics\VEXcode Pro V5\sdk/vexv5\libv5rt.a(vex_color.cpp.obj)
                0x0380538c                vex::color::operator unsigned long() const
 *fill*         0x03805394        0x4 
 .text._ZN3vex5color3hsvEmdd
                0x03805398      0x13c C:\Program Files (x86)\VEX Robotics\VEXcode Pro V5\sdk/vexv5\libv5rt.a(vex_color.cpp.obj)
                0x03805398                vex::color::hsv(unsigned long, double, double)
 .text.startup._GLOBAL__sub_I__ZN3vex5color5blackE
                0x038054d4      0x164 C:\Program Files (x86)\VEX Robotics\VEXcode Pro V5\sdk/vexv5\libv5rt.a(vex_color.cpp.obj)
 .text._ZN3vex5timerD2Ev
                0x03805638        0x4 C:\Program Files (x86)\VEX Robotics\VEXcode Pro V5\sdk/vexv5\libv5rt.a(vex_timer.cpp.obj)
                0x03805638                vex::timer::~timer()
                0x03805638                vex::timer::~timer()
 .text._ZN3vex5timer5clearEv
                0x0380563c       0x1c C:\Program Files (x86)\VEX Robotics\VEXcode Pro V5\sdk/vexv5\libv5rt.a(vex_timer.cpp.obj)
                0x0380563c                vex::timer::clear()
 .text._ZN3vex5timerC2Ev
                0x03805658       0x14 C:\Program Files (x86)\VEX Robotics\VEXcode Pro V5\sdk/vexv5\libv5rt.a(vex_timer.cpp.obj)
                0x03805658                vex::timer::timer()
                0x03805658                vex::timer::timer()
 .text.vexAdiPortConfigSet
                0x0380566c       0x28 C:\Program Files (x86)\VEX Robotics\VEXcode Pro V5\sdk/vexv5\libv5rt.a(v5_apiuser.c.obj)
                0x0380566c                vexAdiPortConfigSet
 .text.vexAdiPortConfigGet
                0x03805694       0x28 C:\Program Files (x86)\VEX Robotics\VEXcode Pro V5\sdk/vexv5\libv5rt.a(v5_apiuser.c.obj)
                0x03805694                vexAdiPortConfigGet
 .text.vexAdiValueSet
                0x038056bc       0x28 C:\Program Files (x86)\VEX Robotics\VEXcode Pro V5\sdk/vexv5\libv5rt.a(v5_apiuser.c.obj)
                0x038056bc                vexAdiValueSet
 .text.vexAdiValueGet
                0x038056e4       0x20 C:\Program Files (x86)\VEX Robotics\VEXcode Pro V5\sdk/vexv5\libv5rt.a(v5_apiuser.c.obj)
                0x038056e4                vexAdiValueGet
 .text.vexMotorVelocitySet
                0x03805704       0x20 C:\Program Files (x86)\VEX Robotics\VEXcode Pro V5\sdk/vexv5\libv5rt.a(v5_apiuser.c.obj)
                0x03805704                vexMotorVelocitySet
 .text.vexMotorVoltageSet
                0x03805724       0x20 C:\Program Files (x86)\VEX Robotics\VEXcode Pro V5\sdk/vexv5\libv5rt.a(v5_apiuser.c.obj)
                0x03805724                vexMotorVoltageSet
 .text.vexMotorVelocityGet
                0x03805744       0x18 C:\Program Files (x86)\VEX Robotics\VEXcode Pro V5\sdk/vexv5\libv5rt.a(v5_apiuser.c.obj)
                0x03805744                vexMotorVelocityGet
 .text.vexMotorActualVelocityGet
                0x0380575c       0x24 C:\Program Files (x86)\VEX Robotics\VEXcode Pro V5\sdk/vexv5\libv5rt.a(v5_apiuser.c.obj)
                0x0380575c                vexMotorActualVelocityGet
 .text.vexMotorModeGet
                0x03805780       0x18 C:\Program Files (x86)\VEX Robotics\VEXcode Pro V5\sdk/vexv5\libv5rt.a(v5_apiuser.c.obj)
                0x03805780                vexMotorModeGet
 .text.vexMotorTemperatureGet
                0x03805798       0x24 C:\Program Files (x86)\VEX Robotics\VEXcode Pro V5\sdk/vexv5\libv5rt.a(v5_apiuser.c.obj)
                0x03805798                vexMotorTemperatureGet
 .text.vexMotorZeroPositionFlagGet
                0x038057bc       0x18 C:\Program Files (x86)\VEX Robotics\VEXcode Pro V5\sdk/vexv5\libv5rt.a(v5_apiuser.c.obj)
                0x038057bc                vexMotorZeroPositionFlagGet
 .text.vexMotorReverseFlagSet
                0x038057d4       0x20 C:\Program Files (x86)\VEX Robotics\VEXcode Pro V5\sdk/vexv5\libv5rt.a(v5_apiuser.c.obj)
                0x038057d4                vexMotorReverseFlagSet
 .text.vexMotorEncoderUnitsSet
                0x038057f4       0x20 C:\Program Files (x86)\VEX Robotics\VEXcode Pro V5\sdk/vexv5\libv5rt.a(v5_apiuser.c.obj)
                0x038057f4                vexMotorEncoderUnitsSet
 .text.vexMotorBrakeModeSet
                0x03805814       0x20 C:\Program Files (x86)\VEX Robotics\VEXcode Pro V5\sdk/vexv5\libv5rt.a(v5_apiuser.c.obj)
                0x03805814                vexMotorBrakeModeSet
 .text.vexMotorPositionSet
                0x03805834       0x28 C:\Program Files (x86)\VEX Robotics\VEXcode Pro V5\sdk/vexv5\libv5rt.a(v5_apiuser.c.obj)
                0x03805834                vexMotorPositionSet
 .text.vexMotorPositionGet
                0x0380585c       0x24 C:\Program Files (x86)\VEX Robotics\VEXcode Pro V5\sdk/vexv5\libv5rt.a(v5_apiuser.c.obj)
                0x0380585c                vexMotorPositionGet
 .text.vexMotorRelativeTargetSet
                0x03805880       0x30 C:\Program Files (x86)\VEX Robotics\VEXcode Pro V5\sdk/vexv5\libv5rt.a(v5_apiuser.c.obj)
                0x03805880                vexMotorRelativeTargetSet
 .text.vexMotorGearingSet
                0x038058b0       0x20 C:\Program Files (x86)\VEX Robotics\VEXcode Pro V5\sdk/vexv5\libv5rt.a(v5_apiuser.c.obj)
                0x038058b0                vexMotorGearingSet
 .text.vexMotorGearingGet
                0x038058d0       0x18 C:\Program Files (x86)\VEX Robotics\VEXcode Pro V5\sdk/vexv5\libv5rt.a(v5_apiuser.c.obj)
                0x038058d0                vexMotorGearingGet
 .text.vexImuReset
                0x038058e8       0x10 C:\Program Files (x86)\VEX Robotics\VEXcode Pro V5\sdk/vexv5\libv5rt.a(v5_apiuser.c.obj)
                0x038058e8                vexImuReset
 .text.vexImuHeadingGet
                0x038058f8       0x10 C:\Program Files (x86)\VEX Robotics\VEXcode Pro V5\sdk/vexv5\libv5rt.a(v5_apiuser.c.obj)
                0x038058f8                vexImuHeadingGet
 .text.vexImuDegreesGet
                0x03805908       0x10 C:\Program Files (x86)\VEX Robotics\VEXcode Pro V5\sdk/vexv5\libv5rt.a(v5_apiuser.c.obj)
                0x03805908                vexImuDegreesGet
 .text.vexImuStatusGet
                0x03805918       0x10 C:\Program Files (x86)\VEX Robotics\VEXcode Pro V5\sdk/vexv5\libv5rt.a(v5_apiuser.c.obj)
                0x03805918                vexImuStatusGet
 .text.vexAbsEncPositionSet
                0x03805928       0x18 C:\Program Files (x86)\VEX Robotics\VEXcode Pro V5\sdk/vexv5\libv5rt.a(v5_apiuser.c.obj)
                0x03805928                vexAbsEncPositionSet
 .text.vexAbsEncAngleGet
                0x03805940       0x10 C:\Program Files (x86)\VEX Robotics\VEXcode Pro V5\sdk/vexv5\libv5rt.a(v5_apiuser.c.obj)
                0x03805940                vexAbsEncAngleGet
 .text.vexAbsEncReverseFlagSet
                0x03805950       0x18 C:\Program Files (x86)\VEX Robotics\VEXcode Pro V5\sdk/vexv5\libv5rt.a(v5_apiuser.c.obj)
                0x03805950                vexAbsEncReverseFlagSet
 .text.vexOpticalHueGet
                0x03805968       0x10 C:\Program Files (x86)\VEX Robotics\VEXcode Pro V5\sdk/vexv5\libv5rt.a(v5_apiuser.c.obj)
                0x03805968                vexOpticalHueGet
 .text.vexOpticalGestureEnable
                0x03805978       0x10 C:\Program Files (x86)\VEX Robotics\VEXcode Pro V5\sdk/vexv5\libv5rt.a(v5_apiuser.c.obj)
                0x03805978                vexOpticalGestureEnable
 .text.vexOpticalGestureDisable
                0x03805988       0x10 C:\Program Files (x86)\VEX Robotics\VEXcode Pro V5\sdk/vexv5\libv5rt.a(v5_apiuser.c.obj)
                0x03805988                vexOpticalGestureDisable
 .text.vexOpticalProximityThreshold
                0x03805998       0x18 C:\Program Files (x86)\VEX Robotics\VEXcode Pro V5\sdk/vexv5\libv5rt.a(v5_apiuser.c.obj)
                0x03805998                vexOpticalProximityThreshold
 .text.vexEventMaskSet
                0x038059b0       0x28 C:\Program Files (x86)\VEX Robotics\VEXcode Pro V5\sdk/vexv5\libv5rt.a(v5_apiuser.c.obj)
                0x038059b0                vexEventMaskSet
 .text.vexEventMaskGet
                0x038059d8       0x18 C:\Program Files (x86)\VEX Robotics\VEXcode Pro V5\sdk/vexv5\libv5rt.a(v5_apiuser.c.obj)
                0x038059d8                vexEventMaskGet
 .text._ZN3vex6deviceD2Ev
                0x038059f0        0x4 C:\Program Files (x86)\VEX Robotics\VEXcode Pro V5\sdk/vexv5\libv5rt.a(vex_device.cpp.obj)
                0x038059f0                vex::device::~device()
                0x038059f0                vex::device::~device()
 .text._ZN3vex6device5valueEv
                0x038059f4        0x8 C:\Program Files (x86)\VEX Robotics\VEXcode Pro V5\sdk/vexv5\libv5rt.a(vex_device.cpp.obj)
                0x038059f4                vex::device::value()
 .text._ZN3vex6deviceD0Ev
                0x038059fc       0x14 C:\Program Files (x86)\VEX Robotics\VEXcode Pro V5\sdk/vexv5\libv5rt.a(vex_device.cpp.obj)
                0x038059fc                vex::device::~device()
 .text._ZN3vex6device4initEl
                0x03805a10       0x30 C:\Program Files (x86)\VEX Robotics\VEXcode Pro V5\sdk/vexv5\libv5rt.a(vex_device.cpp.obj)
                0x03805a10                vex::device::init(long)
 .text._ZN3vex6deviceC2El
                0x03805a40       0x20 C:\Program Files (x86)\VEX Robotics\VEXcode Pro V5\sdk/vexv5\libv5rt.a(vex_device.cpp.obj)
                0x03805a40                vex::device::device(long)
                0x03805a40                vex::device::device(long)
 .text._ZN3vex6device4typeEv
                0x03805a60       0x10 C:\Program Files (x86)\VEX Robotics\VEXcode Pro V5\sdk/vexv5\libv5rt.a(vex_device.cpp.obj)
                0x03805a60                vex::device::type()
 .text._ZN3vex6device9installedEv
                0x03805a70       0x14 C:\Program Files (x86)\VEX Robotics\VEXcode Pro V5\sdk/vexv5\libv5rt.a(vex_device.cpp.obj)
                0x03805a70                vex::device::installed()
 .text.__libc_fini_array
                0x03805a84       0x30 C:\Program Files (x86)\VEX Robotics\VEXcode Pro V5\sdk/vexv5/gcc/libs\libc.a(lib_a-fini.o)
                0x03805a84                __libc_fini_array
 .text.__libc_init_array
                0x03805ab4       0x58 C:\Program Files (x86)\VEX Robotics\VEXcode Pro V5\sdk/vexv5/gcc/libs\libc.a(lib_a-init.o)
                0x03805ab4                __libc_init_array
 *fill*         0x03805b0c        0x4 
 .text.__libc_init_array.__stub
                0x03805b10       0x18 linker stubs
 *(.gnu.linkonce.t.*)
 *(.plt)
 *(.gnu_warning)
 *(.gcc_except_table)
 *(.glue_7)
 .glue_7        0x00000000        0x0 linker stubs
 *(.glue_7t)
 .glue_7t       0x00000000        0x0 linker stubs
 *(.vfp11_veneer)
 .vfp11_veneer  0x00000000        0x0 linker stubs
 *(.ARM.extab)
 *(.gnu.linkonce.armextab.*)

.v4_bx          0x03805b28        0x0
 .v4_bx         0x00000000        0x0 linker stubs

.iplt           0x03805b28        0x0
 .iplt          0x00000000        0x0 build/src/util.o

.init
 *(.init)

.fini
 *(.fini)

.rodata         0x03805b28      0x354
                0x03805b28                __rodata_start = .
 *(.rodata)
 *(.rodata.*)
 .rodata.EPSILON
                0x03805b28        0x8 build/src/util.o
                0x03805b28                EPSILON
 .rodata.TURNING_RADIUS
                0x03805b30        0x8 build/src/util.o
                0x03805b30                TURNING_RADIUS
 .rodata.MOTOR_PERCENT_TO_IN_PER_SEC
                0x03805b38        0x8 build/src/util.o
                0x03805b38                MOTOR_PERCENT_TO_IN_PER_SEC
 .rodata.str1.1
                0x03805b40       0xa8 build/src/main.o
 .rodata.str1.1
                0x03805be8       0x1f build/src/control.o
                                 0x2a (size before relaxing)
 .rodata.str1.1
                0x03805c07       0x4f build/src/buttonSelector.o
 .rodata.str1.1
                0x03805c56       0x2e C:\Program Files (x86)\VEX Robotics\VEXcode Pro V5\sdk/vexv5\libv5rt.a(v5_startup.c.obj)
 .rodata._ZN3vex6PORT20E
                0x03805c84        0x4 C:\Program Files (x86)\VEX Robotics\VEXcode Pro V5\sdk/vexv5\libv5rt.a(vex_global.cpp.obj)
                0x03805c84                vex::PORT20
 .rodata._ZN3vex3fwdE
                0x03805c88        0x4 C:\Program Files (x86)\VEX Robotics\VEXcode Pro V5\sdk/vexv5\libv5rt.a(vex_global.cpp.obj)
                0x03805c88                vex::fwd
 .rodata._ZN3vex5PORT1E
                0x03805c8c        0x4 C:\Program Files (x86)\VEX Robotics\VEXcode Pro V5\sdk/vexv5\libv5rt.a(vex_global.cpp.obj)
                0x03805c8c                vex::PORT1
 .rodata._ZN3vex7reverseE
                0x03805c90        0x4 C:\Program Files (x86)\VEX Robotics\VEXcode Pro V5\sdk/vexv5\libv5rt.a(vex_global.cpp.obj)
                0x03805c90                vex::reverse
 .rodata._ZN3vex4voltE
                0x03805c94        0x4 C:\Program Files (x86)\VEX Robotics\VEXcode Pro V5\sdk/vexv5\libv5rt.a(vex_global.cpp.obj)
                0x03805c94                vex::volt
 .rodata._ZN3vex5whiteE
                0x03805c98        0x4 C:\Program Files (x86)\VEX Robotics\VEXcode Pro V5\sdk/vexv5\libv5rt.a(vex_global.cpp.obj)
                0x03805c98                vex::white
 .rodata._ZN3vex3pctE
                0x03805c9c        0x4 C:\Program Files (x86)\VEX Robotics\VEXcode Pro V5\sdk/vexv5\libv5rt.a(vex_global.cpp.obj)
                0x03805c9c                vex::pct
 .rodata._ZN3vex3secE
                0x03805ca0        0x4 C:\Program Files (x86)\VEX Robotics\VEXcode Pro V5\sdk/vexv5\libv5rt.a(vex_global.cpp.obj)
                0x03805ca0                vex::sec
 .rodata._ZN3vex3redE
                0x03805ca4        0x4 C:\Program Files (x86)\VEX Robotics\VEXcode Pro V5\sdk/vexv5\libv5rt.a(vex_global.cpp.obj)
                0x03805ca4                vex::red
 .rodata._ZN3vex4msecE
                0x03805ca8        0x4 C:\Program Files (x86)\VEX Robotics\VEXcode Pro V5\sdk/vexv5\libv5rt.a(vex_global.cpp.obj)
                0x03805ca8                vex::msec
 .rodata._ZN3vex6PORT18E
                0x03805cac        0x4 C:\Program Files (x86)\VEX Robotics\VEXcode Pro V5\sdk/vexv5\libv5rt.a(vex_global.cpp.obj)
                0x03805cac                vex::PORT18
 .rodata._ZN3vex4blueE
                0x03805cb0        0x4 C:\Program Files (x86)\VEX Robotics\VEXcode Pro V5\sdk/vexv5\libv5rt.a(vex_global.cpp.obj)
                0x03805cb0                vex::blue
 .rodata._ZN3vex5PORT2E
                0x03805cb4        0x4 C:\Program Files (x86)\VEX Robotics\VEXcode Pro V5\sdk/vexv5\libv5rt.a(vex_global.cpp.obj)
                0x03805cb4                vex::PORT2
 .rodata._ZN3vex3rpmE
                0x03805cb8        0x4 C:\Program Files (x86)\VEX Robotics\VEXcode Pro V5\sdk/vexv5\libv5rt.a(vex_global.cpp.obj)
                0x03805cb8                vex::rpm
 .rodata._ZN3vex6PORT11E
                0x03805cbc        0x4 C:\Program Files (x86)\VEX Robotics\VEXcode Pro V5\sdk/vexv5\libv5rt.a(vex_global.cpp.obj)
                0x03805cbc                vex::PORT11
 .rodata._ZN3vex5PORT6E
                0x03805cc0        0x4 C:\Program Files (x86)\VEX Robotics\VEXcode Pro V5\sdk/vexv5\libv5rt.a(vex_global.cpp.obj)
                0x03805cc0                vex::PORT6
 .rodata._ZN3vex7primaryE
                0x03805cc4        0x4 C:\Program Files (x86)\VEX Robotics\VEXcode Pro V5\sdk/vexv5\libv5rt.a(vex_global.cpp.obj)
                0x03805cc4                vex::primary
 .rodata._ZN3vex3degE
                0x03805cc8        0x4 C:\Program Files (x86)\VEX Robotics\VEXcode Pro V5\sdk/vexv5\libv5rt.a(vex_global.cpp.obj)
                0x03805cc8                vex::deg
 .rodata._ZN3vex7percentE
                0x03805ccc        0x4 C:\Program Files (x86)\VEX Robotics\VEXcode Pro V5\sdk/vexv5\libv5rt.a(vex_global.cpp.obj)
                0x03805ccc                vex::percent
 .rodata._ZN3vex6PORT15E
                0x03805cd0        0x4 C:\Program Files (x86)\VEX Robotics\VEXcode Pro V5\sdk/vexv5\libv5rt.a(vex_global.cpp.obj)
                0x03805cd0                vex::PORT15
 .rodata._ZN3vex6PORT19E
                0x03805cd4        0x4 C:\Program Files (x86)\VEX Robotics\VEXcode Pro V5\sdk/vexv5\libv5rt.a(vex_global.cpp.obj)
                0x03805cd4                vex::PORT19
 .rodata._ZN3vex7degreesE
                0x03805cd8        0x4 C:\Program Files (x86)\VEX Robotics\VEXcode Pro V5\sdk/vexv5\libv5rt.a(vex_global.cpp.obj)
                0x03805cd8                vex::degrees
 .rodata._ZN3vex6PORT22E
                0x03805cdc        0x4 C:\Program Files (x86)\VEX Robotics\VEXcode Pro V5\sdk/vexv5\libv5rt.a(vex_global.cpp.obj)
                0x03805cdc                vex::PORT22
 .rodata._ZN3vex7celsiusE
                0x03805ce0        0x4 C:\Program Files (x86)\VEX Robotics\VEXcode Pro V5\sdk/vexv5\libv5rt.a(vex_global.cpp.obj)
                0x03805ce0                vex::celsius
 .rodata._ZN3vex5PORT7E
                0x03805ce4        0x4 C:\Program Files (x86)\VEX Robotics\VEXcode Pro V5\sdk/vexv5\libv5rt.a(vex_global.cpp.obj)
                0x03805ce4                vex::PORT7
 .rodata._ZN3vex5turnsE
                0x03805ce8        0x4 C:\Program Files (x86)\VEX Robotics\VEXcode Pro V5\sdk/vexv5\libv5rt.a(vex_global.cpp.obj)
                0x03805ce8                vex::turns
 .rodata._ZN3vex8ratio6_1E
                0x03805cec        0x4 C:\Program Files (x86)\VEX Robotics\VEXcode Pro V5\sdk/vexv5\libv5rt.a(vex_global.cpp.obj)
                0x03805cec                vex::ratio6_1
 .rodata._ZN3vex5brakeE
                0x03805cf0        0x4 C:\Program Files (x86)\VEX Robotics\VEXcode Pro V5\sdk/vexv5\libv5rt.a(vex_global.cpp.obj)
                0x03805cf0                vex::brake
 .rodata._ZN3vex5coastE
                0x03805cf4        0x4 C:\Program Files (x86)\VEX Robotics\VEXcode Pro V5\sdk/vexv5\libv5rt.a(vex_global.cpp.obj)
                0x03805cf4                vex::coast
 .rodata._ZN3vex6PORT13E
                0x03805cf8        0x4 C:\Program Files (x86)\VEX Robotics\VEXcode Pro V5\sdk/vexv5\libv5rt.a(vex_global.cpp.obj)
                0x03805cf8                vex::PORT13
 .rodata._ZN3vex5PORT8E
                0x03805cfc        0x4 C:\Program Files (x86)\VEX Robotics\VEXcode Pro V5\sdk/vexv5\libv5rt.a(vex_global.cpp.obj)
                0x03805cfc                vex::PORT8
 .rodata._ZN3vex6PORT17E
                0x03805d00        0x4 C:\Program Files (x86)\VEX Robotics\VEXcode Pro V5\sdk/vexv5\libv5rt.a(vex_global.cpp.obj)
                0x03805d00                vex::PORT17
 *fill*         0x03805d04        0x4 
 .rodata._ZTVN3vex5motorE
                0x03805d08       0x18 C:\Program Files (x86)\VEX Robotics\VEXcode Pro V5\sdk/vexv5\libv5rt.a(vex_motor.cpp.obj)
                0x03805d08                vtable for vex::motor
 .rodata._ZTVN3vex8inertialE
                0x03805d20       0x68 C:\Program Files (x86)\VEX Robotics\VEXcode Pro V5\sdk/vexv5\libv5rt.a(vex_imu.cpp.obj)
                0x03805d20                vtable for vex::inertial
 .rodata._ZTVN3vex8rotationE
                0x03805d88       0x18 C:\Program Files (x86)\VEX Robotics\VEXcode Pro V5\sdk/vexv5\libv5rt.a(vex_rotation.cpp.obj)
                0x03805d88                vtable for vex::rotation
 .rodata._ZTVN3vex7opticalE
                0x03805da0       0x18 C:\Program Files (x86)\VEX Robotics\VEXcode Pro V5\sdk/vexv5\libv5rt.a(vex_optical.cpp.obj)
                0x03805da0                vtable for vex::optical
 .rodata.CSWTCH.16
                0x03805db8        0xb C:\Program Files (x86)\VEX Robotics\VEXcode Pro V5\sdk/vexv5\libv5rt.a(vex_controller.cpp.obj)
 .rodata.CSWTCH.18
                0x03805dc3        0xb C:\Program Files (x86)\VEX Robotics\VEXcode Pro V5\sdk/vexv5\libv5rt.a(vex_controller.cpp.obj)
 .rodata.CSWTCH.24
                0x03805dce        0x3 C:\Program Files (x86)\VEX Robotics\VEXcode Pro V5\sdk/vexv5\libv5rt.a(vex_controller.cpp.obj)
 .rodata.str1.1
                0x03805dd1       0x14 C:\Program Files (x86)\VEX Robotics\VEXcode Pro V5\sdk/vexv5\libv5rt.a(vex_task.cpp.obj)
 .rodata.str1.1
                0x03805de5       0x14 C:\Program Files (x86)\VEX Robotics\VEXcode Pro V5\sdk/vexv5\libv5rt.a(vex_thread.cpp.obj)
 .rodata.str1.1
                0x03805df9       0x2b C:\Program Files (x86)\VEX Robotics\VEXcode Pro V5\sdk/vexv5\libv5rt.a(vex_brain.cpp.obj)
                                 0x2d (size before relaxing)
 .rodata.CSWTCH.36
                0x03805e24       0x10 C:\Program Files (x86)\VEX Robotics\VEXcode Pro V5\sdk/vexv5\libv5rt.a(vex_triport.cpp.obj)
 *fill*         0x03805e34        0x4 
 .rodata._ZTVN3vex7triportE
                0x03805e38       0x18 C:\Program Files (x86)\VEX Robotics\VEXcode Pro V5\sdk/vexv5\libv5rt.a(vex_triport.cpp.obj)
                0x03805e38                vtable for vex::triport
 .rodata.CSWTCH.31
                0x03805e50        0xe C:\Program Files (x86)\VEX Robotics\VEXcode Pro V5\sdk/vexv5\libv5rt.a(vex_triport.cpp.obj)
 *fill*         0x03805e5e        0x2 
 .rodata._ZTVN3vex6deviceE
                0x03805e60       0x18 C:\Program Files (x86)\VEX Robotics\VEXcode Pro V5\sdk/vexv5\libv5rt.a(vex_device.cpp.obj)
                0x03805e60                vtable for vex::device
 .rodata.str1.4
                0x03805e78        0x4 C:\Program Files (x86)\VEX Robotics\VEXcode Pro V5\sdk/vexv5/gcc/libs\libc.a(lib_a-impure.o)
                                  0x2 (size before relaxing)
 *(.gnu.linkonce.r.*)
                0x03805e7c                __rodata_end = .

.rodata1        0x03805e7c        0x0
                0x03805e7c                __rodata1_start = .
 *(.rodata1)
 *(.rodata1.*)
                0x03805e7c                __rodata1_end = .

.sdata2         0x03805e7c        0x0
                0x03805e7c                __sdata2_start = .
 *(.sdata2)
 *(.sdata2.*)
 *(.gnu.linkonce.s2.*)
                0x03805e7c                __sdata2_end = .

.sbss2          0x03805e7c        0x0
                0x03805e7c                __sbss2_start = .
 *(.sbss2)
 *(.sbss2.*)
 *(.gnu.linkonce.sb2.*)
                0x03805e7c                __sbss2_end = .

.data           0x03805e80      0x43c
                0x03805e80                __data_start = .
 *(.data)
 *(.data.*)
 .data.appRunning
                0x03805e80        0x4 C:\Program Files (x86)\VEX Robotics\VEXcode Pro V5\sdk/vexv5\libv5rt.a(v5_startup.c.obj)
                0x03805e80                appRunning
 .data.__yoff   0x03805e84        0x4 C:\Program Files (x86)\VEX Robotics\VEXcode Pro V5\sdk/vexv5\libv5rt.a(v5_apijump.c.obj)
 .data._ZN3vex24__default_motor_velocityE
                0x03805e88        0x4 C:\Program Files (x86)\VEX Robotics\VEXcode Pro V5\sdk/vexv5\libv5rt.a(vex_motor.cpp.obj)
                0x03805e88                vex::__default_motor_velocity
 *fill*         0x03805e8c        0x4 
 .data.impure_data
                0x03805e90      0x428 C:\Program Files (x86)\VEX Robotics\VEXcode Pro V5\sdk/vexv5/gcc/libs\libc.a(lib_a-impure.o)
 .data._impure_ptr
                0x038062b8        0x4 C:\Program Files (x86)\VEX Robotics\VEXcode Pro V5\sdk/vexv5/gcc/libs\libc.a(lib_a-impure.o)
                0x038062b8                _impure_ptr
 *(.gnu.linkonce.d.*)
 *(.jcr)
 *(.got)
 *(.got.plt)
                0x038062bc                __data_end = .

.igot.plt       0x038062bc        0x0
 .igot.plt      0x00000000        0x0 build/src/util.o

.data1          0x038062bc        0x0
                0x038062bc                __data1_start = .
 *(.data1)
 *(.data1.*)
                0x038062bc                __data1_end = .

.got
 *(.got)

.ctors          0x038062bc        0x0
                0x038062bc                __CTOR_LIST__ = .
                0x038062bc                ___CTORS_LIST___ = .
 *crtbegin.o(.ctors)
 *(EXCLUDE_FILE(*crtend.o) .ctors)
 *(SORT(.ctors.*))
 *(.ctors)
                0x038062bc                __CTOR_END__ = .
                0x038062bc                ___CTORS_END___ = .

.dtors          0x038062bc        0x0
                0x038062bc                __DTOR_LIST__ = .
                0x038062bc                ___DTORS_LIST___ = .
 *crtbegin.o(.dtors)
 *(EXCLUDE_FILE(*crtend.o) .dtors)
 *(SORT(.dtors.*))
 *(.dtors)
                0x038062bc                __DTOR_END__ = .
                0x038062bc                ___DTORS_END___ = .

.fixup          0x038062bc        0x0
                0x038062bc                __fixup_start = .
 *(.fixup)
                0x038062bc                __fixup_end = .

.eh_frame
 *(.eh_frame)

.eh_framehdr    0x038062bc        0x0
                0x038062bc                __eh_framehdr_start = .
 *(.eh_framehdr)
                0x038062bc                __eh_framehdr_end = .

.gcc_except_table
 *(.gcc_except_table)

.mmu_tbl        0x03808000        0x0
                0x03808000                __mmu_tbl_start = .
 *(.mmu_tbl)
                0x03808000                __mmu_tbl_end = .

.ARM.exidx      0x038062bc        0x8
                0x038062bc                __exidx_start = .
 *(.ARM.exidx*)
 .ARM.exidx.text._Z4spinPN3vex5motorEdNS_9brakeTypeE
                0x038062bc        0x8 build/src/util.o
 .ARM.exidx.text._Z2aedd
                0x038062c4        0x0 build/src/util.o
                                  0x8 (size before relaxing)
 .ARM.exidx.text._Z9is_skillsv
                0x038062c4        0x0 build/src/util.o
                                  0x8 (size before relaxing)
 .ARM.exidx.text._Z5clampddd
                0x038062c4        0x0 build/src/util.o
                                  0x8 (size before relaxing)
 .ARM.exidx.text._Z10ithresholddd
                0x038062c4        0x0 build/src/util.o
                                  0x8 (size before relaxing)
 .ARM.exidx.text._Z2sqd
                0x038062c4        0x0 build/src/util.o
                                  0x8 (size before relaxing)
 .ARM.exidx.text._Z3sgnd
                0x038062c4        0x0 build/src/util.o
                                  0x8 (size before relaxing)
 .ARM.exidx.text._Z5autonv
                0x038062c4        0x0 build/src/main.o
                                  0x8 (size before relaxing)
 .ARM.exidx.text._Z11usercontrolv
                0x038062c4        0x0 build/src/main.o
                                  0x8 (size before relaxing)
 .ARM.exidx.text.main
                0x038062c4        0x0 build/src/main.o
                                  0x8 (size before relaxing)
 .ARM.exidx.text._GLOBAL__sub_I_main.cpp
                0x038062c4        0x0 build/src/main.o
                                  0x8 (size before relaxing)
 .ARM.exidx.text._ZN8Kalman1DC2Edddd
                0x038062c4        0x0 build/src/kalman.o
                                  0x8 (size before relaxing)
 .ARM.exidx.text._ZN8Kalman1D6updateEd
                0x038062c4        0x0 build/src/kalman.o
                                  0x8 (size before relaxing)
 .ARM.exidx.text._GLOBAL__sub_I_odom_chassis.cpp
                0x038062c4        0x0 build/src/odom-chassis.o
                                  0x8 (size before relaxing)
 .ARM.exidx.text._Z10initializev
                0x038062c4        0x0 build/src/chasis.o
                                  0x8 (size before relaxing)
 .ARM.exidx.text._Z12get_rotationv
                0x038062c4        0x0 build/src/chasis.o
                                  0x8 (size before relaxing)
 .ARM.exidx.text._Z15brake_uncheckedv
                0x038062c4        0x0 build/src/chasis.o
                                  0x8 (size before relaxing)
 .ARM.exidx.text._Z7getDistv
                0x038062c4        0x0 build/src/chasis.o
                                  0x8 (size before relaxing)
 .ARM.exidx.text._Z22turn_absolute_inertiald
                0x038062c4        0x0 build/src/chasis.o
                                  0x8 (size before relaxing)
 .ARM.exidx.text._Z7moveRotff
                0x038062c4        0x0 build/src/chasis.o
                                  0x8 (size before relaxing)
 .ARM.exidx.text._Z14inertial_drivedd
                0x038062c4        0x0 build/src/chasis.o
                                  0x8 (size before relaxing)
 .ARM.exidx.text._Z14allBaseVoltagebd
                0x038062c4        0x0 build/src/chasis.o
                                  0x8 (size before relaxing)
 .ARM.exidx.text._ZZ10initializevEN3$_08__invokeEv
                0x038062c4        0x0 build/src/chasis.o
                                  0x8 (size before relaxing)
 .ARM.exidx.text._ZZ10initializevENK3$_0clEv
                0x038062c4        0x0 build/src/chasis.o
                                  0x8 (size before relaxing)
 .ARM.exidx.text._GLOBAL__sub_I_chasis.cpp
                0x038062c4        0x0 build/src/chasis.o
                                  0x8 (size before relaxing)
 .ARM.exidx.text._Z11vexcodeInitv
                0x038062c4        0x0 build/src/robot-config.o
                                  0x8 (size before relaxing)
 .ARM.exidx.text._GLOBAL__sub_I_robot_config.cpp
                0x038062c4        0x0 build/src/robot-config.o
                                  0x8 (size before relaxing)
 .ARM.exidx.text._Z10spinIntakev
                0x038062c4        0x0 build/src/control.o
                                  0x8 (size before relaxing)
 .ARM.exidx.text._Z9spinIndexv
                0x038062c4        0x0 build/src/control.o
                                  0x8 (size before relaxing)
 .ARM.exidx.text._Z10stopIntakev
                0x038062c4        0x0 build/src/control.o
                                  0x8 (size before relaxing)
 .ARM.exidx.text._Z10AutoRollerSs
                0x038062c4        0x0 build/src/control.o
                                  0x8 (size before relaxing)
 .ARM.exidx.text._Z8timeCtrlSsf
                0x038062c4        0x0 build/src/control.o
                                  0x8 (size before relaxing)
 .ARM.exidx.text._Z13FwVelocitySetif
                0x038062c4        0x0 build/src/control.o
                                  0x8 (size before relaxing)
 .ARM.exidx.text._Z6volleyif
                0x038062c4        0x0 build/src/control.o
                                  0x8 (size before relaxing)
 .ARM.exidx.text._Z26FwControlUpdateVelocityTbhv
                0x038062c4        0x0 build/src/control.o
                                  0x8 (size before relaxing)
 .ARM.exidx.text._Z13FwControlTaskv
                0x038062c4        0x0 build/src/control.o
                                  0x8 (size before relaxing)
 .ARM.exidx.text.__cxx_global_array_dtor
                0x038062c4        0x0 build/src/buttonSelector.o
                                  0x8 (size before relaxing)
 .ARM.exidx.text._GLOBAL__sub_I_buttonSelector.cpp
                0x038062c4        0x0 build/src/buttonSelector.o
                                  0x8 (size before relaxing)
 *(.gnu.linkonce.armexidix.*.*)
                0x038062c4                __exidx_end = .

.rel.dyn        0x038062c4        0x0
 .rel.iplt      0x00000000        0x0 build/src/util.o

.preinit_array  0x038062c4        0x0
                0x038062c4                __preinit_array_start = .
 *(SORT(.preinit_array.*))
 *(.preinit_array)
                0x038062c4                __preinit_array_end = .

.init_array     0x038062c4       0x18
                0x038062c4                __init_array_start = .
 *(SORT(.init_array.*))
 *(.init_array)
 .init_array    0x038062c4        0x4 build/src/main.o
 .init_array    0x038062c8        0x4 build/src/odom-chassis.o
 .init_array    0x038062cc        0x4 build/src/chasis.o
 .init_array    0x038062d0        0x4 build/src/robot-config.o
 .init_array    0x038062d4        0x4 build/src/buttonSelector.o
 .init_array    0x038062d8        0x4 C:\Program Files (x86)\VEX Robotics\VEXcode Pro V5\sdk/vexv5\libv5rt.a(vex_color.cpp.obj)
                0x038062dc                __init_array_end = .

.fini_array     0x038062dc        0x0
                0x038062dc                __fini_array_start = .
 *(SORT(.fini_array.*))
 *(.fini_array)
                0x038062dc                __fini_array_end = .

.ARM.attributes
                0x038062dc       0x3c
                0x038062dc                __ARM.attributes_start = .
 *(.ARM.attributes)
 .ARM.attributes
                0x038062dc       0x3a build/src/util.o
 .ARM.attributes
                0x03806316       0x3a build/src/main.o
 .ARM.attributes
                0x03806350       0x3a build/src/kalman.o
 .ARM.attributes
                0x0380638a       0x3a build/src/odom-chassis.o
 .ARM.attributes
                0x038063c4       0x3a build/src/odometry.o
 .ARM.attributes
                0x038063fe       0x3a build/src/chasis.o
 .ARM.attributes
                0x03806438       0x3a build/src/robot-config.o
 .ARM.attributes
                0x03806472       0x3a build/src/control.o
 .ARM.attributes
                0x038064ac       0x3a build/src/buttonSelector.o
 .ARM.attributes
                0x038064e6       0x35 C:\Program Files (x86)\VEX Robotics\VEXcode Pro V5\sdk/vexv5\libv5rt.a(v5_startup.c.obj)
 .ARM.attributes
                0x0380651b       0x35 C:\Program Files (x86)\VEX Robotics\VEXcode Pro V5\sdk/vexv5\libv5rt.a(v5_util.c.obj)
 .ARM.attributes
                0x03806550       0x35 C:\Program Files (x86)\VEX Robotics\VEXcode Pro V5\sdk/vexv5\libv5rt.a(v5_apijump.c.obj)
 .ARM.attributes
                0x03806585       0x35 C:\Program Files (x86)\VEX Robotics\VEXcode Pro V5\sdk/vexv5\libv5rt.a(v5_apiversions.c.obj)
 .ARM.attributes
                0x038065ba       0x35 C:\Program Files (x86)\VEX Robotics\VEXcode Pro V5\sdk/vexv5\libv5rt.a(vex_global.cpp.obj)
 .ARM.attributes
                0x038065ef       0x35 C:\Program Files (x86)\VEX Robotics\VEXcode Pro V5\sdk/vexv5\libv5rt.a(vex_motor.cpp.obj)
 .ARM.attributes
                0x03806624       0x35 C:\Program Files (x86)\VEX Robotics\VEXcode Pro V5\sdk/vexv5\libv5rt.a(vex_imu.cpp.obj)
 .ARM.attributes
                0x03806659       0x35 C:\Program Files (x86)\VEX Robotics\VEXcode Pro V5\sdk/vexv5\libv5rt.a(vex_rotation.cpp.obj)
 .ARM.attributes
                0x0380668e       0x35 C:\Program Files (x86)\VEX Robotics\VEXcode Pro V5\sdk/vexv5\libv5rt.a(vex_optical.cpp.obj)
 .ARM.attributes
                0x038066c3       0x35 C:\Program Files (x86)\VEX Robotics\VEXcode Pro V5\sdk/vexv5\libv5rt.a(vex_controller.cpp.obj)
 .ARM.attributes
                0x038066f8       0x35 C:\Program Files (x86)\VEX Robotics\VEXcode Pro V5\sdk/vexv5\libv5rt.a(vex_task.cpp.obj)
 .ARM.attributes
                0x0380672d       0x35 C:\Program Files (x86)\VEX Robotics\VEXcode Pro V5\sdk/vexv5\libv5rt.a(vex_thread.cpp.obj)
 .ARM.attributes